Component: ARM Compiler 5.06 update 6 (build 750) Tool: armlink [4d35ed]

==============================================================================

Section Cross References

    startup_stm32f407xx.o(STACK) refers (Special) to heapauxi.o(.text) for __use_two_region_memory
    startup_stm32f407xx.o(HEAP) refers (Special) to heapauxi.o(.text) for __use_two_region_memory
    startup_stm32f407xx.o(RESET) refers (Special) to heapauxi.o(.text) for __use_two_region_memory
    startup_stm32f407xx.o(RESET) refers to startup_stm32f407xx.o(STACK) for __initial_sp
    startup_stm32f407xx.o(RESET) refers to startup_stm32f407xx.o(.text) for Reset_Handler
    startup_stm32f407xx.o(RESET) refers to stm32f4xx_it.o(i.NMI_Handler) for NMI_Handler
    startup_stm32f407xx.o(RESET) refers to stm32f4xx_it.o(i.HardFault_Handler) for HardFault_Handler
    startup_stm32f407xx.o(RESET) refers to stm32f4xx_it.o(i.MemManage_Handler) for MemManage_Handler
    startup_stm32f407xx.o(RESET) refers to stm32f4xx_it.o(i.BusFault_Handler) for BusFault_Handler
    startup_stm32f407xx.o(RESET) refers to stm32f4xx_it.o(i.UsageFault_Handler) for UsageFault_Handler
    startup_stm32f407xx.o(RESET) refers to stm32f4xx_it.o(i.SVC_Handler) for SVC_Handler
    startup_stm32f407xx.o(RESET) refers to stm32f4xx_it.o(i.DebugMon_Handler) for DebugMon_Handler
    startup_stm32f407xx.o(RESET) refers to stm32f4xx_it.o(i.PendSV_Handler) for PendSV_Handler
    startup_stm32f407xx.o(RESET) refers to stm32f4xx_it.o(i.SysTick_Handler) for SysTick_Handler
    startup_stm32f407xx.o(RESET) refers to stm32f4xx_it.o(i.RCC_IRQHandler) for RCC_IRQHandler
    startup_stm32f407xx.o(RESET) refers to stm32f4xx_it.o(i.EXTI0_IRQHandler) for EXTI0_IRQHandler
    startup_stm32f407xx.o(RESET) refers to stm32f4xx_it.o(i.EXTI4_IRQHandler) for EXTI4_IRQHandler
    startup_stm32f407xx.o(RESET) refers to stm32f4xx_it.o(i.CAN1_TX_IRQHandler) for CAN1_TX_IRQHandler
    startup_stm32f407xx.o(RESET) refers to stm32f4xx_it.o(i.CAN1_RX0_IRQHandler) for CAN1_RX0_IRQHandler
    startup_stm32f407xx.o(RESET) refers to stm32f4xx_it.o(i.EXTI9_5_IRQHandler) for EXTI9_5_IRQHandler
    startup_stm32f407xx.o(RESET) refers to stm32f4xx_it.o(i.TIM1_UP_TIM10_IRQHandler) for TIM1_UP_TIM10_IRQHandler
    startup_stm32f407xx.o(RESET) refers to stm32f4xx_it.o(i.TIM2_IRQHandler) for TIM2_IRQHandler
    startup_stm32f407xx.o(RESET) refers to stm32f4xx_it.o(i.SPI1_IRQHandler) for SPI1_IRQHandler
    startup_stm32f407xx.o(RESET) refers to stm32f4xx_it.o(i.USART1_IRQHandler) for USART1_IRQHandler
    startup_stm32f407xx.o(RESET) refers to stm32f4xx_it.o(i.DMA2_Stream0_IRQHandler) for DMA2_Stream0_IRQHandler
    startup_stm32f407xx.o(RESET) refers to stm32f4xx_it.o(i.DMA2_Stream2_IRQHandler) for DMA2_Stream2_IRQHandler
    startup_stm32f407xx.o(RESET) refers to stm32f4xx_it.o(i.DMA2_Stream3_IRQHandler) for DMA2_Stream3_IRQHandler
    startup_stm32f407xx.o(RESET) refers to stm32f4xx_it.o(i.CAN2_TX_IRQHandler) for CAN2_TX_IRQHandler
    startup_stm32f407xx.o(RESET) refers to stm32f4xx_it.o(i.CAN2_RX0_IRQHandler) for CAN2_RX0_IRQHandler
    startup_stm32f407xx.o(RESET) refers to stm32f4xx_it.o(i.DMA2_Stream7_IRQHandler) for DMA2_Stream7_IRQHandler
    startup_stm32f407xx.o(.text) refers (Special) to heapauxi.o(.text) for __use_two_region_memory
    startup_stm32f407xx.o(.text) refers to system_stm32f4xx.o(i.SystemInit) for SystemInit
    startup_stm32f407xx.o(.text) refers to __main.o(!!!main) for __main
    startup_stm32f407xx.o(.text) refers to startup_stm32f407xx.o(HEAP) for Heap_Mem
    startup_stm32f407xx.o(.text) refers to startup_stm32f407xx.o(STACK) for Stack_Mem
    main.o(i._Z18SystemClock_Configv) refers to rt_memclr_w.o(.text) for __aeabi_memclr4
    main.o(i._Z18SystemClock_Configv) refers to stm32f4xx_hal_rcc.o(i.HAL_RCC_OscConfig) for HAL_RCC_OscConfig
    main.o(i._Z18SystemClock_Configv) refers to main.o(i.Error_Handler) for Error_Handler
    main.o(i._Z18SystemClock_Configv) refers to stm32f4xx_hal_rcc.o(i.HAL_RCC_ClockConfig) for HAL_RCC_ClockConfig
    main.o(i.main) refers to stm32f4xx_hal.o(i.HAL_Init) for HAL_Init
    main.o(i.main) refers to main.o(i._Z18SystemClock_Configv) for SystemClock_Config()
    main.o(i.main) refers to gpio.o(i.MX_GPIO_Init) for MX_GPIO_Init
    main.o(i.main) refers to dma.o(i.MX_DMA_Init) for MX_DMA_Init
    main.o(i.main) refers to can.o(i.MX_CAN1_Init) for MX_CAN1_Init
    main.o(i.main) refers to can.o(i.MX_CAN2_Init) for MX_CAN2_Init
    main.o(i.main) refers to spi.o(i.MX_SPI1_Init) for MX_SPI1_Init
    main.o(i.main) refers to tim.o(i.MX_TIM2_Init) for MX_TIM2_Init
    main.o(i.main) refers to tim.o(i.MX_TIM10_Init) for MX_TIM10_Init
    main.o(i.main) refers to usart.o(i.MX_USART1_UART_Init) for MX_USART1_UART_Init
    main.o(i.main) refers to bmi088.o(i.cali_param_init) for cali_param_init
    main.o(i.main) refers to stm32f4xx_hal.o(i.HAL_Delay) for HAL_Delay
    main.o(i.main) refers to bmi088.o(i.BMI088_init) for BMI088_init
[...]
    HAL_TIM_PWM_MspInit                      0x08004355   Thumb Code     2  stm32f4xx_hal_tim.o(i.HAL_TIM_PWM_MspInit)
    HAL_TIM_PWM_PulseFinishedCallback        0x08004357   Thumb Code     2  stm32f4xx_hal_tim.o(i.HAL_TIM_PWM_PulseFinishedCallback)
    HAL_TIM_PWM_PulseFinishedHalfCpltCallback 0x08004359   Thumb Code     2  stm32f4xx_hal_tim.o(i.HAL_TIM_PWM_PulseFinishedHalfCpltCallback)
    HAL_TIM_PWM_Start                        0x0800435d   Thumb Code   238  stm32f4xx_hal_tim.o(i.HAL_TIM_PWM_Start)
    HAL_TIM_PeriodElapsedCallback            0x08004469   Thumb Code     2  stm32f4xx_hal_tim.o(i.HAL_TIM_PeriodElapsedCallback)
    HAL_TIM_PeriodElapsedHalfCpltCallback    0x0800446b   Thumb Code     2  stm32f4xx_hal_tim.o(i.HAL_TIM_PeriodElapsedHalfCpltCallback)
    HAL_TIM_RegisterCallback                 0x0800446d   Thumb Code   292  stm32f4xx_hal_tim.o(i.HAL_TIM_RegisterCallback)
    HAL_TIM_TriggerCallback                  0x08004591   Thumb Code     2  stm32f4xx_hal_tim.o(i.HAL_TIM_TriggerCallback)
    HAL_TIM_TriggerHalfCpltCallback          0x08004593   Thumb Code     2  stm32f4xx_hal_tim.o(i.HAL_TIM_TriggerHalfCpltCallback)
    HAL_UARTEx_ReceiveToIdle_DMA             0x08004595   Thumb Code   112  stm32f4xx_hal_uart.o(i.HAL_UARTEx_ReceiveToIdle_DMA)
    HAL_UARTEx_RxEventCallback               0x08004605   Thumb Code     2  stm32f4xx_hal_uart.o(i.HAL_UARTEx_RxEventCallback)
    HAL_UART_AbortCpltCallback               0x08004607   Thumb Code     2  stm32f4xx_hal_uart.o(i.HAL_UART_AbortCpltCallback)
    HAL_UART_AbortReceiveCpltCallback        0x08004609   Thumb Code     2  stm32f4xx_hal_uart.o(i.HAL_UART_AbortReceiveCpltCallback)
    HAL_UART_AbortTransmitCpltCallback       0x0800460b   Thumb Code     2  stm32f4xx_hal_uart.o(i.HAL_UART_AbortTransmitCpltCallback)
    HAL_UART_ErrorCallback                   0x0800460d   Thumb Code    46  ifr_usart.o(i.HAL_UART_ErrorCallback)
    HAL_UART_GetState                        0x08004645   Thumb Code    20  stm32f4xx_hal_uart.o(i.HAL_UART_GetState)
    HAL_UART_IRQHandler                      0x08004659   Thumb Code   772  stm32f4xx_hal_uart.o(i.HAL_UART_IRQHandler)
    HAL_UART_Init                            0x08004961   Thumb Code   132  stm32f4xx_hal_uart.o(i.HAL_UART_Init)
    HAL_UART_MspDeInit                       0x080049e9   Thumb Code    62  usart.o(i.HAL_UART_MspDeInit)
    HAL_UART_MspInit                         0x08004a39   Thumb Code   322  usart.o(i.HAL_UART_MspInit)
    HAL_UART_RegisterCallback                0x08004b99   Thumb Code   156  stm32f4xx_hal_uart.o(i.HAL_UART_RegisterCallback)
    HAL_UART_RegisterRxEventCallback         0x08004c35   Thumb Code    76  stm32f4xx_hal_uart.o(i.HAL_UART_RegisterRxEventCallback)
    HAL_UART_RxCpltCallback                  0x08004c81   Thumb Code     2  stm32f4xx_hal_uart.o(i.HAL_UART_RxCpltCallback)
    HAL_UART_RxHalfCpltCallback              0x08004c83   Thumb Code     2  stm32f4xx_hal_uart.o(i.HAL_UART_RxHalfCpltCallback)
    HAL_UART_Transmit_DMA                    0x08004c85   Thumb Code   144  stm32f4xx_hal_uart.o(i.HAL_UART_Transmit_DMA)
    HAL_UART_TxCpltCallback                  0x08004d21   Thumb Code     2  stm32f4xx_hal_uart.o(i.HAL_UART_TxCpltCallback)
    HAL_UART_TxHalfCpltCallback              0x08004d23   Thumb Code     2  stm32f4xx_hal_uart.o(i.HAL_UART_TxHalfCpltCallback)
    HardFault_Handler                        0x08004d25   Thumb Code     4  stm32f4xx_it.o(i.HardFault_Handler)
    INS_cali_gyro                            0x08004d29   Thumb Code   110  bmi088.o(i.INS_cali_gyro)
    INS_set_cali_gyro                        0x08004da5   Thumb Code    62  bmi088.o(i.INS_set_cali_gyro)
    MX_CAN1_Init                             0x08004ded   Thumb Code    64  can.o(i.MX_CAN1_Init)
    MX_CAN2_Init                             0x08004e35   Thumb Code    64  can.o(i.MX_CAN2_Init)
    MX_DMA_Init                              0x08004e7d   Thumb Code   100  dma.o(i.MX_DMA_Init)
    MX_GPIO_Init                             0x08004ee5   Thumb Code   382  gpio.o(i.MX_GPIO_Init)
    MX_SPI1_Init                             0x08005079   Thumb Code    60  spi.o(i.MX_SPI1_Init)
    MX_TIM10_Init                            0x080050bd   Thumb Code   100  tim.o(i.MX_TIM10_Init)
    MX_TIM2_Init                             0x08005129   Thumb Code   102  tim.o(i.MX_TIM2_Init)
    MX_USART1_UART_Init                      0x08005195   Thumb Code    46  usart.o(i.MX_USART1_UART_Init)
    MahonyAHRSupdateIMU                      0x080051cd   Thumb Code   786  bmi088.o(i.MahonyAHRSupdateIMU)
    MemManage_Handler                        0x080054f9   Thumb Code     4  stm32f4xx_it.o(i.MemManage_Handler)
    NMI_Handler                              0x080054fd   Thumb Code     4  stm32f4xx_it.o(i.NMI_Handler)
    PendSV_Handler                           0x08005501   Thumb Code     2  stm32f4xx_it.o(i.PendSV_Handler)
    RCC_IRQHandler                           0x08005503   Thumb Code     2  stm32f4xx_it.o(i.RCC_IRQHandler)
    SPI1_IRQHandler                          0x08005505   Thumb Code    10  stm32f4xx_it.o(i.SPI1_IRQHandler)
    SVC_Handler                              0x08005845   Thumb Code     2  stm32f4xx_it.o(i.SVC_Handler)
    SysTick_Handler                          0x08005847   Thumb Code     8  stm32f4xx_it.o(i.SysTick_Handler)
    SystemInit                               0x08005851   Thumb Code    14  system_stm32f4xx.o(i.SystemInit)
    TIM1_UP_TIM10_IRQHandler                 0x08005865   Thumb Code    10  stm32f4xx_it.o(i.TIM1_UP_TIM10_IRQHandler)
    TIM2_IRQHandler                          0x08005875   Thumb Code    10  stm32f4xx_it.o(i.TIM2_IRQHandler)
    TIM_Base_SetConfig                       0x08005885   Thumb Code   178  stm32f4xx_hal_tim.o(i.TIM_Base_SetConfig)
    TIM_CCxChannelCmd                        0x08005965   Thumb Code    34  stm32f4xx_hal_tim.o(i.TIM_CCxChannelCmd)
    TIM_ETR_SetConfig                        0x08005987   Thumb Code    22  stm32f4xx_hal_tim.o(i.TIM_ETR_SetConfig)
    TIM_OC2_SetConfig                        0x08005a21   Thumb Code   114  stm32f4xx_hal_tim.o(i.TIM_OC2_SetConfig)
    TIM_ResetCallback                        0x08005b69   Thumb Code    58  stm32f4xx_hal_tim.o(i.TIM_ResetCallback)
    UART_InitCallbacksToDefault              0x08005e79   Thumb Code    38  stm32f4xx_hal_uart.o(i.UART_InitCallbacksToDefault)
    UART_Start_Receive_DMA                   0x080061ed   Thumb Code   202  stm32f4xx_hal_uart.o(i.UART_Start_Receive_DMA)
    USART1_IRQHandler                        0x08006325   Thumb Code    10  stm32f4xx_it.o(i.USART1_IRQHandler)
    UsageFault_Handler                       0x08006335   Thumb Code     4  stm32f4xx_it.o(i.UsageFault_Handler)
    flash_read(unsigned, unsigned*, unsigned) 0x08006339   Thumb Code    20  bmi088.o(i._Z10flash_readjPjj)
    Chassis_Init()                           0x0800634d   Thumb Code   160  chassis_output.o(i._Z12Chassis_Initv)
    Byte_to_float(const unsigned char*)      0x08006435   Thumb Code    32  ifr_robstride.o(i._Z13Byte_to_floatPKh)
    TIM2_Callback()                          0x08006455   Thumb Code   200  chassis_output.o(i._Z13TIM2_Callbackv)
    float_to_uint(float, float, float, int)  0x08006541   Thumb Code    80  ifr_robstride.o(i._Z13float_to_uintfffi)
    uint16_to_float(unsigned short, float, float, int) 0x08006ac9   Thumb Code    48  ifr_robstride.o(i._Z15uint16_to_floattffi)
    chassis_PID_init()                       0x08006af9   Thumb Code   124  chassis_controller.o(i._Z16chassis_PID_initv)
    GyroAngle_Analysis()                     0x08006c71   Thumb Code   778  bmi088.o(i._Z18GyroAngle_Analysisv)
    SystemClock_Config()                     0x08006fc9   Thumb Code   166  main.o(i._Z18SystemClock_Configv)
    Upper_Computer_Init(float*)              0x08007079   Thumb Code    28  vofa_justfloat_transmit.o(i._Z19Upper_Computer_InitPf)
    IFR_UART_Rx_Callback(__UART_HandleTypeDef*, unsigned short) 0x080070c5   Thumb Code    36  ifr_usart.o(i._Z20IFR_UART_Rx_CallbackP20__UART_HandleTypeDeft)
    IFR_UART_Tx_Callback(__UART_HandleTypeDef*) 0x080070ed   Thumb Code    32  ifr_usart.o(i._Z20IFR_UART_Tx_CallbackP20__UART_HandleTypeDef)
    Upper_Computer_Show_Wave()               0x0800713d   Thumb Code   146  vofa_justfloat_transmit.o(i._Z24Upper_Computer_Show_Wavev)
    IFR_CAN_Recevice_Callback(__CAN_HandleTypeDef*) 0x080071fd   Thumb Code    38  ifr_can.o(i._Z25IFR_CAN_Recevice_CallbackP19__CAN_HandleTypeDef)
    IFR_CAN_Transmit_Callback(__CAN_HandleTypeDef*) 0x08007229   Thumb Code    38  ifr_can.o(i._Z25IFR_CAN_Transmit_CallbackP19__CAN_HandleTypeDef)
    IFR_TIM_Overflow_Callback(__TIM_HandleTypeDef*) 0x08007255   Thumb Code    26  ifr_tim.o(i._Z25IFR_TIM_Overflow_CallbackP19__TIM_HandleTypeDef)
    trans(float)                             0x08007309   Thumb Code    44  chassis_output.o(i._Z5transf)
    Update(Single_Leg_Typedef*)              0x0800733d   Thumb Code   918  chassis_output.o(i._Z6UpdateP18Single_Leg_Typedef)
    VOFA_Init(__UART_HandleTypeDef*)         0x08007745   Thumb Code    28  vofa_justfloat_transmit.o(i._Z9VOFA_InitP20__UART_HandleTypeDef)
    get_angle(float*, float*, float*, float*) 0x0800776d   Thumb Code   244  bmi088.o(i._Z9get_anglePfS_S_S_)
    RingBuffer::get_bytes(unsigned char*, unsigned char) 0x08007865   Thumb Code    78  ifr_usart.o(i._ZN10RingBuffer9get_bytesEPhh)
    RingBuffer::put_bytes(const unsigned char*, unsigned char) 0x080078b3   Thumb Code    76  ifr_usart.o(i._ZN10RingBuffer9put_bytesEPKhh)
    CanMsgQueue::enqueue(const CanMsg&)      0x080078ff   Thumb Code   186  ifr_can.o(i._ZN11CanMsgQueue7enqueueERK6CanMsg)
    CanMsgQueue::CanMsgQueue()               0x080079b9   Thumb Code    16  chassis_output.o(i._ZN11CanMsgQueueC1Ev)
    CanMsgQueue::CanMsgQueue__sub_object()   0x080079b9   Thumb Code     0  chassis_output.o(i._ZN11CanMsgQueueC1Ev)
    IFR_RS_Motor::Motor_Init(unsigned char, RS_Motor_type, CanMsgQueue*) 0x080079c9   Thumb Code   440  ifr_robstride.o(i._ZN12IFR_RS_Motor10Motor_InitEh13RS_Motor_typeP11CanMsgQueue)
    IFR_RS_Motor::set_torque(float)          0x08007bcd   Thumb Code   126  ifr_robstride.o(i._ZN12IFR_RS_Motor10set_torqueEf)
    IFR_RS_Motor::set_zero_pos()             0x08007c4b   Thumb Code    60  ifr_robstride.o(i._ZN12IFR_RS_Motor12set_zero_posEv)
    IFR_RS_Motor::parse_can_msg(const CanMsg&) 0x08007c89   Thumb Code   770  ifr_robstride.o(i._ZN12IFR_RS_Motor13parse_can_msgERK6CanMsg)
    IFR_RS_Motor::generate_can_msg(CanMsg&)  0x08007fa1   Thumb Code    46  ifr_robstride.o(i._ZN12IFR_RS_Motor16generate_can_msgER6CanMsg)
    IFR_RS_Motor::Enable()                   0x08007fcf   Thumb Code    40  ifr_robstride.o(i._ZN12IFR_RS_Motor6EnableEv)
    IFR_RS_Motor::Disable(unsigned char)     0x08007ff7   Thumb Code    46  ifr_robstride.o(i._ZN12IFR_RS_Motor7DisableEh)
    IFR_RS_Motor::IFR_RS_Motor(unsigned char, RS_Motor_type, CanMsgQueue*) 0x08008025   Thumb Code    42  ifr_robstride.o(i._ZN12IFR_RS_MotorC1Eh13RS_Motor_typeP11CanMsgQueue)
    IFR_RS_Motor::IFR_RS_Motor__sub_object(unsigned char, RS_Motor_type, CanMsgQueue*) 0x08008025   Thumb Code     0  ifr_robstride.o(i._ZN12IFR_RS_MotorC1Eh13RS_Motor_typeP11CanMsgQueue)
    IFR_RS_Motor::~IFR_RS_Motor()            0x08008055   Thumb Code     4  ifr_robstride.o(i._ZN12IFR_RS_MotorD1Ev)
    IFR_RS_Motor::~IFR_RS_Motor__sub_object() 0x08008055   Thumb Code     0  ifr_robstride.o(i._ZN12IFR_RS_MotorD1Ev)
    IFR_DJI_Motor::motor_init(unsigned short, DJI_Motor_Type, CanMsgQueue*) 0x08008059   Thumb Code    68  ifr_motor.o(i._ZN13IFR_DJI_Motor10motor_initEt14DJI_Motor_TypeP11CanMsgQueue)
    IFR_DJI_Motor::set_electric(float)       0x080080ad   Thumb Code   264  ifr_motor.o(i._ZN13IFR_DJI_Motor12set_electricEf)
    IFR_DJI_Motor::parse_can_msg(const CanMsg&) 0x080081b5   Thumb Code   322  ifr_motor.o(i._ZN13IFR_DJI_Motor13parse_can_msgERK6CanMsg)
    IFR_DJI_Motor::generate_can_msg(CanMsg&) 0x08008311   Thumb Code    46  ifr_motor.o(i._ZN13IFR_DJI_Motor16generate_can_msgER6CanMsg)
    IFR_DJI_Motor::set_electric_offset(float) 0x0800833f   Thumb Code    64  ifr_motor.o(i._ZN13IFR_DJI_Motor19set_electric_offsetEf)
    IFR_DJI_Motor::IFR_DJI_Motor(unsigned short, DJI_Motor_Type, CanMsgQueue*) 0x08008381   Thumb Code    42  ifr_motor.o(i._ZN13IFR_DJI_MotorC1Et14DJI_Motor_TypeP11CanMsgQueue)
    IFR_DJI_Motor::IFR_DJI_Motor__sub_object(unsigned short, DJI_Motor_Type, CanMsgQueue*) 0x08008381   Thumb Code     0  ifr_motor.o(i._ZN13IFR_DJI_MotorC1Et14DJI_Motor_TypeP11CanMsgQueue)
    IFR_DJI_Motor::~IFR_DJI_Motor()          0x080083b1   Thumb Code     4  ifr_motor.o(i._ZN13IFR_DJI_MotorD1Ev)
    IFR_DJI_Motor::~IFR_DJI_Motor__sub_object() 0x080083b1   Thumb Code     0  ifr_motor.o(i._ZN13IFR_DJI_MotorD1Ev)
    RS_Motor_Prame::set(float, float, float, float, float, float, float, float, float, float) 0x080083b5   Thumb Code    42  ifr_robstride.o(i._ZN14RS_Motor_Prame3setEffffffffff)
    IFR_Basic_Motor::IFR_Basic_Motor__sub_object() 0x080083e1   Thumb Code     6  ifr_dmmotor.o(i._ZN15IFR_Basic_MotorC2Ev)
    IFR_CAN_ClassDef::CAN_Recevice()         0x080083ed   Thumb Code   186  ifr_can.o(i._ZN16IFR_CAN_ClassDef12CAN_ReceviceEv)
    IFR_CAN_ClassDef::RegisterMotor(IFR_Basic_Motor*) 0x080084a7   Thumb Code    72  ifr_can.o(i._ZN16IFR_CAN_ClassDef13RegisterMotorEP15IFR_Basic_Motor)
    IFR_CAN_ClassDef::SendQueuedMsgs()       0x080084ef   Thumb Code   204  ifr_can.o(i._ZN16IFR_CAN_ClassDef14SendQueuedMsgsEv)
    IFR_CAN_ClassDef::_ConfigCANFilter()     0x080085bd   Thumb Code    76  ifr_can.o(i._ZN16IFR_CAN_ClassDef16_ConfigCANFilterEv)
    IFR_CAN_ClassDef::CAN_Init(__CAN_HandleTypeDef*, CanMsgQueue*) 0x0800860d   Thumb Code   112  ifr_can.o(i._ZN16IFR_CAN_ClassDef8CAN_InitEP19__CAN_HandleTypeDefP11CanMsgQueue)
    IFR_CAN_ClassDef::IFR_CAN_ClassDef()     0x08008689   Thumb Code    34  chassis_output.o(i._ZN16IFR_CAN_ClassDefC1Ev)
    IFR_CAN_ClassDef::IFR_CAN_ClassDef__sub_object() 0x08008689   Thumb Code     0  chassis_output.o(i._ZN16IFR_CAN_ClassDefC1Ev)
    IFR_CAN_ClassDef::~IFR_CAN_ClassDef()    0x080086ab   Thumb Code     2  chassis_output.o(i._ZN16IFR_CAN_ClassDefD1Ev)
    IFR_CAN_ClassDef::~IFR_CAN_ClassDef__sub_object() 0x080086ab   Thumb Code     0  chassis_output.o(i._ZN16IFR_CAN_ClassDefD1Ev)
    IFR_TIM_ClassDef::TIM_ITStart(__TIM_HandleTypeDef*, void(*)()) 0x080086ad   Thumb Code    40  ifr_tim.o(i._ZN16IFR_TIM_ClassDef11TIM_ITStartEP19__TIM_HandleTypeDefPFvvE)
    IFR_TIM_ClassDef::TaskFunction_Call()    0x080086dd   Thumb Code    14  ifr_tim.o(i._ZN16IFR_TIM_ClassDef17TaskFunction_CallEv)
    IFR_USART_ClassDef::Rx_Process(unsigned short) 0x080086eb   Thumb Code    76  ifr_usart.o(i._ZN18IFR_USART_ClassDef10Rx_ProcessEt)
    IFR_USART_ClassDef::TransmitData(unsigned char*, unsigned char) 0x08008737   Thumb Code    28  ifr_usart.o(i._ZN18IFR_USART_ClassDef12TransmitDataEPhh)
    IFR_USART_ClassDef::Start_DMA_Receive()  0x08008753   Thumb Code    38  ifr_usart.o(i._ZN18IFR_USART_ClassDef17Start_DMA_ReceiveEv)
    IFR_USART_ClassDef::Transmit_Tx_Queue()  0x08008779   Thumb Code   180  ifr_usart.o(i._ZN18IFR_USART_ClassDef17Transmit_Tx_QueueEv)
    IFR_USART_ClassDef::Init(__UART_HandleTypeDef*, void(*)(unsigned char*, unsigned char)) 0x08008831   Thumb Code    58  ifr_usart.o(i._ZN18IFR_USART_ClassDef4InitEP20__UART_HandleTypeDefPFvPhhE)
    IFR_USART_ClassDef::Restart()            0x08008879   Thumb Code    66  ifr_usart.o(i._ZN18IFR_USART_ClassDef7RestartEv)
    Single_Leg_Typedef::L_Control()          0x080088c5   Thumb Code    42  chassis_controller.o(i._ZN18Single_Leg_Typedef9L_ControlEv)
    Single_Leg_Typedef::Single_Leg_Typedef(unsigned char) 0x080088f1   Thumb Code    34  chassis_controller.o(i._ZN18Single_Leg_TypedefC1Eh)
    Single_Leg_Typedef::Single_Leg_Typedef__sub_object(unsigned char) 0x080088f1   Thumb Code     0  chassis_controller.o(i._ZN18Single_Leg_TypedefC1Eh)
    Chassis_Motor_output::Chassis_Motor_Setouttput() 0x08008919   Thumb Code   102  chassis_output.o(i._ZN20Chassis_Motor_output24Chassis_Motor_SetouttputEv)
    Chassis_Motor_output::Chassis_Motor_output() 0x080089a5   Thumb Code     2  chassis_output.o(i._ZN20Chassis_Motor_outputC1Ev)
    Chassis_Motor_output::Chassis_Motor_output__sub_object() 0x080089a5   Thumb Code     0  chassis_output.o(i._ZN20Chassis_Motor_outputC1Ev)
    IFR_PID::Positional_PID(float, float)    0x080089a9   Thumb Code   624  ifr_pid.o(i._ZN7IFR_PID14Positional_PIDEff)
    IFR_PID::Separate_PID_Init(float, float, float) 0x08008c1d   Thumb Code    14  ifr_pid.o(i._ZN7IFR_PID17Separate_PID_InitEfff)
    IFR_PID::Separate_Positional_PID(float, float) 0x08008c2d   Thumb Code   624  ifr_pid.o(i._ZN7IFR_PID23Separate_Positional_PIDEff)
    IFR_PID::PID_Init(float, float, float, float, float, float, float, float, float) 0x08008ea1   Thumb Code    38  ifr_pid.o(i._ZN7IFR_PID8PID_InitEfffffffff)
    LQR_CAL_::LQR_CAL_(Single_Leg_Typedef*)  0x08008ec7   Thumb Code    28  lqr_cal.o(i._ZN8LQR_CAL_C1EP18Single_Leg_Typedef)
    LQR_CAL_::LQR_CAL___sub_object(Single_Leg_Typedef*) 0x08008ec7   Thumb Code     0  lqr_cal.o(i._ZN8LQR_CAL_C1EP18Single_Leg_Typedef)
    VMC_CAL_::Torque_Cal(Tip_output_require*, Output*) 0x08008ee3   Thumb Code    76  vmc_cal.o(i._ZN8VMC_CAL_10Torque_CalEP18Tip_output_requireP6Output)
    VMC_CAL_::Jmat_Update(Angle*, VMC_result*) 0x08008f31   Thumb Code   808  vmc_cal.o(i._ZN8VMC_CAL_11Jmat_UpdateEP5AngleP10VMC_result)
    VMC_CAL_::VMC_CAL_(Single_Leg_Typedef*)  0x08009269   Thumb Code    28  vmc_cal.o(i._ZN8VMC_CAL_C1EP18Single_Leg_Typedef)
    VMC_CAL_::VMC_CAL___sub_object(Single_Leg_Typedef*) 0x08009269   Thumb Code     0  vmc_cal.o(i._ZN8VMC_CAL_C1EP18Single_Leg_Typedef)
    CanMsgQueue::is_full() const             0x08009285   Thumb Code    18  ifr_can.o(i._ZNK11CanMsgQueue7is_fullEv)
    CanMsgQueue::is_empty() const            0x08009297   Thumb Code    16  ifr_can.o(i._ZNK11CanMsgQueue8is_emptyEv)
    GenericQueue::is_empty() const           0x080092a7   Thumb Code    16  ifr_usart.o(i._ZNK12GenericQueue8is_emptyEv)
    std::sqrt(float)                         0x080092b7   Thumb Code    24  vmc_cal.o(i._ZSt4sqrtf)
    __ARM_fpclassifyf                        0x080092cf   Thumb Code    38  fpclassifyf.o(i.__ARM_fpclassifyf)
    __cxa_guard_acquire                      0x0800932d   Thumb Code    16  cxa_guard_acquire.o(i.__cxa_guard_acquire)
    __cxa_pure_virtual                       0x0800933d   Thumb Code     6  pure_virt.o(i.__cxa_pure_virtual)
    __hardfp_asinf                           0x08009345   Thumb Code   258  asinf.o(i.__hardfp_asinf)
    __hardfp_atan2f                          0x08009471   Thumb Code   502  atan2f.o(i.__hardfp_atan2f)
    __hardfp_sinf                            0x080096c1   Thumb Code   344  sinf.o(i.__hardfp_sinf)
    __hardfp_sqrtf                           0x08009851   Thumb Code    58  sqrtf.o(i.__hardfp_sqrtf)
    __mathlib_flt_infnan                     0x0800988b   Thumb Code     6  funder.o(i.__mathlib_flt_infnan)
    __mathlib_flt_infnan2                    0x08009891   Thumb Code     6  funder.o(i.__mathlib_flt_infnan2)
    __mathlib_flt_invalid                    0x08009899   Thumb Code    10  funder.o(i.__mathlib_flt_invalid)
    __mathlib_flt_underflow                  0x080098a9   Thumb Code    10  funder.o(i.__mathlib_flt_underflow)
    __mathlib_rredf2                         0x080098b9   Thumb Code   316  rredf.o(i.__mathlib_rredf2)
    arm_atan2_f32                            0x08009bb1   Thumb Code   744  arm_atan2_f32.o(i.arm_atan2_f32)
    bmi088_accel_init                        0x08009eb1   Thumb Code   180  bmi088.o(i.bmi088_accel_init)
    bmi088_gyro_init                         0x08009f69   Thumb Code   180  bmi088.o(i.bmi088_gyro_init)
    cali_param_init                          0x0800a021   Thumb Code   168  bmi088.o(i.cali_param_init)
    flash_erase_address                      0x0800a0d9   Thumb Code    46  bmi088.o(i.flash_erase_address)
    flash_write_single_address               0x0800a109   Thumb Code   136  bmi088.o(i.flash_write_single_address)
    ger_sector                               0x0800a1a1   Thumb Code   198  bmi088.o(i.ger_sector)
    get_next_flash_address                   0x0800a295   Thumb Code   186  bmi088.o(i.get_next_flash_address)
    gyro_offset_calc                         0x0800a37d   Thumb Code    78  bmi088.o(i.gyro_offset_calc)
    invSqrt                                  0x0800a3d1   Thumb Code    56  bmi088.o(i.invSqrt)
    main                                     0x0800a40d   Thumb Code    78  main.o(i.main)
    sqrtf                                    0x0800a45b   Thumb Code    62  sqrtf.o(i.sqrtf)
    _fp_init                                 0x0800a499   Thumb Code    10  fpinit.o(x$fpl$fpinit)
    __fplib_config_fpu_vfp                   0x0800a4a1   Thumb Code     0  fpinit.o(x$fpl$fpinit)
    __fplib_config_pureend_doubles           0x0800a4a1   Thumb Code     0  fpinit.o(x$fpl$fpinit)
    AHBPrescTable                            0x0800a4a2   Data          16  system_stm32f4xx.o(.constdata)
    __I$use$fp                               0x0800a4a2   Number         0  usenofp.o(x$fpl$usenofp)
    APBPrescTable                            0x0800a4b2   Data           8  system_stm32f4xx.o(.constdata)
    vtable for IFR_RS_Motor                  0x0800a57c   Data          24  ifr_robstride.o(.constdata__ZTV12IFR_RS_Motor)
    vtable for IFR_DJI_Motor                 0x0800a594   Data          24  ifr_motor.o(.constdata__ZTV13IFR_DJI_Motor)
    vtable for IFR_Basic_Motor               0x0800a5ac   Data          24  ifr_dmmotor.o(.constdata__ZTV15IFR_Basic_Motor)
    sinTable_f32                             0x0800a5c4   Data        2052  arm_common_tables.o(.rodata.sinTable_f32)
    Region$$Table$$Base                      0x0800adc8   Number         0  anon$$obj.o(Region$$Table)
    Region$$Table$$Limit                     0x0800ade8   Number         0  anon$$obj.o(Region$$Table)
    SHT$$INIT_ARRAY$$Base                    0x0800ade8   Number         0  chassis_output.o(.init_array)
    SHT$$INIT_ARRAY$$Limit                   0x0800adfc   Number         0  init_aeabi.o(.init_array)
    SystemCoreClock                          0x20000004   Data           4  system_stm32f4xx.o(.data)
    Tim2                                     0x20000008   Data           4  chassis_output.o(.data)
    speed                                    0x2000000c   Data           4  chassis_output.o(.data)
    a                                        0x20000038   Data           4  vofa_justfloat_transmit.o(.data)
    Data_Number                              0x2000003c   Data           1  vofa_justfloat_transmit.o(.data)
    pFlash                                   0x20000040   Data          32  stm32f4xx_hal_flash.o(.data)
    uwTick                                   0x20000060   Data           4  stm32f4xx_hal.o(.data)
    uwTickPrio                               0x20000064   Data           4  stm32f4xx_hal.o(.data)
    uwTickFreq                               0x20000068   Data           1  stm32f4xx_hal.o(.data)
    twoKp                                    0x2000006c   Data           4  bmi088.o(.data)
    twoKi                                    0x20000070   Data           4  bmi088.o(.data)
    integralFBx                              0x20000074   Data           4  bmi088.o(.data)
    integralFBy                              0x20000078   Data           4  bmi088.o(.data)
    integralFBz                              0x2000007c   Data           4  bmi088.o(.data)
    BMI088_ACCEL_SEN                         0x20000080   Data           4  bmi088.o(.data)
    BMI088_GYRO_SEN                          0x20000084   Data           4  bmi088.o(.data)
    Accel_flag                               0x20000088   Data           1  bmi088.o(.data)
    Temperate_flag                           0x20000089   Data           1  bmi088.o(.data)
    Gyro_flag                                0x2000008a   Data           1  bmi088.o(.data)
    gyro_dma_rx_buf                          0x200000c9   Data           8  bmi088.o(.data)
    gyro_dma_tx_buf                          0x200000d1   Data           8  bmi088.o(.data)
    accel_dma_tx_buf                         0x200000d9   Data           9  bmi088.o(.data)
    accel_temp_dma_rx_buf                    0x200000e2   Data           4  bmi088.o(.data)
    accel_temp_dma_tx_buf                    0x200000e6   Data           4  bmi088.o(.data)
    gyro_scale_factor                        0x200000ec   Data          36  bmi088.o(.data)
    accel_scale_factor                       0x20000110   Data          36  bmi088.o(.data)
    SPI_UpdataFlag                           0x20000134   Data           1  bmi088.o(.data)
    INS_quat                                 0x20000138   Data          16  bmi088.o(.data)
    cali_hook_fun                            0x2000014c   Data          16  bmi088.o(.data)
    Debug_Yawnow                             0x2000015c   Data           2  bmi088.o(.data)
    Debug_Pitnow                             0x2000015e   Data           2  bmi088.o(.data)
    Debug_Rolnow                             0x20000160   Data           2  bmi088.o(.data)
    hcan1                                    0x20000178   Data         100  can.o(.bss)
    hcan2                                    0x200001dc   Data         100  can.o(.bss)
    hspi1                                    0x20000240   Data         128  spi.o(.bss)
    hdma_spi1_rx                             0x200002c0   Data          96  spi.o(.bss)
    hdma_spi1_tx                             0x20000320   Data          96  spi.o(.bss)
    htim2                                    0x20000380   Data         180  tim.o(.bss)
    htim10                                   0x20000434   Data         180  tim.o(.bss)
    huart1                                   0x200004e8   Data         120  usart.o(.bss)
    hdma_usart1_rx                           0x20000560   Data          96  usart.o(.bss)
    hdma_usart1_tx                           0x200005c0   Data          96  usart.o(.bss)
    CAN_Pointer                              0x20000620   Data          12  ifr_can.o(.bss)
    TIM_Pointer                              0x2000062c   Data          60  ifr_tim.o(.bss)
    USART_Pointers                           0x20000668   Data          44  ifr_usart.o(.bss)
    UART_Error_Count                         0x20000694   Data          40  ifr_usart.o(.bss)
    Chassis                                  0x200006bc   Data          88  chassis_output.o(.bss)
    Can1_Msg                                 0x20000714   Data         264  chassis_output.o(.bss)
    Can2_Msg                                 0x2000081c   Data         264  chassis_output.o(.bss)
    Can1                                     0x20000924   Data         100  chassis_output.o(.bss)
    Can2                                     0x20000988   Data         100  chassis_output.o(.bss)
    L_motor_Wheel                            0x200009ec   Data          60  chassis_output.o(.bss)
    L_motor_1                                0x20000a28   Data         196  chassis_output.o(.bss)
    L_motor_4                                0x20000aec   Data         196  chassis_output.o(.bss)
    R_motor_Wheel                            0x20000bb0   Data          60  chassis_output.o(.bss)
    R_motor_1                                0x20000bec   Data         196  chassis_output.o(.bss)
    R_motor_4                                0x20000cb0   Data         196  chassis_output.o(.bss)
    usart1                                   0x20000d74   Data         740  vofa_justfloat_transmit.o(.bss)
    UserData                                 0x20001058   Data          40  vofa_justfloat_transmit.o(.bss)
    data_to_send                             0x20001080   Data          44  vofa_justfloat_transmit.o(.bss)
    Left_Leg                                 0x200010ac   Data         204  chassis_controller.o(.bss)
    Right_Leg                                0x20001178   Data         204  chassis_controller.o(.bss)
    Left_VMC                                 0x20001244   Data          60  vmc_cal.o(.bss)
    Right_VMC                                0x20001280   Data          60  vmc_cal.o(.bss)
    Left_LQR                                 0x200012bc   Data         300  lqr_cal.o(.bss)
    Right_LQR                                0x200013e8   Data         300  lqr_cal.o(.bss)
    IMU_Info                                 0x20001514   Data          48  bmi088.o(.bss)
    flash_write_buf                          0x20001568   Data         116  bmi088.o(.bss)
    cali_sensor                              0x200015dc   Data          52  bmi088.o(.bss)
    accel_offset                             0x20001610   Data          12  bmi088.o(.bss)
    accel_cali_offset                        0x2000161c   Data          12  bmi088.o(.bss)
    gyro_cali_offset                         0x20001628   Data          12  bmi088.o(.bss)
    gyro_offset                              0x20001634   Data          12  bmi088.o(.bss)
    bmi088_real_data                         0x20001684   Data          36  bmi088.o(.bss)
    Temp_Pid                                 0x200016a8   Data          80  bmi088.o(.bss)
    accel_dma_rx_buf                         0x200016f8   Data           9  bmi088.o(.bss)
    INS_gyro                                 0x20001704   Data          12  bmi088.o(.bss)
    INS_accel                                0x20001710   Data          12  bmi088.o(.bss)
    __libspace_start                         0x2000171c   Data          96  libspace.o(.bss)
    __temporary_stack_top$libspace           0x2000177c   Data           0  libspace.o(.bss)



==============================================================================

Memory Map of the image

  Image Entry point : 0x08000189

  Load Region LR_IROM1 (Base: 0x08000000, Size: 0x0000af74, Max: 0x00100000, ABSOLUTE, COMPRESSED[0x0000ae74])

    Execution Region ER_IROM1 (Exec base: 0x08000000, Load base: 0x08000000, Size: 0x0000adfc, Max: 0x00100000, ABSOLUTE)

    Exec Addr    Load Addr    Size         Type   Attr      Idx    E Section Name        Object

    0x08000000   0x08000000   0x00000188   Data   RO            3    RESET               startup_stm32f407xx.o
    0x08000188   0x08000188   0x00000008   Code   RO         6328  * !!!main             c_w.l(__main.o)
    0x08000190   0x08000190   0x00000034   Code   RO         6854    !!!scatter          c_w.l(__scatter.o)
    0x080001c4   0x080001c4   0x0000005a   Code   RO         6852    !!dczerorl2         c_w.l(__dczerorl2.o)
    0x0800021e   0x0800021e   0x00000002   PAD
    0x08000220   0x08000220   0x0000001c   Code   RO         6856    !!handler_zi        c_w.l(__scatter_zi.o)
    0x0800023c   0x0800023c   0x00000002   Code   RO         6801    .ARM.Collect$$libinit$$00000000  c_w.l(libinit.o)
    0x0800023e   0x0800023e   0x00000004   Code   RO         6583    .ARM.Collect$$libinit$$00000001  c_w.l(libinit2.o)
    0x08000242   0x08000242   0x00000000   Code   RO         6586    .ARM.Collect$$libinit$$00000004  c_w.l(libinit2.o)
    0x08000242   0x08000242   0x00000008   Code   RO         6587    .ARM.Collect$$libinit$$00000005  c_w.l(libinit2.o)
    0x0800024a   0x0800024a   0x00000000   Code   RO         6589    .ARM.Collect$$libinit$$0000000A  c_w.l(libinit2.o)
    0x0800024a   0x0800024a   0x00000000   Code   RO         6591    .ARM.Collect$$libinit$$0000000C  c_w.l(libinit2.o)
    0x0800024a   0x0800024a   0x00000000   Code   RO         6593    .ARM.Collect$$libinit$$0000000E  c_w.l(libinit2.o)
    0x0800024a   0x0800024a   0x00000000   Code   RO         6596    .ARM.Collect$$libinit$$00000011  c_w.l(libinit2.o)
    0x0800024a   0x0800024a   0x00000000   Code   RO         6598    .ARM.Collect$$libinit$$00000013  c_w.l(libinit2.o)
    0x0800024a   0x0800024a   0x00000000   Code   RO         6600    .ARM.Collect$$libinit$$00000015  c_w.l(libinit2.o)
    0x0800024a   0x0800024a   0x00000000   Code   RO         6602    .ARM.Collect$$libinit$$00000017  c_w.l(libinit2.o)
    0x0800024a   0x0800024a   0x00000000   Code   RO         6604    .ARM.Collect$$libinit$$00000019  c_w.l(libinit2.o)
    0x0800024a   0x0800024a   0x00000000   Code   RO         6606    .ARM.Collect$$libinit$$0000001B  c_w.l(libinit2.o)
    0x0800024a   0x0800024a   0x00000000   Code   RO         6608    .ARM.Collect$$libinit$$0000001D  c_w.l(libinit2.o)
    0x0800024a   0x0800024a   0x00000000   Code   RO         6610    .ARM.Collect$$libinit$$0000001F  c_w.l(libinit2.o)
    0x0800024a   0x0800024a   0x00000000   Code   RO         6612    .ARM.Collect$$libinit$$00000021  c_w.l(libinit2.o)
    0x0800024a   0x0800024a   0x00000000   Code   RO         6614    .ARM.Collect$$libinit$$00000023  c_w.l(libinit2.o)
    0x0800024a   0x0800024a   0x00000000   Code   RO         6616    .ARM.Collect$$libinit$$00000025  c_w.l(libinit2.o)
    0x0800024a   0x0800024a   0x00000000   Code   RO         6620    .ARM.Collect$$libinit$$0000002C  c_w.l(libinit2.o)
    0x0800024a   0x0800024a   0x00000000   Code   RO         6622    .ARM.Collect$$libinit$$0000002E  c_w.l(libinit2.o)
    0x0800024a   0x0800024a   0x00000000   Code   RO         6624    .ARM.Collect$$libinit$$00000030  c_w.l(libinit2.o)
    0x0800024a   0x0800024a   0x00000004   Code   RO         6625    .ARM.Collect$$libinit$$00000031  c_w.l(libinit2.o)
    0x0800024e   0x0800024e   0x00000000   Code   RO         6626    .ARM.Collect$$libinit$$00000032  c_w.l(libinit2.o)
    0x0800024e   0x0800024e   0x00000002   Code   RO         6627    .ARM.Collect$$libinit$$00000033  c_w.l(libinit2.o)
    0x08000250   0x08000250   0x00000002   Code   RO         6849    .ARM.Collect$$libshutdown$$00000000  c_w.l(libshutdown.o)
    0x08000252   0x08000252   0x00000006   Code   RO         6723    .ARM.Collect$$libshutdown$$00000001  c_w.l(libshutdown2.o)
    0x08000258   0x08000258   0x00000000   Code   RO         6724    .ARM.Collect$$libshutdown$$00000002  c_w.l(libshutdown2.o)
    0x08000258   0x08000258   0x00000000   Code   RO         6726    .ARM.Collect$$libshutdown$$00000004  c_w.l(libshutdown2.o)
    0x08000258   0x08000258   0x00000000   Code   RO         6729    .ARM.Collect$$libshutdown$$00000007  c_w.l(libshutdown2.o)
    0x08000258   0x08000258   0x00000000   Code   RO         6732    .ARM.Collect$$libshutdown$$0000000A  c_w.l(libshutdown2.o)
    0x08000258   0x08000258   0x00000000   Code   RO         6734    .ARM.Collect$$libshutdown$$0000000C  c_w.l(libshutdown2.o)
    0x08000258   0x08000258   0x00000000   Code   RO         6737    .ARM.Collect$$libshutdown$$0000000F  c_w.l(libshutdown2.o)
    0x08000258   0x08000258   0x00000002   Code   RO         6738    .ARM.Collect$$libshutdown$$00000010  c_w.l(libshutdown2.o)
    0x0800025a   0x0800025a   0x00000000   Code   RO         6502    .ARM.Collect$$rtentry$$00000000  c_w.l(__rtentry.o)
    0x0800025a   0x0800025a   0x00000000   Code   RO         6667    .ARM.Collect$$rtentry$$00000002  c_w.l(__rtentry2.o)
    0x0800025a   0x0800025a   0x00000006   Code   RO         6679    .ARM.Collect$$rtentry$$00000004  c_w.l(__rtentry4.o)
    0x08000260   0x08000260   0x00000000   Code   RO         6669    .ARM.Collect$$rtentry$$00000009  c_w.l(__rtentry2.o)
    0x08000260   0x08000260   0x00000004   Code   RO         6670    .ARM.Collect$$rtentry$$0000000A  c_w.l(__rtentry2.o)
    0x08000264   0x08000264   0x00000000   Code   RO         6672    .ARM.Collect$$rtentry$$0000000C  c_w.l(__rtentry2.o)
    0x08000264   0x08000264   0x00000008   Code   RO         6673    .ARM.Collect$$rtentry$$0000000D  c_w.l(__rtentry2.o)
    0x0800026c   0x0800026c   0x00000002   Code   RO         6810    .ARM.Collect$$rtexit$$00000000  c_w.l(rtexit.o)
    0x0800026e   0x0800026e   0x00000000   Code   RO         6825    .ARM.Collect$$rtexit$$00000002  c_w.l(rtexit2.o)
    0x0800026e   0x0800026e   0x00000004   Code   RO         6826    .ARM.Collect$$rtexit$$00000003  c_w.l(rtexit2.o)
    0x08000272   0x08000272   0x00000006   Code   RO         6827    .ARM.Collect$$rtexit$$00000004  c_w.l(rtexit2.o)
    0x08000278   0x08000278   0x00000000   Code   RO         6767    .emb_text           c_w.l(maybetermalloc1.o)
    0x08000278   0x08000278   0x00000040   Code   RO            4    .text               startup_stm32f407xx.o
    0x080002b8   0x080002b8   0x000000ee   Code   RO         6312    .text               c_w.l(lludivv7m.o)
    0x080003a6   0x080003a6   0x0000002e   Code   RO         6317    .text               c_w.l(aeabi_atexit.o)
    0x080003d4   0x080003d4   0x0000008a   Code   RO         6320    .text               c_w.l(rt_memcpy_v6.o)
    0x0800045e   0x0800045e   0x00000064   Code   RO         6322    .text               c_w.l(rt_memcpy_w.o)
    0x080004c2   0x080004c2   0x0000004e   Code   RO         6324    .text               c_w.l(rt_memclr_w.o)
    0x08000510   0x08000510   0x00000006   Code   RO         6326    .text               c_w.l(heapauxi.o)
    0x08000516   0x08000516   0x00000002   PAD
    0x08000518   0x08000518   0x00000024   Code   RO         6333    .text               c_w.l(init_aeabi.o)
    0x0800053c   0x0800053c   0x00000008   Code   RO         6510    .text               c_w.l(rt_ddtor_pointer_addr_intlibspace.o)
    0x08000544   0x08000544   0x0000005e   Code   RO         6516    .text               c_w.l(h1_alloc.o)
    0x080005a2   0x080005a2   0x0000004e   Code   RO         6518    .text               c_w.l(h1_free.o)
    0x080005f0   0x080005f0   0x00000016   Code   RO         6574    .text               c_w.l(_rserrno.o)
    0x08000606   0x08000606   0x00000042   Code   RO         6576    .text               c_w.l(cxa_finalize.o)
    0x08000648   0x08000648   0x0000000e   Code   RO         6579    .text               c_w.l(defsig_pvfn_outer.o)
    0x08000656   0x08000656   0x00000002   PAD
    0x08000658   0x08000658   0x00000008   Code   RO         6661    .text               c_w.l(libspace.o)
    0x08000660   0x08000660   0x00000008   Code   RO         6688    .text               c_w.l(rt_heap_descriptor_intlibspace.o)
    0x08000668   0x08000668   0x00000008   Code   RO         6693    .text               c_w.l(rt_errno_addr_intlibspace.o)
    0x08000670   0x08000670   0x00000004   Code   RO         6695    .text               c_w.l(hguard.o)
    0x08000674   0x08000674   0x0000008a   Code   RO         6697    .text               c_w.l(init_alloc.o)
    0x080006fe   0x080006fe   0x0000000e   Code   RO         6701    .text               c_w.l(h1_init.o)
    0x0800070c   0x0800070c   0x0000000a   Code   RO         6715    .text               c_w.l(defsig_exit.o)
    0x08000716   0x08000716   0x00000002   PAD
    0x08000718   0x08000718   0x00000030   Code   RO         6717    .text               c_w.l(defsig_pvfn_inner.o)
    0x08000748   0x08000748   0x0000000c   Code   RO         6756    .text               c_w.l(sys_exit.o)
    0x08000754   0x08000754   0x0000004a   Code   RO         6758    .text               c_w.l(sys_stackheap_outer.o)
    0x0800079e   0x0800079e   0x00000034   Code   RO         6769    .text               c_w.l(h1_extend.o)
    0x080007d2   0x080007d2   0x00000012   Code   RO         6773    .text               c_w.l(exit.o)
    0x080007e4   0x080007e4   0x00000032   Code   RO         6779    .text               c_w.l(defsig_general.o)
    0x08000816   0x08000816   0x0000000e   Code   RO         6785    .text               c_w.l(defsig_rtmem_outer.o)
    0x08000824   0x08000824   0x0000000e   Code   RO         6805    .text               c_w.l(sys_wrch.o)
    0x08000832   0x08000832   0x00000002   Code   RO         6807    .text               c_w.l(use_no_semi.o)
    0x08000834   0x08000834   0x00000000   Code   RO         6809    .text               c_w.l(indicate_semi.o)
    0x08000834   0x08000834   0x00000050   Code   RO         6820    .text               c_w.l(defsig_rtmem_inner.o)
    0x08000884   0x08000884   0x00000098   Code   RO         6156    .text.arm_cos_f32   arm_cortexM4lf_math.lib(arm_cos_f32.o)
    0x0800091c   0x0800091c   0x00000008   Code   RO         6174    .text.arm_mat_init_f32  arm_cortexM4lf_math.lib(arm_mat_init_f32.o)
    0x08000924   0x08000924   0x00000128   Code   RO         6182    .text.arm_mat_mult_f32  arm_cortexM4lf_math.lib(arm_mat_mult_f32.o)
    0x08000a4c   0x08000a4c   0x00000090   Code   RO         6165    .text.arm_sin_f32   arm_cortexM4lf_math.lib(arm_sin_f32.o)
    0x08000adc   0x08000adc   0x00000028   Code   RO         5834    i.AHRS_init         bmi088.o
    0x08000b04   0x08000b04   0x00000064   Code   RO         5835    i.AHRS_update       bmi088.o
    0x08000b68   0x08000b68   0x00000014   Code   RO         5836    i.BMI088_ACCEL_NS_H  bmi088.o
    0x08000b7c   0x08000b7c   0x00000014   Code   RO         5837    i.BMI088_ACCEL_NS_L  bmi088.o
    0x08000b90   0x08000b90   0x00000014   Code   RO         5838    i.BMI088_GYRO_NS_H  bmi088.o
    0x08000ba4   0x08000ba4   0x00000014   Code   RO         5839    i.BMI088_GYRO_NS_L  bmi088.o
    0x08000bb8   0x08000bb8   0x00000270   Code   RO         5840    i.BMI088_init       bmi088.o
    0x08000e28   0x08000e28   0x00000020   Code   RO         5841    i.BMI088_read_write_byte  bmi088.o
    0x08000e48   0x08000e48   0x00000004   Code   RO          653    i.BusFault_Handler  stm32f4xx_it.o
    0x08000e4c   0x08000e4c   0x00000010   Code   RO          654    i.CAN1_RX0_IRQHandler  stm32f4xx_it.o
    0x08000e5c   0x08000e5c   0x00000010   Code   RO          655    i.CAN1_TX_IRQHandler  stm32f4xx_it.o
    0x08000e6c   0x08000e6c   0x00000010   Code   RO          656    i.CAN2_RX0_IRQHandler  stm32f4xx_it.o
    0x08000e7c   0x08000e7c   0x00000010   Code   RO          657    i.CAN2_TX_IRQHandler  stm32f4xx_it.o
    0x08000e8c   0x08000e8c   0x00000120   Code   RO         5842    i.Calibrate         bmi088.o
    0x08000fac   0x08000fac   0x00000010   Code   RO          658    i.DMA2_Stream0_IRQHandler  stm32f4xx_it.o
    0x08000fbc   0x08000fbc   0x00000010   Code   RO          659    i.DMA2_Stream2_IRQHandler  stm32f4xx_it.o
    0x08000fcc   0x08000fcc   0x00000010   Code   RO          660    i.DMA2_Stream3_IRQHandler  stm32f4xx_it.o
    0x08000fdc   0x08000fdc   0x00000010   Code   RO          661    i.DMA2_Stream7_IRQHandler  stm32f4xx_it.o
    0x08000fec   0x08000fec   0x00000034   Code   RO         3339    i.DMA_CalcBaseAndBitshift  stm32f4xx_hal_dma.o
    0x08001020   0x08001020   0x000000aa   Code   RO         3340    i.DMA_CheckFifoParam  stm32f4xx_hal_dma.o
    0x080010ca   0x080010ca   0x0000002c   Code   RO         3341    i.DMA_SetConfig     stm32f4xx_hal_dma.o
    0x080010f6   0x080010f6   0x00000002   Code   RO          662    i.DebugMon_Handler  stm32f4xx_it.o
    0x080010f8   0x080010f8   0x0000000a   Code   RO          663    i.EXTI0_IRQHandler  stm32f4xx_it.o
    0x08001102   0x08001102   0x0000000a   Code   RO          664    i.EXTI4_IRQHandler  stm32f4xx_it.o
    0x0800110c   0x0800110c   0x0000000a   Code   RO          665    i.EXTI9_5_IRQHandler  stm32f4xx_it.o
    0x08001116   0x08001116   0x00000006   Code   RO           13    i.Error_Handler     main.o
    0x0800111c   0x0800111c   0x0000005c   Code   RO         3109    i.FLASH_Erase_Sector  stm32f4xx_hal_flash_ex.o
    0x08001178   0x08001178   0x00000078   Code   RO         3110    i.FLASH_FlushCaches  stm32f4xx_hal_flash_ex.o
    0x080011f0   0x080011f0   0x00000030   Code   RO         3111    i.FLASH_MassErase   stm32f4xx_hal_flash_ex.o
    0x08001220   0x08001220   0x00000024   Code   RO         2991    i.FLASH_Program_Byte  stm32f4xx_hal_flash.o
    0x08001244   0x08001244   0x00000030   Code   RO         2992    i.FLASH_Program_DoubleWord  stm32f4xx_hal_flash.o
    0x08001274   0x08001274   0x00000028   Code   RO         2993    i.FLASH_Program_HalfWord  stm32f4xx_hal_flash.o
    0x0800129c   0x0800129c   0x00000028   Code   RO         2994    i.FLASH_Program_Word  stm32f4xx_hal_flash.o
    0x080012c4   0x080012c4   0x00000098   Code   RO         2995    i.FLASH_SetErrorCode  stm32f4xx_hal_flash.o
    0x0800135c   0x0800135c   0x00000064   Code   RO         2996    i.FLASH_WaitForLastOperation  stm32f4xx_hal_flash.o
    0x080013c0   0x080013c0   0x0000002a   Code   RO         2590    i.HAL_CAN_ActivateNotification  stm32f4xx_hal_can.o
    0x080013ea   0x080013ea   0x0000014a   Code   RO         2591    i.HAL_CAN_AddTxMessage  stm32f4xx_hal_can.o
    0x08001534   0x08001534   0x00000120   Code   RO         2592    i.HAL_CAN_ConfigFilter  stm32f4xx_hal_can.o
    0x08001654   0x08001654   0x0000002a   Code   RO         2594    i.HAL_CAN_DeactivateNotification  stm32f4xx_hal_can.o
    0x0800167e   0x0800167e   0x00000002   Code   RO         2595    i.HAL_CAN_ErrorCallback  stm32f4xx_hal_can.o
    0x08001680   0x08001680   0x00000194   Code   RO         2598    i.HAL_CAN_GetRxMessage  stm32f4xx_hal_can.o
    0x08001814   0x08001814   0x00000036   Code   RO         2600    i.HAL_CAN_GetTxMailboxesFreeLevel  stm32f4xx_hal_can.o
    0x0800184a   0x0800184a   0x0000024e   Code   RO         2602    i.HAL_CAN_IRQHandler  stm32f4xx_hal_can.o
    0x08001a98   0x08001a98   0x000001ec   Code   RO         2603    i.HAL_CAN_Init      stm32f4xx_hal_can.o
    0x08001c84   0x08001c84   0x00000180   Code   RO          440    i.HAL_CAN_MspInit   can.o
    0x08001e04   0x08001e04   0x000000b2   Code   RO         2608    i.HAL_CAN_RegisterCallback  stm32f4xx_hal_can.o
    0x08001eb6   0x08001eb6   0x00000002   Code   RO         2611    i.HAL_CAN_RxFifo0FullCallback  stm32f4xx_hal_can.o
    0x08001eb8   0x08001eb8   0x00000002   Code   RO         2612    i.HAL_CAN_RxFifo0MsgPendingCallback  stm32f4xx_hal_can.o
    0x08001eba   0x08001eba   0x00000002   Code   RO         2613    i.HAL_CAN_RxFifo1FullCallback  stm32f4xx_hal_can.o
    0x08001ebc   0x08001ebc   0x00000002   Code   RO         2614    i.HAL_CAN_RxFifo1MsgPendingCallback  stm32f4xx_hal_can.o
    0x08001ebe   0x08001ebe   0x00000002   Code   RO         2615    i.HAL_CAN_SleepCallback  stm32f4xx_hal_can.o
    0x08001ec0   0x08001ec0   0x0000005e   Code   RO         2616    i.HAL_CAN_Start     stm32f4xx_hal_can.o
    0x08001f1e   0x08001f1e   0x00000002   Code   RO         2618    i.HAL_CAN_TxMailbox0AbortCallback  stm32f4xx_hal_can.o
    0x08001f20   0x08001f20   0x00000002   Code   RO         2619    i.HAL_CAN_TxMailbox0CompleteCallback  stm32f4xx_hal_can.o
    0x08001f22   0x08001f22   0x00000002   Code   RO         2620    i.HAL_CAN_TxMailbox1AbortCallback  stm32f4xx_hal_can.o
    0x08001f24   0x08001f24   0x00000002   Code   RO         2621    i.HAL_CAN_TxMailbox1CompleteCallback  stm32f4xx_hal_can.o
    0x08001f26   0x08001f26   0x00000002   Code   RO         2622    i.HAL_CAN_TxMailbox2AbortCallback  stm32f4xx_hal_can.o
    0x08001f28   0x08001f28   0x00000002   Code   RO         2623    i.HAL_CAN_TxMailbox2CompleteCallback  stm32f4xx_hal_can.o
    0x08001f2a   0x08001f2a   0x00000002   Code   RO         2626    i.HAL_CAN_WakeUpFromRxMsgCallback  stm32f4xx_hal_can.o
    0x08001f2c   0x08001f2c   0x000000ac   Code   RO         3342    i.HAL_DMA_Abort     stm32f4xx_hal_dma.o
    0x08001fd8   0x08001fd8   0x00000028   Code   RO         3343    i.HAL_DMA_Abort_IT  stm32f4xx_hal_dma.o
    0x08002000   0x08002000   0x00000070   Code   RO         3344    i.HAL_DMA_DeInit    stm32f4xx_hal_dma.o
    0x08002070   0x08002070   0x00000240   Code   RO         3347    i.HAL_DMA_IRQHandler  stm32f4xx_hal_dma.o
    0x080022b0   0x080022b0   0x000000ec   Code   RO         3348    i.HAL_DMA_Init      stm32f4xx_hal_dma.o
    0x0800239c   0x0800239c   0x00000092   Code   RO         3352    i.HAL_DMA_Start_IT  stm32f4xx_hal_dma.o
    0x0800242e   0x0800242e   0x00000002   PAD
    0x08002430   0x08002430   0x00000028   Code   RO         3784    i.HAL_Delay         stm32f4xx_hal.o
    0x08002458   0x08002458   0x000000ac   Code   RO         3121    i.HAL_FLASHEx_Erase  stm32f4xx_hal_flash_ex.o
    0x08002504   0x08002504   0x00000014   Code   RO         3000    i.HAL_FLASH_Lock    stm32f4xx_hal_flash.o
    0x08002518   0x08002518   0x00000090   Code   RO         3005    i.HAL_FLASH_Program  stm32f4xx_hal_flash.o
    0x080025a8   0x080025a8   0x00000034   Code   RO         3007    i.HAL_FLASH_Unlock  stm32f4xx_hal_flash.o
    0x080025dc   0x080025dc   0x00000168   Code   RO         3232    i.HAL_GPIO_DeInit   stm32f4xx_hal_gpio.o
    0x08002744   0x08002744   0x00000070   Code   RO         5843    i.HAL_GPIO_EXTI_Callback  bmi088.o
    0x080027b4   0x080027b4   0x0000001c   Code   RO         3234    i.HAL_GPIO_EXTI_IRQHandler  stm32f4xx_hal_gpio.o
    0x080027d0   0x080027d0   0x000001f4   Code   RO         3235    i.HAL_GPIO_Init     stm32f4xx_hal_gpio.o
    0x080029c4   0x080029c4   0x0000000c   Code   RO         3239    i.HAL_GPIO_WritePin  stm32f4xx_hal_gpio.o
    0x080029d0   0x080029d0   0x0000000c   Code   RO         3790    i.HAL_GetTick       stm32f4xx_hal.o
    0x080029dc   0x080029dc   0x00000018   Code   RO         3796    i.HAL_IncTick       stm32f4xx_hal.o
    0x080029f4   0x080029f4   0x0000003c   Code   RO         3797    i.HAL_Init          stm32f4xx_hal.o
    0x08002a30   0x08002a30   0x0000004c   Code   RO         3798    i.HAL_InitTick      stm32f4xx_hal.o
    0x08002a7c   0x08002a7c   0x00000058   Code   RO          825    i.HAL_MspInit       stm32f4xx_hal_msp.o
    0x08002ad4   0x08002ad4   0x0000002c   Code   RO         3626    i.HAL_NVIC_DisableIRQ  stm32f4xx_hal_cortex.o
    0x08002b00   0x08002b00   0x00000028   Code   RO         3627    i.HAL_NVIC_EnableIRQ  stm32f4xx_hal_cortex.o
    0x08002b28   0x08002b28   0x0000007c   Code   RO         3633    i.HAL_NVIC_SetPriority  stm32f4xx_hal_cortex.o
    0x08002ba4   0x08002ba4   0x00000028   Code   RO         3634    i.HAL_NVIC_SetPriorityGrouping  stm32f4xx_hal_cortex.o
    0x08002bcc   0x08002bcc   0x00000184   Code   RO         2836    i.HAL_RCC_ClockConfig  stm32f4xx_hal_rcc.o
    0x08002d50   0x08002d50   0x0000000c   Code   RO         2841    i.HAL_RCC_GetHCLKFreq  stm32f4xx_hal_rcc.o
    0x08002d5c   0x08002d5c   0x00000020   Code   RO         2843    i.HAL_RCC_GetPCLK1Freq  stm32f4xx_hal_rcc.o
    0x08002d7c   0x08002d7c   0x00000020   Code   RO         2844    i.HAL_RCC_GetPCLK2Freq  stm32f4xx_hal_rcc.o
    0x08002d9c   0x08002d9c   0x000000b0   Code   RO         2845    i.HAL_RCC_GetSysClockFreq  stm32f4xx_hal_rcc.o
    0x08002e4c   0x08002e4c   0x0000049c   Code   RO         2848    i.HAL_RCC_OscConfig  stm32f4xx_hal_rcc.o
    0x080032e8   0x080032e8   0x00000002   Code   RO         4036    i.HAL_SPI_AbortCpltCallback  stm32f4xx_hal_spi.o
    0x080032ea   0x080032ea   0x00000048   Code   RO         4040    i.HAL_SPI_DMAStop   stm32f4xx_hal_spi.o
    0x08003332   0x08003332   0x00000002   PAD
    0x08003334   0x08003334   0x000000a4   Code   RO         5844    i.HAL_SPI_ErrorCallback  bmi088.o
    0x080033d8   0x080033d8   0x0000015c   Code   RO         4045    i.HAL_SPI_IRQHandler  stm32f4xx_hal_spi.o
    0x08003534   0x08003534   0x00000114   Code   RO         4046    i.HAL_SPI_Init      stm32f4xx_hal_spi.o
    0x08003648   0x08003648   0x00000168   Code   RO          516    i.HAL_SPI_MspInit   spi.o
    0x080037b0   0x080037b0   0x00000002   Code   RO         4053    i.HAL_SPI_RxCpltCallback  stm32f4xx_hal_spi.o
    0x080037b2   0x080037b2   0x00000002   Code   RO         4054    i.HAL_SPI_RxHalfCpltCallback  stm32f4xx_hal_spi.o
    0x080037b4   0x080037b4   0x00000248   Code   RO         4056    i.HAL_SPI_TransmitReceive  stm32f4xx_hal_spi.o
    0x080039fc   0x080039fc   0x00000164   Code   RO         4057    i.HAL_SPI_TransmitReceive_DMA  stm32f4xx_hal_spi.o
    0x08003b60   0x08003b60   0x00000002   Code   RO         4061    i.HAL_SPI_TxCpltCallback  stm32f4xx_hal_spi.o
    0x08003b62   0x08003b62   0x00000002   Code   RO         4062    i.HAL_SPI_TxHalfCpltCallback  stm32f4xx_hal_spi.o
    0x08003b64   0x08003b64   0x000000dc   Code   RO         5845    i.HAL_SPI_TxRxCpltCallback  bmi088.o
    0x08003c40   0x08003c40   0x00000002   Code   RO         4064    i.HAL_SPI_TxRxHalfCpltCallback  stm32f4xx_hal_spi.o
    0x08003c42   0x08003c42   0x00000034   Code   RO         3638    i.HAL_SYSTICK_Config  stm32f4xx_hal_cortex.o
    0x08003c76   0x08003c76   0x00000002   Code   RO         5104    i.HAL_TIMEx_BreakCallback  stm32f4xx_hal_tim_ex.o
    0x08003c78   0x08003c78   0x00000002   Code   RO         5105    i.HAL_TIMEx_CommutCallback  stm32f4xx_hal_tim_ex.o
    0x08003c7a   0x08003c7a   0x00000002   Code   RO         5106    i.HAL_TIMEx_CommutHalfCpltCallback  stm32f4xx_hal_tim_ex.o
    0x08003c7c   0x08003c7c   0x000000b4   Code   RO         5123    i.HAL_TIMEx_MasterConfigSynchronization  stm32f4xx_hal_tim_ex.o
    0x08003d30   0x08003d30   0x00000078   Code   RO         4371    i.HAL_TIM_Base_Init  stm32f4xx_hal_tim.o
    0x08003da8   0x08003da8   0x00000084   Code   RO          558    i.HAL_TIM_Base_MspInit  tim.o
    0x08003e2c   0x08003e2c   0x000000a8   Code   RO         4376    i.HAL_TIM_Base_Start_IT  stm32f4xx_hal_tim.o
    0x08003ed4   0x08003ed4   0x0000010c   Code   RO         4380    i.HAL_TIM_ConfigClockSource  stm32f4xx_hal_tim.o
    0x08003fe0   0x08003fe0   0x00000002   Code   RO         4401    i.HAL_TIM_ErrorCallback  stm32f4xx_hal_tim.o
    0x08003fe2   0x08003fe2   0x00000002   Code   RO         4405    i.HAL_TIM_IC_CaptureCallback  stm32f4xx_hal_tim.o
    0x08003fe4   0x08003fe4   0x00000002   Code   RO         4406    i.HAL_TIM_IC_CaptureHalfCpltCallback  stm32f4xx_hal_tim.o
    0x08003fe6   0x08003fe6   0x0000018c   Code   RO         4419    i.HAL_TIM_IRQHandler  stm32f4xx_hal_tim.o
    0x08004172   0x08004172   0x00000002   PAD
    0x08004174   0x08004174   0x00000060   Code   RO          559    i.HAL_TIM_MspPostInit  tim.o
    0x080041d4   0x080041d4   0x00000002   Code   RO         4422    i.HAL_TIM_OC_DelayElapsedCallback  stm32f4xx_hal_tim.o
    0x080041d6   0x080041d6   0x00000104   Code   RO         4443    i.HAL_TIM_PWM_ConfigChannel  stm32f4xx_hal_tim.o
    0x080042da   0x080042da   0x00000002   PAD
    0x080042dc   0x080042dc   0x00000078   Code   RO         4446    i.HAL_TIM_PWM_Init  stm32f4xx_hal_tim.o
    0x08004354   0x08004354   0x00000002   Code   RO         4448    i.HAL_TIM_PWM_MspInit  stm32f4xx_hal_tim.o
    0x08004356   0x08004356   0x00000002   Code   RO         4449    i.HAL_TIM_PWM_PulseFinishedCallback  stm32f4xx_hal_tim.o
    0x08004358   0x08004358   0x00000002   Code   RO         4450    i.HAL_TIM_PWM_PulseFinishedHalfCpltCallback  stm32f4xx_hal_tim.o
    0x0800435a   0x0800435a   0x00000002   PAD
    0x0800435c   0x0800435c   0x0000010c   Code   RO         4451    i.HAL_TIM_PWM_Start  stm32f4xx_hal_tim.o
    0x08004468   0x08004468   0x00000002   Code   RO         4457    i.HAL_TIM_PeriodElapsedCallback  stm32f4xx_hal_tim.o
    0x0800446a   0x0800446a   0x00000002   Code   RO         4458    i.HAL_TIM_PeriodElapsedHalfCpltCallback  stm32f4xx_hal_tim.o
    0x0800446c   0x0800446c   0x00000124   Code   RO         4460    i.HAL_TIM_RegisterCallback  stm32f4xx_hal_tim.o
    0x08004590   0x08004590   0x00000002   Code   RO         4463    i.HAL_TIM_TriggerCallback  stm32f4xx_hal_tim.o
    0x08004592   0x08004592   0x00000002   Code   RO         4464    i.HAL_TIM_TriggerHalfCpltCallback  stm32f4xx_hal_tim.o
    0x08004594   0x08004594   0x00000070   Code   RO         5381    i.HAL_UARTEx_ReceiveToIdle_DMA  stm32f4xx_hal_uart.o
    0x08004604   0x08004604   0x00000002   Code   RO         5383    i.HAL_UARTEx_RxEventCallback  stm32f4xx_hal_uart.o
    0x08004606   0x08004606   0x00000002   Code   RO         5385    i.HAL_UART_AbortCpltCallback  stm32f4xx_hal_uart.o
    0x08004608   0x08004608   0x00000002   Code   RO         5387    i.HAL_UART_AbortReceiveCpltCallback  stm32f4xx_hal_uart.o
    0x0800460a   0x0800460a   0x00000002   Code   RO         5390    i.HAL_UART_AbortTransmitCpltCallback  stm32f4xx_hal_uart.o
    0x0800460c   0x0800460c   0x00000038   Code   RO         1952    i.HAL_UART_ErrorCallback  ifr_usart.o
    0x08004644   0x08004644   0x00000014   Code   RO         5399    i.HAL_UART_GetState  stm32f4xx_hal_uart.o
    0x08004658   0x08004658   0x00000308   Code   RO         5400    i.HAL_UART_IRQHandler  stm32f4xx_hal_uart.o
    0x08004960   0x08004960   0x00000088   Code   RO         5401    i.HAL_UART_Init     stm32f4xx_hal_uart.o
    0x080049e8   0x080049e8   0x00000050   Code   RO          611    i.HAL_UART_MspDeInit  usart.o
    0x08004a38   0x08004a38   0x00000160   Code   RO          612    i.HAL_UART_MspInit  usart.o
    0x08004b98   0x08004b98   0x0000009c   Code   RO         5407    i.HAL_UART_RegisterCallback  stm32f4xx_hal_uart.o
    0x08004c34   0x08004c34   0x0000004c   Code   RO         5408    i.HAL_UART_RegisterRxEventCallback  stm32f4xx_hal_uart.o
    0x08004c80   0x08004c80   0x00000002   Code   RO         5409    i.HAL_UART_RxCpltCallback  stm32f4xx_hal_uart.o
    0x08004c82   0x08004c82   0x00000002   Code   RO         5410    i.HAL_UART_RxHalfCpltCallback  stm32f4xx_hal_uart.o
    0x08004c84   0x08004c84   0x0000009c   Code   RO         5412    i.HAL_UART_Transmit_DMA  stm32f4xx_hal_uart.o
    0x08004d20   0x08004d20   0x00000002   Code   RO         5414    i.HAL_UART_TxCpltCallback  stm32f4xx_hal_uart.o
    0x08004d22   0x08004d22   0x00000002   Code   RO         5415    i.HAL_UART_TxHalfCpltCallback  stm32f4xx_hal_uart.o
    0x08004d24   0x08004d24   0x00000004   Code   RO          666    i.HardFault_Handler  stm32f4xx_it.o
    0x08004d28   0x08004d28   0x0000007c   Code   RO         5846    i.INS_cali_gyro     bmi088.o
    0x08004da4   0x08004da4   0x00000048   Code   RO         5847    i.INS_set_cali_gyro  bmi088.o
    0x08004dec   0x08004dec   0x00000048   Code   RO          441    i.MX_CAN1_Init      can.o
    0x08004e34   0x08004e34   0x00000048   Code   RO          442    i.MX_CAN2_Init      can.o
    0x08004e7c   0x08004e7c   0x00000068   Code   RO          488    i.MX_DMA_Init       dma.o
    0x08004ee4   0x08004ee4   0x00000194   Code   RO          309    i.MX_GPIO_Init      gpio.o
    0x08005078   0x08005078   0x00000044   Code   RO          517    i.MX_SPI1_Init      spi.o
    0x080050bc   0x080050bc   0x0000006c   Code   RO          560    i.MX_TIM10_Init     tim.o
    0x08005128   0x08005128   0x0000006c   Code   RO          561    i.MX_TIM2_Init      tim.o
    0x08005194   0x08005194   0x00000038   Code   RO          613    i.MX_USART1_UART_Init  usart.o
    0x080051cc   0x080051cc   0x0000032c   Code   RO         5848    i.MahonyAHRSupdateIMU  bmi088.o
    0x080054f8   0x080054f8   0x00000004   Code   RO          667    i.MemManage_Handler  stm32f4xx_it.o
    0x080054fc   0x080054fc   0x00000004   Code   RO          668    i.NMI_Handler       stm32f4xx_it.o
    0x08005500   0x08005500   0x00000002   Code   RO          669    i.PendSV_Handler    stm32f4xx_it.o
    0x08005502   0x08005502   0x00000002   Code   RO          670    i.RCC_IRQHandler    stm32f4xx_it.o
    0x08005504   0x08005504   0x00000010   Code   RO          671    i.SPI1_IRQHandler   stm32f4xx_it.o
    0x08005514   0x08005514   0x00000014   Code   RO         4075    i.SPI_DMAAbortOnError  stm32f4xx_hal_spi.o
    0x08005528   0x08005528   0x00000028   Code   RO         4076    i.SPI_DMAError      stm32f4xx_hal_spi.o
    0x08005550   0x08005550   0x0000000e   Code   RO         4077    i.SPI_DMAHalfReceiveCplt  stm32f4xx_hal_spi.o
    0x0800555e   0x0800555e   0x0000000e   Code   RO         4079    i.SPI_DMAHalfTransmitReceiveCplt  stm32f4xx_hal_spi.o
    0x0800556c   0x0800556c   0x0000007c   Code   RO         4080    i.SPI_DMAReceiveCplt  stm32f4xx_hal_spi.o
    0x080055e8   0x080055e8   0x00000068   Code   RO         4083    i.SPI_DMATransmitReceiveCplt  stm32f4xx_hal_spi.o
    0x08005650   0x08005650   0x00000094   Code   RO         4085    i.SPI_EndRxTransaction  stm32f4xx_hal_spi.o
    0x080056e4   0x080056e4   0x00000088   Code   RO         4086    i.SPI_EndRxTxTransaction  stm32f4xx_hal_spi.o
    0x0800576c   0x0800576c   0x000000d8   Code   RO         4091    i.SPI_WaitFlagStateUntilTimeout  stm32f4xx_hal_spi.o
    0x08005844   0x08005844   0x00000002   Code   RO          672    i.SVC_Handler       stm32f4xx_it.o
    0x08005846   0x08005846   0x00000008   Code   RO          673    i.SysTick_Handler   stm32f4xx_it.o
    0x0800584e   0x0800584e   0x00000002   PAD
    0x08005850   0x08005850   0x00000014   Code   RO          850    i.SystemInit        system_stm32f4xx.o
    0x08005864   0x08005864   0x00000010   Code   RO          674    i.TIM1_UP_TIM10_IRQHandler  stm32f4xx_it.o
    0x08005874   0x08005874   0x00000010   Code   RO          675    i.TIM2_IRQHandler   stm32f4xx_it.o
    0x08005884   0x08005884   0x000000e0   Code   RO         4466    i.TIM_Base_SetConfig  stm32f4xx_hal_tim.o
    0x08005964   0x08005964   0x00000022   Code   RO         4467    i.TIM_CCxChannelCmd  stm32f4xx_hal_tim.o
    0x08005986   0x08005986   0x00000016   Code   RO         4477    i.TIM_ETR_SetConfig  stm32f4xx_hal_tim.o
    0x0800599c   0x0800599c   0x00000012   Code   RO         4478    i.TIM_ITRx_SetConfig  stm32f4xx_hal_tim.o
    0x080059ae   0x080059ae   0x00000002   PAD
    0x080059b0   0x080059b0   0x00000070   Code   RO         4479    i.TIM_OC1_SetConfig  stm32f4xx_hal_tim.o
    0x08005a20   0x08005a20   0x0000007c   Code   RO         4480    i.TIM_OC2_SetConfig  stm32f4xx_hal_tim.o
    0x08005a9c   0x08005a9c   0x00000078   Code   RO         4481    i.TIM_OC3_SetConfig  stm32f4xx_hal_tim.o
    0x08005b14   0x08005b14   0x00000054   Code   RO         4482    i.TIM_OC4_SetConfig  stm32f4xx_hal_tim.o
    0x08005b68   0x08005b68   0x00000070   Code   RO         4483    i.TIM_ResetCallback  stm32f4xx_hal_tim.o
    0x08005bd8   0x08005bd8   0x00000026   Code   RO         4485    i.TIM_TI1_ConfigInputStage  stm32f4xx_hal_tim.o
    0x08005bfe   0x08005bfe   0x00000028   Code   RO         4487    i.TIM_TI2_ConfigInputStage  stm32f4xx_hal_tim.o
    0x08005c26   0x08005c26   0x00000012   Code   RO         5418    i.UART_DMAAbortOnError  stm32f4xx_hal_uart.o
    0x08005c38   0x08005c38   0x00000050   Code   RO         5419    i.UART_DMAError     stm32f4xx_hal_uart.o
    0x08005c88   0x08005c88   0x000000b4   Code   RO         5420    i.UART_DMAReceiveCplt  stm32f4xx_hal_uart.o
    0x08005d3c   0x08005d3c   0x00000024   Code   RO         5422    i.UART_DMARxHalfCplt  stm32f4xx_hal_uart.o
    0x08005d60   0x08005d60   0x00000058   Code   RO         5424    i.UART_DMATransmitCplt  stm32f4xx_hal_uart.o
    0x08005db8   0x08005db8   0x0000000e   Code   RO         5426    i.UART_DMATxHalfCplt  stm32f4xx_hal_uart.o
    0x08005dc6   0x08005dc6   0x0000006c   Code   RO         5428    i.UART_EndRxTransfer  stm32f4xx_hal_uart.o
    0x08005e32   0x08005e32   0x00000020   Code   RO         5429    i.UART_EndTransmit_IT  stm32f4xx_hal_uart.o
    0x08005e52   0x08005e52   0x00000026   Code   RO         5430    i.UART_EndTxTransfer  stm32f4xx_hal_uart.o
    0x08005e78   0x08005e78   0x0000004c   Code   RO         5431    i.UART_InitCallbacksToDefault  stm32f4xx_hal_uart.o
    0x08005ec4   0x08005ec4   0x000000fc   Code   RO         5432    i.UART_Receive_IT   stm32f4xx_hal_uart.o
    0x08005fc0   0x08005fc0   0x0000022c   Code   RO         5433    i.UART_SetConfig    stm32f4xx_hal_uart.o
    0x080061ec   0x080061ec   0x000000d8   Code   RO         5434    i.UART_Start_Receive_DMA  stm32f4xx_hal_uart.o
    0x080062c4   0x080062c4   0x00000060   Code   RO         5436    i.UART_Transmit_IT  stm32f4xx_hal_uart.o
    0x08006324   0x08006324   0x00000010   Code   RO          676    i.USART1_IRQHandler  stm32f4xx_it.o
    0x08006334   0x08006334   0x00000004   Code   RO          677    i.UsageFault_Handler  stm32f4xx_it.o
    0x08006338   0x08006338   0x00000014   Code   RO         5849    i._Z10flash_readjPjj  bmi088.o
    0x0800634c   0x0800634c   0x000000e8   Code   RO         2092    i._Z12Chassis_Initv  chassis_output.o
    0x08006434   0x08006434   0x00000020   Code   RO         1646    i._Z13Byte_to_floatPKh  ifr_robstride.o
    0x08006454   0x08006454   0x000000ec   Code   RO         2093    i._Z13TIM2_Callbackv  chassis_output.o
    0x08006540   0x08006540   0x00000050   Code   RO         1647    i._Z13float_to_uintfffi  ifr_robstride.o
    0x08006590   0x08006590   0x00000028   Code   RO          886    i._Z14IFR_Can_ID_GetP19__CAN_HandleTypeDef  ifr_can.o
    0x080065b8   0x080065b8   0x000000e4   Code   RO         1897    i._Z14IFR_TIM_ID_GETP19__TIM_HandleTypeDef  ifr_tim.o
    0x0800669c   0x0800669c   0x000000ec   Code   RO         5850    i._Z14cali_data_readv  bmi088.o
    0x08006788   0x08006788   0x0000004c   Code   RO         5851    i._Z14cali_gyro_hookPjh  bmi088.o
    0x080067d4   0x080067d4   0x00000036   Code   RO         5852    i._Z14cali_head_hookPjh  bmi088.o
    0x0800680a   0x0800680a   0x00000002   PAD
    0x0800680c   0x0800680c   0x000000cc   Code   RO         5853    i._Z14imu_cali_slovePfS_P16BMI088_REAL_DATA  bmi088.o
    0x080068d8   0x080068d8   0x00000068   Code   RO         1953    i._Z15IFR_Uart_ID_GetP20__UART_HandleTypeDef  ifr_usart.o
    0x08006940   0x08006940   0x0000008c   Code   RO         5854    i._Z15cali_data_writev  bmi088.o
    0x080069cc   0x080069cc   0x000000fc   Code   RO         5855    i._Z15imu_cmd_spi_dmav  bmi088.o
    0x08006ac8   0x08006ac8   0x00000030   Code   RO         1648    i._Z15uint16_to_floattffi  ifr_robstride.o
    0x08006af8   0x08006af8   0x000000a8   Code   RO         2283    i._Z16chassis_PID_initv  chassis_controller.o
    0x08006ba0   0x08006ba0   0x000000d0   Code   RO         5856    i._Z16imu_temp_controlf  bmi088.o
    0x08006c70   0x08006c70   0x00000358   Code   RO         5857    i._Z18GyroAngle_Analysisv  bmi088.o
    0x08006fc8   0x08006fc8   0x000000b0   Code   RO           14    i._Z18SystemClock_Configv  main.o
    0x08007078   0x08007078   0x00000024   Code   RO         2216    i._Z19Upper_Computer_InitPf  vofa_justfloat_transmit.o
    0x0800709c   0x0800709c   0x00000026   Code   RO         5858    i._Z20BMI088_read_muli_reghPhh  bmi088.o
    0x080070c2   0x080070c2   0x00000002   PAD
    0x080070c4   0x080070c4   0x00000028   Code   RO         1954    i._Z20IFR_UART_Rx_CallbackP20__UART_HandleTypeDeft  ifr_usart.o
    0x080070ec   0x080070ec   0x00000024   Code   RO         1955    i._Z20IFR_UART_Tx_CallbackP20__UART_HandleTypeDef  ifr_usart.o
    0x08007110   0x08007110   0x00000018   Code   RO         5859    i._Z22BMI088_read_single_reghPh  bmi088.o
    0x08007128   0x08007128   0x00000014   Code   RO         5860    i._Z23BMI088_write_single_reghh  bmi088.o
    0x0800713c   0x0800713c   0x000000a4   Code   RO         2218    i._Z24Upper_Computer_Show_Wavev  vofa_justfloat_transmit.o
    0x080071e0   0x080071e0   0x0000001c   Code   RO         5861    i._Z25BMI088_gyro_read_muli_reghPhh  bmi088.o
    0x080071fc   0x080071fc   0x0000002c   Code   RO          887    i._Z25IFR_CAN_Recevice_CallbackP19__CAN_HandleTypeDef  ifr_can.o
    0x08007228   0x08007228   0x0000002c   Code   RO          888    i._Z25IFR_CAN_Transmit_CallbackP19__CAN_HandleTypeDef  ifr_can.o
    0x08007254   0x08007254   0x00000020   Code   RO         1898    i._Z25IFR_TIM_Overflow_CallbackP19__TIM_HandleTypeDef  ifr_tim.o
    0x08007274   0x08007274   0x00000024   Code   RO         5862    i._Z26BMI088_accel_read_muli_reghPhh  bmi088.o
    0x08007298   0x08007298   0x00000018   Code   RO         5863    i._Z27BMI088_gyro_read_single_reghPh  bmi088.o
    0x080072b0   0x080072b0   0x00000026   Code   RO         5864    i._Z28BMI088_accel_read_single_reghPh  bmi088.o
    0x080072d6   0x080072d6   0x00000018   Code   RO         5865    i._Z28BMI088_gyro_write_single_reghh  bmi088.o
    0x080072ee   0x080072ee   0x00000018   Code   RO         5866    i._Z29BMI088_accel_write_single_reghh  bmi088.o
    0x08007306   0x08007306   0x00000002   PAD
    0x08007308   0x08007308   0x00000034   Code   RO         2094    i._Z5transf         chassis_output.o
    0x0800733c   0x0800733c   0x000003f4   Code   RO         2095    i._Z6UpdateP18Single_Leg_Typedef  chassis_output.o
    0x08007730   0x08007730   0x00000014   Code   RO         2096    i._Z7deg2radf       chassis_output.o
    0x08007744   0x08007744   0x00000028   Code   RO         2219    i._Z9VOFA_InitP20__UART_HandleTypeDef  vofa_justfloat_transmit.o
    0x0800776c   0x0800776c   0x000000f8   Code   RO         5867    i._Z9get_anglePfS_S_S_  bmi088.o
    0x08007864   0x08007864   0x0000004e   Code   RO         2042    i._ZN10RingBuffer9get_bytesEPhh  ifr_usart.o
    0x080078b2   0x080078b2   0x0000004c   Code   RO         2048    i._ZN10RingBuffer9put_bytesEPKhh  ifr_usart.o
    0x080078fe   0x080078fe   0x000000ba   Code   RO          964    i._ZN11CanMsgQueue7enqueueERK6CanMsg  ifr_can.o
    0x080079b8   0x080079b8   0x00000010   Code   RO         2165    i._ZN11CanMsgQueueC1Ev  chassis_output.o
    0x080079c8   0x080079c8   0x00000204   Code   RO         1649    i._ZN12IFR_RS_Motor10Motor_InitEh13RS_Motor_typeP11CanMsgQueue  ifr_robstride.o
    0x08007bcc   0x08007bcc   0x0000007e   Code   RO         1651    i._ZN12IFR_RS_Motor10set_torqueEf  ifr_robstride.o
    0x08007c4a   0x08007c4a   0x0000003c   Code   RO         1652    i._ZN12IFR_RS_Motor12set_zero_posEv  ifr_robstride.o
    0x08007c86   0x08007c86   0x00000002   PAD
    0x08007c88   0x08007c88   0x00000318   Code   RO         1653    i._ZN12IFR_RS_Motor13parse_can_msgERK6CanMsg  ifr_robstride.o
    0x08007fa0   0x08007fa0   0x0000002e   Code   RO         1654    i._ZN12IFR_RS_Motor16generate_can_msgER6CanMsg  ifr_robstride.o
    0x08007fce   0x08007fce   0x00000028   Code   RO         1659    i._ZN12IFR_RS_Motor6EnableEv  ifr_robstride.o
    0x08007ff6   0x08007ff6   0x0000002e   Code   RO         1660    i._ZN12IFR_RS_Motor7DisableEh  ifr_robstride.o
    0x08008024   0x08008024   0x00000030   Code   RO         1662    i._ZN12IFR_RS_MotorC1Eh13RS_Motor_typeP11CanMsgQueue  ifr_robstride.o
    0x08008054   0x08008054   0x00000004   Code   RO         1817    i._ZN12IFR_RS_MotorD1Ev  ifr_robstride.o
    0x08008058   0x08008058   0x00000054   Code   RO         1377    i._ZN13IFR_DJI_Motor10motor_initEt14DJI_Motor_TypeP11CanMsgQueue  ifr_motor.o
    0x080080ac   0x080080ac   0x00000108   Code   RO         1378    i._ZN13IFR_DJI_Motor12set_electricEf  ifr_motor.o
    0x080081b4   0x080081b4   0x0000015c   Code   RO         1379    i._ZN13IFR_DJI_Motor13parse_can_msgERK6CanMsg  ifr_motor.o
    0x08008310   0x08008310   0x0000002e   Code   RO         1380    i._ZN13IFR_DJI_Motor16generate_can_msgER6CanMsg  ifr_motor.o
    0x0800833e   0x0800833e   0x00000040   Code   RO         1381    i._ZN13IFR_DJI_Motor19set_electric_offsetEf  ifr_motor.o
    0x0800837e   0x0800837e   0x00000002   PAD
    0x08008380   0x08008380   0x00000030   Code   RO         1383    i._ZN13IFR_DJI_MotorC1Et14DJI_Motor_TypeP11CanMsgQueue  ifr_motor.o
    0x080083b0   0x080083b0   0x00000004   Code   RO         1470    i._ZN13IFR_DJI_MotorD1Ev  ifr_motor.o
    0x080083b4   0x080083b4   0x0000002a   Code   RO         1811    i._ZN14RS_Motor_Prame3setEffffffffff  ifr_robstride.o
    0x080083de   0x080083de   0x00000002   PAD
    0x080083e0   0x080083e0   0x0000000c   Code   RO         1171    i._ZN15IFR_Basic_MotorC2Ev  ifr_dmmotor.o
    0x080083ec   0x080083ec   0x000000ba   Code   RO          889    i._ZN16IFR_CAN_ClassDef12CAN_ReceviceEv  ifr_can.o
    0x080084a6   0x080084a6   0x00000048   Code   RO          891    i._ZN16IFR_CAN_ClassDef13RegisterMotorEP15IFR_Basic_Motor  ifr_can.o
    0x080084ee   0x080084ee   0x000000cc   Code   RO          892    i._ZN16IFR_CAN_ClassDef14SendQueuedMsgsEv  ifr_can.o
    0x080085ba   0x080085ba   0x00000002   PAD
    0x080085bc   0x080085bc   0x00000050   Code   RO          893    i._ZN16IFR_CAN_ClassDef16_ConfigCANFilterEv  ifr_can.o
    0x0800860c   0x0800860c   0x0000007c   Code   RO          895    i._ZN16IFR_CAN_ClassDef8CAN_InitEP19__CAN_HandleTypeDefP11CanMsgQueue  ifr_can.o
    0x08008688   0x08008688   0x00000022   Code   RO         2159    i._ZN16IFR_CAN_ClassDefC1Ev  chassis_output.o
    0x080086aa   0x080086aa   0x00000002   Code   RO         2171    i._ZN16IFR_CAN_ClassDefD1Ev  chassis_output.o
    0x080086ac   0x080086ac   0x00000030   Code   RO         1900    i._ZN16IFR_TIM_ClassDef11TIM_ITStartEP19__TIM_HandleTypeDefPFvvE  ifr_tim.o
    0x080086dc   0x080086dc   0x0000000e   Code   RO         1901    i._ZN16IFR_TIM_ClassDef17TaskFunction_CallEv  ifr_tim.o
    0x080086ea   0x080086ea   0x0000004c   Code   RO         1956    i._ZN18IFR_USART_ClassDef10Rx_ProcessEt  ifr_usart.o
    0x08008736   0x08008736   0x0000001c   Code   RO         1958    i._ZN18IFR_USART_ClassDef12TransmitDataEPhh  ifr_usart.o
    0x08008752   0x08008752   0x00000026   Code   RO         1960    i._ZN18IFR_USART_ClassDef17Start_DMA_ReceiveEv  ifr_usart.o
    0x08008778   0x08008778   0x000000b8   Code   RO         1961    i._ZN18IFR_USART_ClassDef17Transmit_Tx_QueueEv  ifr_usart.o
    0x08008830   0x08008830   0x00000048   Code   RO         1962    i._ZN18IFR_USART_ClassDef4InitEP20__UART_HandleTypeDefPFvPhhE  ifr_usart.o
    0x08008878   0x08008878   0x0000004c   Code   RO         1963    i._ZN18IFR_USART_ClassDef7RestartEv  ifr_usart.o
    0x080088c4   0x080088c4   0x0000002a   Code   RO         2284    i._ZN18Single_Leg_Typedef9L_ControlEv  chassis_controller.o
    0x080088ee   0x080088ee   0x00000002   PAD
    0x080088f0   0x080088f0   0x00000028   Code   RO         2315    i._ZN18Single_Leg_TypedefC1Eh  chassis_controller.o
    0x08008918   0x08008918   0x0000008c   Code   RO         2097    i._ZN20Chassis_Motor_output24Chassis_Motor_SetouttputEv  chassis_output.o
    0x080089a4   0x080089a4   0x00000002   Code   RO         2098    i._ZN20Chassis_Motor_outputC1Ev  chassis_output.o
    0x080089a6   0x080089a6   0x00000002   PAD
    0x080089a8   0x080089a8   0x00000274   Code   RO         1505    i._ZN7IFR_PID14Positional_PIDEff  ifr_pid.o
    0x08008c1c   0x08008c1c   0x0000000e   Code   RO         1507    i._ZN7IFR_PID17Separate_PID_InitEfff  ifr_pid.o
    0x08008c2a   0x08008c2a   0x00000002   PAD
    0x08008c2c   0x08008c2c   0x00000274   Code   RO         1508    i._ZN7IFR_PID23Separate_Positional_PIDEff  ifr_pid.o
    0x08008ea0   0x08008ea0   0x00000026   Code   RO         1509    i._ZN7IFR_PID8PID_InitEfffffffff  ifr_pid.o
    0x08008ec6   0x08008ec6   0x0000001c   Code   RO         2572    i._ZN8LQR_CAL_C1EP18Single_Leg_Typedef  lqr_cal.o
    0x08008ee2   0x08008ee2   0x0000004c   Code   RO         2332    i._ZN8VMC_CAL_10Torque_CalEP18Tip_output_requireP6Output  vmc_cal.o
    0x08008f2e   0x08008f2e   0x00000002   PAD
    0x08008f30   0x08008f30   0x00000338   Code   RO         2333    i._ZN8VMC_CAL_11Jmat_UpdateEP5AngleP10VMC_result  vmc_cal.o
    0x08009268   0x08009268   0x0000001c   Code   RO         2334    i._ZN8VMC_CAL_C1EP18Single_Leg_Typedef  vmc_cal.o
    0x08009284   0x08009284   0x00000012   Code   RO          976    i._ZNK11CanMsgQueue7is_fullEv  ifr_can.o
    0x08009296   0x08009296   0x00000010   Code   RO          970    i._ZNK11CanMsgQueue8is_emptyEv  ifr_can.o
    0x080092a6   0x080092a6   0x00000010   Code   RO         2054    i._ZNK12GenericQueue8is_emptyEv  ifr_usart.o
    0x080092b6   0x080092b6   0x00000018   Code   RO         2369    i._ZSt4sqrtf        vmc_cal.o
    0x080092ce   0x080092ce   0x00000026   Code   RO         6642    i.__ARM_fpclassifyf  m_wm.l(fpclassifyf.o)
    0x080092f4   0x080092f4   0x00000010   Code   RO         3640    i.__NVIC_GetPriorityGrouping  stm32f4xx_hal_cortex.o
    0x08009304   0x08009304   0x00000028   Code   RO         3641    i.__NVIC_SetPriority  stm32f4xx_hal_cortex.o
    0x0800932c   0x0800932c   0x00000010   Code   RO         6342    i.__cxa_guard_acquire  cpprt_w.l(cxa_guard_acquire.o)
    0x0800933c   0x0800933c   0x00000006   Code   RO         6339    i.__cxa_pure_virtual  cpprt_w.l(pure_virt.o)
    0x08009342   0x08009342   0x00000002   PAD
    0x08009344   0x08009344   0x0000012c   Code   RO         6454    i.__hardfp_asinf    m_wm.l(asinf.o)
    0x08009470   0x08009470   0x00000250   Code   RO         6466    i.__hardfp_atan2f   m_wm.l(atan2f.o)
    0x080096c0   0x080096c0   0x00000190   Code   RO         6478    i.__hardfp_sinf     m_wm.l(sinf.o)
    0x08009850   0x08009850   0x0000003a   Code   RO         6490    i.__hardfp_sqrtf    m_wm.l(sqrtf.o)
    0x0800988a   0x0800988a   0x00000006   Code   RO         6645    i.__mathlib_flt_infnan  m_wm.l(funder.o)
    0x08009890   0x08009890   0x00000006   Code   RO         6646    i.__mathlib_flt_infnan2  m_wm.l(funder.o)
    0x08009896   0x08009896   0x00000002   PAD
    0x08009898   0x08009898   0x00000010   Code   RO         6647    i.__mathlib_flt_invalid  m_wm.l(funder.o)
    0x080098a8   0x080098a8   0x00000010   Code   RO         6650    i.__mathlib_flt_underflow  m_wm.l(funder.o)
    0x080098b8   0x080098b8   0x00000154   Code   RO         6658    i.__mathlib_rredf2  m_wm.l(rredf.o)
    0x08009a0c   0x08009a0c   0x00000024   Code   RO         2527    i.__sti___11_LQR_Cal_cpp_Left_LQR  lqr_cal.o
    0x08009a30   0x08009a30   0x00000024   Code   RO         2335    i.__sti___11_VMC_Cal_cpp_Left_VMC  vmc_cal.o
    0x08009a54   0x08009a54   0x000000fc   Code   RO         2099    i.__sti___18_Chassis_output_cpp_Chassis  chassis_output.o
    0x08009b50   0x08009b50   0x0000001c   Code   RO         2285    i.__sti___22_Chassis_Controller_cpp_Left_Leg  chassis_controller.o
    0x08009b6c   0x08009b6c   0x00000044   Code   RO         2220    i.__sti___27_VOFA_Justfloat_Transmit_cpp_usart1  vofa_justfloat_transmit.o
    0x08009bb0   0x08009bb0   0x00000300   Code   RO         5774    i.arm_atan2_f32     arm_atan2_f32.o
    0x08009eb0   0x08009eb0   0x000000b8   Code   RO         5868    i.bmi088_accel_init  bmi088.o
    0x08009f68   0x08009f68   0x000000b8   Code   RO         5869    i.bmi088_gyro_init  bmi088.o
    0x0800a020   0x0800a020   0x000000b8   Code   RO         5870    i.cali_param_init   bmi088.o
    0x0800a0d8   0x0800a0d8   0x0000002e   Code   RO         5871    i.flash_erase_address  bmi088.o
    0x0800a106   0x0800a106   0x00000002   PAD
    0x0800a108   0x0800a108   0x00000098   Code   RO         5872    i.flash_write_single_address  bmi088.o
    0x0800a1a0   0x0800a1a0   0x000000f4   Code   RO         5873    i.ger_sector        bmi088.o
    0x0800a294   0x0800a294   0x000000e8   Code   RO         5874    i.get_next_flash_address  bmi088.o
    0x0800a37c   0x0800a37c   0x00000054   Code   RO         5875    i.gyro_offset_calc  bmi088.o
    0x0800a3d0   0x0800a3d0   0x0000003c   Code   RO         5876    i.invSqrt           bmi088.o
    0x0800a40c   0x0800a40c   0x0000004e   Code   RO           15    i.main              main.o
    0x0800a45a   0x0800a45a   0x0000003e   Code   RO         6492    i.sqrtf             m_wm.l(sqrtf.o)
    0x0800a498   0x0800a498   0x0000000a   Code   RO         6752    x$fpl$fpinit        fz_wm.l(fpinit.o)
    0x0800a4a2   0x0800a4a2   0x00000000   Code   RO         6641    x$fpl$usenofp       fz_wm.l(usenofp.o)
    0x0800a4a2   0x0800a4a2   0x00000018   Data   RO          851    .constdata          system_stm32f4xx.o
    0x0800a4ba   0x0800a4ba   0x00000030   Data   RO         1692    .constdata          ifr_robstride.o
    0x0800a4ea   0x0800a4ea   0x00000002   PAD
    0x0800a4ec   0x0800a4ec   0x00000024   Data   RO         2109    .constdata          chassis_output.o
    0x0800a510   0x0800a510   0x00000008   Data   RO         3354    .constdata          stm32f4xx_hal_dma.o
    0x0800a518   0x0800a518   0x00000028   Data   RO         5775    .constdata          arm_atan2_f32.o
    0x0800a540   0x0800a540   0x0000001c   Data   RO         5921    .constdata          bmi088.o
    0x0800a55c   0x0800a55c   0x00000020   Data   RO         6659    .constdata          m_wm.l(rredf.o)
    0x0800a57c   0x0800a57c   0x00000018   Data   RO         1810    .constdata__ZTV12IFR_RS_Motor  ifr_robstride.o
    0x0800a594   0x0800a594   0x00000018   Data   RO         1469    .constdata__ZTV13IFR_DJI_Motor  ifr_motor.o
    0x0800a5ac   0x0800a5ac   0x00000018   Data   RO         1178    .constdata__ZTV15IFR_Basic_Motor  ifr_dmmotor.o
    0x0800a5c4   0x0800a5c4   0x00000804   Data   RO         6303    .rodata.sinTable_f32  arm_cortexM4lf_math.lib(arm_common_tables.o)
    0x0800adc8   0x0800adc8   0x00000020   Data   RO         6850    Region$$Table       anon$$obj.o
    0x0800ade8   0x0800ade8   0x00000004   Data   RO         2111    .init_array         chassis_output.o
    0x0800adec   0x0800ade8   0x00000004   Data   RO         2228    .init_array         vofa_justfloat_transmit.o
    0x0800adf0   0x0800ade8   0x00000004   Data   RO         2290    .init_array         chassis_controller.o
    0x0800adf4   0x0800ade8   0x00000004   Data   RO         2341    .init_array         vmc_cal.o
    0x0800adf8   0x0800ade8   0x00000004   Data   RO         2536    .init_array         lqr_cal.o
    0x0800adfc   0x0800ade8   0x00000000   Data   RO         6331    .init_array         c_w.l(init_aeabi.o)


    Execution Region RW_IRAM1 (Exec base: 0x20000000, Load base: 0x0800adfc, Size: 0x00001d80, Max: 0x0001c000, ABSOLUTE, COMPRESSED[0x00000078])

    Exec Addr    Load Addr    Size         Type   Attr      Idx    E Section Name        Object

    0x20000000   COMPRESSED   0x00000004   Data   RW          444    .data               can.o
    0x20000004   COMPRESSED   0x00000004   Data   RW          852    .data               system_stm32f4xx.o
    0x20000008   COMPRESSED   0x00000030   Data   RW         2110    .data               chassis_output.o
    0x20000038   COMPRESSED   0x00000005   Data   RW         2227    .data               vofa_justfloat_transmit.o
    0x2000003d   COMPRESSED   0x00000003   PAD
    0x20000040   COMPRESSED   0x00000020   Data   RW         3008    .data               stm32f4xx_hal_flash.o
    0x20000060   COMPRESSED   0x00000009   Data   RW         3804    .data               stm32f4xx_hal.o
    0x20000069   COMPRESSED   0x00000003   PAD
    0x2000006c   COMPRESSED   0x0000010a   Data   RW         5922    .data               bmi088.o
    0x20000176   COMPRESSED   0x00000002   PAD
    0x20000178        -       0x000000c8   Zero   RW          443    .bss                can.o
    0x20000240        -       0x00000140   Zero   RW          518    .bss                spi.o
    0x20000380        -       0x00000168   Zero   RW          562    .bss                tim.o
    0x200004e8        -       0x00000138   Zero   RW          614    .bss                usart.o
    0x20000620        -       0x0000000c   Zero   RW          906    .bss                ifr_can.o
    0x2000062c        -       0x0000003c   Zero   RW         1907    .bss                ifr_tim.o
    0x20000668        -       0x00000054   Zero   RW         1976    .bss                ifr_usart.o
    0x200006bc        -       0x000006b8   Zero   RW         2108    .bss                chassis_output.o
    0x20000d74        -       0x00000338   Zero   RW         2226    .bss                vofa_justfloat_transmit.o
    0x200010ac        -       0x00000198   Zero   RW         2289    .bss                chassis_controller.o
    0x20001244        -       0x00000078   Zero   RW         2340    .bss                vmc_cal.o
    0x200012bc        -       0x00000258   Zero   RW         2534    .bss                lqr_cal.o
    0x20001514        -       0x00000208   Zero   RW         5920    .bss                bmi088.o
    0x2000171c        -       0x00000060   Zero   RW         6662    .bss                c_w.l(libspace.o)
    0x2000177c   COMPRESSED   0x00000004   PAD
    0x20001780        -       0x00000200   Zero   RW            2    HEAP                startup_stm32f407xx.o
    0x20001980        -       0x00000400   Zero   RW            1    STACK               startup_stm32f407xx.o


    Execution Region RW_IRAM2 (Exec base: 0x2001c000, Load base: 0x0800ae74, Size: 0x00000000, Max: 0x00004000, ABSOLUTE)

    **** No section assigned to this execution region ****


==============================================================================

Image component sizes


      Code (inc. data)   RO Data    RW Data    ZI Data      Debug   Object Name

       768         24         40          0          0       9579   arm_atan2_f32.o
      6588        614         28        266        520      37551   bmi088.o
       528         40          0          4        200       2522   can.o
       278         58          4          0        408       3952   chassis_controller.o
      1998        316         40         48       1720      20140   chassis_output.o
       104          4          0          0          0        806   dma.o
       404         22          0          0          0     723547   gpio.o
      1014         38          0          0         12      14886   ifr_can.o
        12          6         24          0          0       3132   ifr_dmmotor.o
       858         48         24          0          0      10700   ifr_motor.o
      1308          8          0          0          0       3364   ifr_pid.o
      1880        136         72          0          0      14438   ifr_robstride.o
       322         68          0          0         60       3570   ifr_tim.o
       880         72          0          0         84      13945   ifr_usart.o
        64         16          4          0        600       1981   lqr_cal.o
       260         10          0          0          0     722213   main.o
       428         36          0          0        320       1975   spi.o
        64         26        392          0       1536        864   startup_stm32f407xx.o
       212         36          0          9          0       9557   stm32f4xx_hal.o
      2540         78          0          0          0      17901   stm32f4xx_hal_can.o
       356         28          0          0          0      35237   stm32f4xx_hal_cortex.o
      1548         16          8          0          0       7987   stm32f4xx_hal_dma.o
       632         64          0         32          0       6158   stm32f4xx_hal_flash.o
       432         28          0          0          0       3358   stm32f4xx_hal_flash_ex.o
       900         90          0          0          0       3729   stm32f4xx_hal_gpio.o
        88          4          0          0          0        882   stm32f4xx_hal_msp.o
      1820         84          0          0          0       5780   stm32f4xx_hal_rcc.o
      2464         74          0          0          0      16049   stm32f4xx_hal_spi.o
      2842        246          0          0          0      22346   stm32f4xx_hal_tim.o
       186         30          0          0          0       3220   stm32f4xx_hal_tim_ex.o
      3238         96          0          0          0      22462   stm32f4xx_hal_uart.o
       258         72          0          0          0      12443   stm32f4xx_it.o
        20          6         24          4          0       1167   system_stm32f4xx.o
       444         34          0          0        360       3091   tim.o
       488         58          0          0        312       2565   usart.o
       988         32          4          0        120      10451   vmc_cal.o
       308         44          4          5        824       6515   vofa_justfloat_transmit.o

    ----------------------------------------------------------------------
     37560       2662        702        376       7076    1780063   Object Totals
         0          0         32          0          0          0   (incl. Generated)
        38          0          2          8          0          0   (incl. Padding)

    ----------------------------------------------------------------------

      Code (inc. data)   RO Data    RW Data    ZI Data      Debug   Library Member Name

         0          0       2052          0          0       6294   arm_common_tables.o
       152         12          0          0          0       1104   arm_cos_f32.o
         8          0          0          0          0        841   arm_mat_init_f32.o
       296          4          0          0          0       2300   arm_mat_mult_f32.o
       144         12          0          0          0       1092   arm_sin_f32.o
        90          0          0          0          0          0   __dczerorl2.o
         8          0          0          0          0         68   __main.o
         0          0          0          0          0          0   __rtentry.o
        12          0          0          0          0          0   __rtentry2.o
         6          0          0          0          0          0   __rtentry4.o
        52          8          0          0          0          0   __scatter.o
        28          0          0          0          0          0   __scatter_zi.o
        22          0          0          0          0        100   _rserrno.o
        46          0          0          0          0         84   aeabi_atexit.o
        66          0          0          0          0         84   cxa_finalize.o
        10          0          0          0          0         68   defsig_exit.o
        50          0          0          0          0         88   defsig_general.o
        48         34          0          0          0         76   defsig_pvfn_inner.o
        14          0          0          0          0         80   defsig_pvfn_outer.o
        80         58          0          0          0         76   defsig_rtmem_inner.o
        14          0          0          0          0         80   defsig_rtmem_outer.o
        18          0          0          0          0         80   exit.o
        94          0          0          0          0         80   h1_alloc.o
        52          0          0          0          0         68   h1_extend.o
        78          0          0          0          0         80   h1_free.o
        14          0          0          0          0         84   h1_init.o
         6          0          0          0          0        152   heapauxi.o
         4          0          0          0          0        136   hguard.o
         0          0          0          0          0          0   indicate_semi.o
        36         10          0          0          0         80   init_aeabi.o
       138          0          0          0          0        168   init_alloc.o
         2          0          0          0          0          0   libinit.o
        18          0          0          0          0          0   libinit2.o
         2          0          0          0          0          0   libshutdown.o
         8          0          0          0          0          0   libshutdown2.o
         8          4          0          0         96         68   libspace.o
       238          0          0          0          0        100   lludivv7m.o
         0          0          0          0          0          0   maybetermalloc1.o
         8          4          0          0          0         68   rt_ddtor_pointer_addr_intlibspace.o
         8          4          0          0          0         68   rt_errno_addr_intlibspace.o
         8          4          0          0          0         68   rt_heap_descriptor_intlibspace.o
        78          0          0          0          0         80   rt_memclr_w.o
       138          0          0          0          0         68   rt_memcpy_v6.o
       100          0          0          0          0         80   rt_memcpy_w.o
         2          0          0          0          0          0   rtexit.o
        10          0          0          0          0          0   rtexit2.o
        12          4          0          0          0         68   sys_exit.o
        74          0          0          0          0         80   sys_stackheap_outer.o
        14          0          0          0          0         76   sys_wrch.o
         2          0          0          0          0         68   use_no_semi.o
        16          0          0          0          0         68   cxa_guard_acquire.o
         6          0          0          0          0         68   pure_virt.o
        10          0          0          0          0        116   fpinit.o
         0          0          0          0          0          0   usenofp.o
       300         42          0          0          0        176   asinf.o
       592         90          0          0          0        184   atan2f.o
        38          0          0          0          0        116   fpclassifyf.o
        44         12          0          0          0        464   funder.o
       340         24         32          0          0        160   rredf.o
       400         56          0          0          0        212   sinf.o
       120          0          0          0          0        272   sqrtf.o

    ----------------------------------------------------------------------
      4194        382       2084          0        100      16091   Library Totals
        12          0          0          0          4          0   (incl. Padding)

    ----------------------------------------------------------------------

      Code (inc. data)   RO Data    RW Data    ZI Data      Debug   Library Name

       600         28       2052          0          0      11631   arm_cortexM4lf_math.lib
      1716        130          0          0         96       2624   c_w.l
        22          0          0          0          0        136   cpprt_w.l
        10          0          0          0          0        116   fz_wm.l
      1834        224         32          0          0       1584   m_wm.l

    ----------------------------------------------------------------------
      4194        382       2084          0        100      16091   Library Totals

    ----------------------------------------------------------------------

==============================================================================


      Code (inc. data)   RO Data    RW Data    ZI Data      Debug   

     41754       3044       2786        376       7176    1763646   Grand Totals
     41754       3044       2786        120       7176    1763646   ELF Image Totals (compressed)
     41754       3044       2786        120          0          0   ROM Totals

==============================================================================

    Total RO  Size (Code + RO Data)                44540 (  43.50kB)
    Total RW  Size (RW Data + ZI Data)              7552 (   7.38kB)
    Total ROM Size (Code + RO Data + RW Data)      44660 (  43.61kB)

==============================================================================

