Component: ARM Compiler 5.06 update 6 (build 750) Tool: armlink [4d35ed]

==============================================================================

Section Cross References

    startup_stm32f407xx.o(STACK) refers (Special) to heapauxi.o(.text) for __use_two_region_memory
    startup_stm32f407xx.o(HEAP) refers (Special) to heapauxi.o(.text) for __use_two_region_memory
    startup_stm32f407xx.o(RESET) refers (Special) to heapauxi.o(.text) for __use_two_region_memory
    startup_stm32f407xx.o(RESET) refers to startup_stm32f407xx.o(STACK) for __initial_sp
    startup_stm32f407xx.o(RESET) refers to startup_stm32f407xx.o(.text) for Reset_Handler
    startup_stm32f407xx.o(RESET) refers to stm32f4xx_it.o(i.NMI_Handler) for NMI_Handler
    startup_stm32f407xx.o(RESET) refers to stm32f4xx_it.o(i.HardFault_Handler) for HardFault_Handler
    startup_stm32f407xx.o(RESET) refers to stm32f4xx_it.o(i.MemManage_Handler) for MemManage_Handler
    startup_stm32f407xx.o(RESET) refers to stm32f4xx_it.o(i.BusFault_Handler) for BusFault_Handler
    startup_stm32f407xx.o(RESET) refers to stm32f4xx_it.o(i.UsageFault_Handler) for UsageFault_Handler
    startup_stm32f407xx.o(RESET) refers to stm32f4xx_it.o(i.SVC_Handler) for SVC_Handler
    startup_stm32f407xx.o(RESET) refers to stm32f4xx_it.o(i.DebugMon_Handler) for DebugMon_Handler
    startup_stm32f407xx.o(RESET) refers to stm32f4xx_it.o(i.PendSV_Handler) for PendSV_Handler
    startup_stm32f407xx.o(RESET) refers to stm32f4xx_it.o(i.SysTick_Handler) for SysTick_Handler
    startup_stm32f407xx.o(RESET) refers to stm32f4xx_it.o(i.RCC_IRQHandler) for RCC_IRQHandler
    startup_stm32f407xx.o(RESET) refers to stm32f4xx_it.o(i.CAN1_TX_IRQHandler) for CAN1_TX_IRQHandler
    startup_stm32f407xx.o(RESET) refers to stm32f4xx_it.o(i.CAN1_RX0_IRQHandler) for CAN1_RX0_IRQHandler
    startup_stm32f407xx.o(RESET) refers to stm32f4xx_it.o(i.TIM1_UP_TIM10_IRQHandler) for TIM1_UP_TIM10_IRQHandler
    startup_stm32f407xx.o(RESET) refers to stm32f4xx_it.o(i.TIM2_IRQHandler) for TIM2_IRQHandler
    startup_stm32f407xx.o(RESET) refers to stm32f4xx_it.o(i.SPI1_IRQHandler) for SPI1_IRQHandler
    startup_stm32f407xx.o(RESET) refers to stm32f4xx_it.o(i.USART1_IRQHandler) for USART1_IRQHandler
    startup_stm32f407xx.o(RESET) refers to stm32f4xx_it.o(i.DMA2_Stream0_IRQHandler) for DMA2_Stream0_IRQHandler
    startup_stm32f407xx.o(RESET) refers to stm32f4xx_it.o(i.DMA2_Stream2_IRQHandler) for DMA2_Stream2_IRQHandler
    startup_stm32f407xx.o(RESET) refers to stm32f4xx_it.o(i.DMA2_Stream3_IRQHandler) for DMA2_Stream3_IRQHandler
    startup_stm32f407xx.o(RESET) refers to stm32f4xx_it.o(i.CAN2_TX_IRQHandler) for CAN2_TX_IRQHandler
    startup_stm32f407xx.o(RESET) refers to stm32f4xx_it.o(i.CAN2_RX0_IRQHandler) for CAN2_RX0_IRQHandler
    startup_stm32f407xx.o(RESET) refers to stm32f4xx_it.o(i.DMA2_Stream7_IRQHandler) for DMA2_Stream7_IRQHandler
    startup_stm32f407xx.o(.text) refers (Special) to heapauxi.o(.text) for __use_two_region_memory
    startup_stm32f407xx.o(.text) refers to system_stm32f4xx.o(i.SystemInit) for SystemInit
    startup_stm32f407xx.o(.text) refers to __main.o(!!!main) for __main
    startup_stm32f407xx.o(.text) refers to startup_stm32f407xx.o(HEAP) for Heap_Mem
    startup_stm32f407xx.o(.text) refers to startup_stm32f407xx.o(STACK) for Stack_Mem
    main.o(i._Z18SystemClock_Configv) refers to rt_memclr_w.o(.text) for __aeabi_memclr4
    main.o(i._Z18SystemClock_Configv) refers to stm32f4xx_hal_rcc.o(i.HAL_RCC_OscConfig) for HAL_RCC_OscConfig
    main.o(i._Z18SystemClock_Configv) refers to main.o(i.Error_Handler) for Error_Handler
    main.o(i._Z18SystemClock_Configv) refers to stm32f4xx_hal_rcc.o(i.HAL_RCC_ClockConfig) for HAL_RCC_ClockConfig
    main.o(i.main) refers to stm32f4xx_hal.o(i.HAL_Init) for HAL_Init
    main.o(i.main) refers to main.o(i._Z18SystemClock_Configv) for SystemClock_Config()
    main.o(i.main) refers to gpio.o(i.MX_GPIO_Init) for MX_GPIO_Init
    main.o(i.main) refers to dma.o(i.MX_DMA_Init) for MX_DMA_Init
    main.o(i.main) refers to can.o(i.MX_CAN1_Init) for MX_CAN1_Init
    main.o(i.main) refers to can.o(i.MX_CAN2_Init) for MX_CAN2_Init
    main.o(i.main) refers to spi.o(i.MX_SPI1_Init) for MX_SPI1_Init
    main.o(i.main) refers to tim.o(i.MX_TIM2_Init) for MX_TIM2_Init
    main.o(i.main) refers to tim.o(i.MX_TIM10_Init) for MX_TIM10_Init
    main.o(i.main) refers to usart.o(i.MX_USART1_UART_Init) for MX_USART1_UART_Init
    main.o(i.main) refers to chassis_output.o(i._Z12Chassis_Initv) for Chassis_Init()
    main.o(.ARM.exidx) refers to main.o(i.Error_Handler) for i.Error_Handler
    main.o(.ARM.exidx) refers to main.o(i._Z18SystemClock_Configv) for i._Z18SystemClock_Configv
    main.o(.ARM.exidx) refers to main.o(i.main) for i.main
    gpio.o(i.MX_GPIO_Init) refers to rt_memclr_w.o(.text) for __aeabi_memclr4
    gpio.o(i.MX_GPIO_Init) refers to stm32f4xx_hal_gpio.o(i.HAL_GPIO_WritePin) for HAL_GPIO_WritePin
[...]
    RTC_WKUP_IRQHandler                      0x08000253   Thumb Code     0  startup_stm32f407xx.o(.text)
    SDIO_IRQHandler                          0x08000253   Thumb Code     0  startup_stm32f407xx.o(.text)
    SPI2_IRQHandler                          0x08000253   Thumb Code     0  startup_stm32f407xx.o(.text)
    SPI3_IRQHandler                          0x08000253   Thumb Code     0  startup_stm32f407xx.o(.text)
    TAMP_STAMP_IRQHandler                    0x08000253   Thumb Code     0  startup_stm32f407xx.o(.text)
    TIM1_BRK_TIM9_IRQHandler                 0x08000253   Thumb Code     0  startup_stm32f407xx.o(.text)
    TIM1_CC_IRQHandler                       0x08000253   Thumb Code     0  startup_stm32f407xx.o(.text)
    TIM1_TRG_COM_TIM11_IRQHandler            0x08000253   Thumb Code     0  startup_stm32f407xx.o(.text)
    TIM3_IRQHandler                          0x08000253   Thumb Code     0  startup_stm32f407xx.o(.text)
    TIM4_IRQHandler                          0x08000253   Thumb Code     0  startup_stm32f407xx.o(.text)
    TIM5_IRQHandler                          0x08000253   Thumb Code     0  startup_stm32f407xx.o(.text)
    TIM6_DAC_IRQHandler                      0x08000253   Thumb Code     0  startup_stm32f407xx.o(.text)
    TIM7_IRQHandler                          0x08000253   Thumb Code     0  startup_stm32f407xx.o(.text)
    TIM8_BRK_TIM12_IRQHandler                0x08000253   Thumb Code     0  startup_stm32f407xx.o(.text)
    TIM8_CC_IRQHandler                       0x08000253   Thumb Code     0  startup_stm32f407xx.o(.text)
    TIM8_TRG_COM_TIM14_IRQHandler            0x08000253   Thumb Code     0  startup_stm32f407xx.o(.text)
    TIM8_UP_TIM13_IRQHandler                 0x08000253   Thumb Code     0  startup_stm32f407xx.o(.text)
    UART4_IRQHandler                         0x08000253   Thumb Code     0  startup_stm32f407xx.o(.text)
    UART5_IRQHandler                         0x08000253   Thumb Code     0  startup_stm32f407xx.o(.text)
    USART2_IRQHandler                        0x08000253   Thumb Code     0  startup_stm32f407xx.o(.text)
    USART3_IRQHandler                        0x08000253   Thumb Code     0  startup_stm32f407xx.o(.text)
    USART6_IRQHandler                        0x08000253   Thumb Code     0  startup_stm32f407xx.o(.text)
    WWDG_IRQHandler                          0x08000253   Thumb Code     0  startup_stm32f407xx.o(.text)
    __user_initial_stackheap                 0x08000255   Thumb Code     0  startup_stm32f407xx.o(.text)
    __aeabi_uldivmod                         0x08000279   Thumb Code     0  lludivv7m.o(.text)
    _ll_udiv                                 0x08000279   Thumb Code   238  lludivv7m.o(.text)
    __aeabi_atexit                           0x08000367   Thumb Code    46  aeabi_atexit.o(.text)
    __aeabi_memcpy                           0x08000395   Thumb Code     0  rt_memcpy_v6.o(.text)
    __rt_memcpy                              0x08000395   Thumb Code   138  rt_memcpy_v6.o(.text)
    _memcpy_lastbytes                        0x080003fb   Thumb Code     0  rt_memcpy_v6.o(.text)
    __aeabi_memcpy4                          0x0800041f   Thumb Code     0  rt_memcpy_w.o(.text)
    __aeabi_memcpy8                          0x0800041f   Thumb Code     0  rt_memcpy_w.o(.text)
    __rt_memcpy_w                            0x0800041f   Thumb Code   100  rt_memcpy_w.o(.text)
    _memcpy_lastbytes_aligned                0x08000467   Thumb Code     0  rt_memcpy_w.o(.text)
    __aeabi_memclr4                          0x08000483   Thumb Code     0  rt_memclr_w.o(.text)
    __aeabi_memclr8                          0x08000483   Thumb Code     0  rt_memclr_w.o(.text)
    __rt_memclr_w                            0x08000483   Thumb Code    78  rt_memclr_w.o(.text)
    _memset_w                                0x08000487   Thumb Code     0  rt_memclr_w.o(.text)
    __use_two_region_memory                  0x080004d1   Thumb Code     2  heapauxi.o(.text)
    __rt_heap_escrow                         0x080004d3   Thumb Code     2  heapauxi.o(.text)
    __rt_heap_expand                         0x080004d5   Thumb Code     2  heapauxi.o(.text)
    __cpp_initialize__aeabi_                 0x080004d9   Thumb Code    26  init_aeabi.o(.text)
    __rt_ddtor_pointer_addr                  0x080004fd   Thumb Code     8  rt_ddtor_pointer_addr_intlibspace.o(.text)
    malloc                                   0x08000505   Thumb Code    94  h1_alloc.o(.text)
    free                                     0x08000563   Thumb Code    78  h1_free.o(.text)
    __read_errno                             0x080005b1   Thumb Code    10  _rserrno.o(.text)
    __set_errno                              0x080005bb   Thumb Code    12  _rserrno.o(.text)
    __cxa_finalize                           0x080005c7   Thumb Code    66  cxa_finalize.o(.text)
    __rt_SIGPVFN                             0x08000609   Thumb Code    14  defsig_pvfn_outer.o(.text)
    __user_libspace                          0x08000619   Thumb Code     8  libspace.o(.text)
    __user_perproc_libspace                  0x08000619   Thumb Code     0  libspace.o(.text)
    __user_perthread_libspace                0x08000619   Thumb Code     0  libspace.o(.text)
    __rt_heap_descriptor                     0x08000621   Thumb Code     8  rt_heap_descriptor_intlibspace.o(.text)
    __aeabi_errno_addr                       0x08000629   Thumb Code     8  rt_errno_addr_intlibspace.o(.text)
    __errno$intlibspace                      0x08000629   Thumb Code     0  rt_errno_addr_intlibspace.o(.text)
    __rt_errno_addr$intlibspace              0x08000629   Thumb Code     0  rt_errno_addr_intlibspace.o(.text)
    __use_no_heap                            0x08000631   Thumb Code     2  hguard.o(.text)
    __heap$guard                             0x08000633   Thumb Code     2  hguard.o(.text)
    _terminate_user_alloc                    0x08000635   Thumb Code     2  init_alloc.o(.text)
    _init_user_alloc                         0x08000637   Thumb Code     2  init_alloc.o(.text)
    __Heap_Full                              0x08000639   Thumb Code    34  init_alloc.o(.text)
    __Heap_Broken                            0x0800065b   Thumb Code     6  init_alloc.o(.text)
    _init_alloc                              0x08000661   Thumb Code    94  init_alloc.o(.text)
    __Heap_Initialize                        0x080006bf   Thumb Code    10  h1_init.o(.text)
    __Heap_DescSize                          0x080006c9   Thumb Code     4  h1_init.o(.text)
    __sig_exit                               0x080006cd   Thumb Code    10  defsig_exit.o(.text)
    __rt_SIGPVFN_inner                       0x080006d9   Thumb Code    14  defsig_pvfn_inner.o(.text)
    _sys_exit                                0x08000709   Thumb Code     8  sys_exit.o(.text)
    __user_setup_stackheap                   0x08000715   Thumb Code    74  sys_stackheap_outer.o(.text)
    __Heap_ProvideMemory                     0x0800075f   Thumb Code    52  h1_extend.o(.text)
    exit                                     0x08000793   Thumb Code    18  exit.o(.text)
    __default_signal_display                 0x080007a5   Thumb Code    50  defsig_general.o(.text)
    __rt_SIGRTMEM                            0x080007d7   Thumb Code    14  defsig_rtmem_outer.o(.text)
    _ttywrch                                 0x080007e5   Thumb Code    14  sys_wrch.o(.text)
    __I$use$semihosting                      0x080007f3   Thumb Code     0  use_no_semi.o(.text)
    __use_no_semihosting_swi                 0x080007f3   Thumb Code     2  use_no_semi.o(.text)
    __rt_SIGRTMEM_inner                      0x080007f5   Thumb Code    22  defsig_rtmem_inner.o(.text)
    __semihosting_library_function           0x080007f5   Thumb Code     0  indicate_semi.o(.text)
    arm_cos_f32                              0x08000845   Thumb Code   152  arm_cos_f32.o(.text.arm_cos_f32)
    arm_mat_init_f32                         0x080008dd   Thumb Code     8  arm_mat_init_f32.o(.text.arm_mat_init_f32)
    arm_mat_mult_f32                         0x080008e5   Thumb Code   296  arm_mat_mult_f32.o(.text.arm_mat_mult_f32)
    arm_sin_f32                              0x08000a0d   Thumb Code   144  arm_sin_f32.o(.text.arm_sin_f32)
    BusFault_Handler                         0x08000a9d   Thumb Code     4  stm32f4xx_it.o(i.BusFault_Handler)
    CAN1_RX0_IRQHandler                      0x08000aa1   Thumb Code    10  stm32f4xx_it.o(i.CAN1_RX0_IRQHandler)
    CAN1_TX_IRQHandler                       0x08000ab1   Thumb Code    10  stm32f4xx_it.o(i.CAN1_TX_IRQHandler)
    CAN2_RX0_IRQHandler                      0x08000ac1   Thumb Code    10  stm32f4xx_it.o(i.CAN2_RX0_IRQHandler)
    CAN2_TX_IRQHandler                       0x08000ad1   Thumb Code    10  stm32f4xx_it.o(i.CAN2_TX_IRQHandler)
    DMA2_Stream0_IRQHandler                  0x08000ae1   Thumb Code    10  stm32f4xx_it.o(i.DMA2_Stream0_IRQHandler)
    DMA2_Stream2_IRQHandler                  0x08000af1   Thumb Code    10  stm32f4xx_it.o(i.DMA2_Stream2_IRQHandler)
    DMA2_Stream3_IRQHandler                  0x08000b01   Thumb Code    10  stm32f4xx_it.o(i.DMA2_Stream3_IRQHandler)
    DMA2_Stream7_IRQHandler                  0x08000b11   Thumb Code    10  stm32f4xx_it.o(i.DMA2_Stream7_IRQHandler)
    DebugMon_Handler                         0x08000c2b   Thumb Code     2  stm32f4xx_it.o(i.DebugMon_Handler)
    Error_Handler                            0x08000c2d   Thumb Code     6  main.o(i.Error_Handler)
    HAL_CAN_ActivateNotification             0x08000c33   Thumb Code    42  stm32f4xx_hal_can.o(i.HAL_CAN_ActivateNotification)
    HAL_CAN_AddTxMessage                     0x08000c5d   Thumb Code   330  stm32f4xx_hal_can.o(i.HAL_CAN_AddTxMessage)
    HAL_CAN_ConfigFilter                     0x08000da9   Thumb Code   284  stm32f4xx_hal_can.o(i.HAL_CAN_ConfigFilter)
    HAL_CAN_DeactivateNotification           0x08000ec9   Thumb Code    42  stm32f4xx_hal_can.o(i.HAL_CAN_DeactivateNotification)
    HAL_CAN_ErrorCallback                    0x08000ef3   Thumb Code     2  stm32f4xx_hal_can.o(i.HAL_CAN_ErrorCallback)
    HAL_CAN_GetRxMessage                     0x08000ef5   Thumb Code   404  stm32f4xx_hal_can.o(i.HAL_CAN_GetRxMessage)
    HAL_CAN_GetTxMailboxesFreeLevel          0x08001089   Thumb Code    54  stm32f4xx_hal_can.o(i.HAL_CAN_GetTxMailboxesFreeLevel)
    HAL_CAN_IRQHandler                       0x080010bf   Thumb Code   590  stm32f4xx_hal_can.o(i.HAL_CAN_IRQHandler)
    HAL_CAN_Init                             0x0800130d   Thumb Code   434  stm32f4xx_hal_can.o(i.HAL_CAN_Init)
    HAL_CAN_MspInit                          0x080014f9   Thumb Code   360  can.o(i.HAL_CAN_MspInit)
    HAL_CAN_RegisterCallback                 0x08001679   Thumb Code   178  stm32f4xx_hal_can.o(i.HAL_CAN_RegisterCallback)
    HAL_CAN_RxFifo0FullCallback              0x0800172b   Thumb Code     2  stm32f4xx_hal_can.o(i.HAL_CAN_RxFifo0FullCallback)
    HAL_CAN_RxFifo0MsgPendingCallback        0x0800172d   Thumb Code     2  stm32f4xx_hal_can.o(i.HAL_CAN_RxFifo0MsgPendingCallback)
    HAL_CAN_RxFifo1FullCallback              0x0800172f   Thumb Code     2  stm32f4xx_hal_can.o(i.HAL_CAN_RxFifo1FullCallback)
    HAL_CAN_RxFifo1MsgPendingCallback        0x08001731   Thumb Code     2  stm32f4xx_hal_can.o(i.HAL_CAN_RxFifo1MsgPendingCallback)
    HAL_CAN_SleepCallback                    0x08001733   Thumb Code     2  stm32f4xx_hal_can.o(i.HAL_CAN_SleepCallback)
    HAL_CAN_Start                            0x08001735   Thumb Code    94  stm32f4xx_hal_can.o(i.HAL_CAN_Start)
    HAL_CAN_TxMailbox0AbortCallback          0x08001793   Thumb Code     2  stm32f4xx_hal_can.o(i.HAL_CAN_TxMailbox0AbortCallback)
    HAL_CAN_TxMailbox0CompleteCallback       0x08001795   Thumb Code     2  stm32f4xx_hal_can.o(i.HAL_CAN_TxMailbox0CompleteCallback)
    HAL_CAN_TxMailbox1AbortCallback          0x08001797   Thumb Code     2  stm32f4xx_hal_can.o(i.HAL_CAN_TxMailbox1AbortCallback)
    HAL_CAN_TxMailbox1CompleteCallback       0x08001799   Thumb Code     2  stm32f4xx_hal_can.o(i.HAL_CAN_TxMailbox1CompleteCallback)
    HAL_CAN_TxMailbox2AbortCallback          0x0800179b   Thumb Code     2  stm32f4xx_hal_can.o(i.HAL_CAN_TxMailbox2AbortCallback)
    HAL_CAN_TxMailbox2CompleteCallback       0x0800179d   Thumb Code     2  stm32f4xx_hal_can.o(i.HAL_CAN_TxMailbox2CompleteCallback)
    HAL_CAN_WakeUpFromRxMsgCallback          0x0800179f   Thumb Code     2  stm32f4xx_hal_can.o(i.HAL_CAN_WakeUpFromRxMsgCallback)
    HAL_DMA_Abort                            0x080017a1   Thumb Code   172  stm32f4xx_hal_dma.o(i.HAL_DMA_Abort)
    HAL_DMA_Abort_IT                         0x0800184d   Thumb Code    40  stm32f4xx_hal_dma.o(i.HAL_DMA_Abort_IT)
    HAL_DMA_DeInit                           0x08001875   Thumb Code   112  stm32f4xx_hal_dma.o(i.HAL_DMA_DeInit)
    HAL_DMA_IRQHandler                       0x080018e5   Thumb Code   570  stm32f4xx_hal_dma.o(i.HAL_DMA_IRQHandler)
    HAL_DMA_Init                             0x08001b25   Thumb Code   232  stm32f4xx_hal_dma.o(i.HAL_DMA_Init)
    HAL_DMA_Start_IT                         0x08001c11   Thumb Code   146  stm32f4xx_hal_dma.o(i.HAL_DMA_Start_IT)
    HAL_GPIO_DeInit                          0x08001ca5   Thumb Code   320  stm32f4xx_hal_gpio.o(i.HAL_GPIO_DeInit)
    HAL_GPIO_Init                            0x08001e0d   Thumb Code   454  stm32f4xx_hal_gpio.o(i.HAL_GPIO_Init)
    HAL_GPIO_WritePin                        0x08002001   Thumb Code    12  stm32f4xx_hal_gpio.o(i.HAL_GPIO_WritePin)
    HAL_GetTick                              0x0800200d   Thumb Code     6  stm32f4xx_hal.o(i.HAL_GetTick)
    HAL_IncTick                              0x08002019   Thumb Code    16  stm32f4xx_hal.o(i.HAL_IncTick)
    HAL_Init                                 0x08002031   Thumb Code    54  stm32f4xx_hal.o(i.HAL_Init)
    HAL_InitTick                             0x0800206d   Thumb Code    64  stm32f4xx_hal.o(i.HAL_InitTick)
    HAL_MspInit                              0x080020b9   Thumb Code    84  stm32f4xx_hal_msp.o(i.HAL_MspInit)
    HAL_NVIC_DisableIRQ                      0x08002111   Thumb Code    38  stm32f4xx_hal_cortex.o(i.HAL_NVIC_DisableIRQ)
    HAL_NVIC_EnableIRQ                       0x0800213d   Thumb Code    40  stm32f4xx_hal_cortex.o(i.HAL_NVIC_EnableIRQ)
    HAL_NVIC_SetPriority                     0x08002165   Thumb Code   124  stm32f4xx_hal_cortex.o(i.HAL_NVIC_SetPriority)
    HAL_NVIC_SetPriorityGrouping             0x080021e1   Thumb Code    32  stm32f4xx_hal_cortex.o(i.HAL_NVIC_SetPriorityGrouping)
    HAL_RCC_ClockConfig                      0x08002209   Thumb Code   368  stm32f4xx_hal_rcc.o(i.HAL_RCC_ClockConfig)
    HAL_RCC_GetHCLKFreq                      0x0800238d   Thumb Code     6  stm32f4xx_hal_rcc.o(i.HAL_RCC_GetHCLKFreq)
    HAL_RCC_GetPCLK1Freq                     0x08002399   Thumb Code    22  stm32f4xx_hal_rcc.o(i.HAL_RCC_GetPCLK1Freq)
    HAL_RCC_GetPCLK2Freq                     0x080023b9   Thumb Code    22  stm32f4xx_hal_rcc.o(i.HAL_RCC_GetPCLK2Freq)
    HAL_RCC_GetSysClockFreq                  0x080023d9   Thumb Code   162  stm32f4xx_hal_rcc.o(i.HAL_RCC_GetSysClockFreq)
    HAL_RCC_OscConfig                        0x08002489   Thumb Code  1172  stm32f4xx_hal_rcc.o(i.HAL_RCC_OscConfig)
    HAL_SPI_AbortCpltCallback                0x08002925   Thumb Code     2  stm32f4xx_hal_spi.o(i.HAL_SPI_AbortCpltCallback)
    HAL_SPI_ErrorCallback                    0x08002927   Thumb Code     2  stm32f4xx_hal_spi.o(i.HAL_SPI_ErrorCallback)
    HAL_SPI_IRQHandler                       0x08002929   Thumb Code   342  stm32f4xx_hal_spi.o(i.HAL_SPI_IRQHandler)
    HAL_SPI_Init                             0x08002a85   Thumb Code   240  stm32f4xx_hal_spi.o(i.HAL_SPI_Init)
    HAL_SPI_MspInit                          0x08002b99   Thumb Code   320  spi.o(i.HAL_SPI_MspInit)
    HAL_SPI_RxCpltCallback                   0x08002cf5   Thumb Code     2  stm32f4xx_hal_spi.o(i.HAL_SPI_RxCpltCallback)
    HAL_SPI_RxHalfCpltCallback               0x08002cf7   Thumb Code     2  stm32f4xx_hal_spi.o(i.HAL_SPI_RxHalfCpltCallback)
    HAL_SPI_TxCpltCallback                   0x08002cf9   Thumb Code     2  stm32f4xx_hal_spi.o(i.HAL_SPI_TxCpltCallback)
    HAL_SPI_TxHalfCpltCallback               0x08002cfb   Thumb Code     2  stm32f4xx_hal_spi.o(i.HAL_SPI_TxHalfCpltCallback)
    HAL_SPI_TxRxCpltCallback                 0x08002cfd   Thumb Code     2  stm32f4xx_hal_spi.o(i.HAL_SPI_TxRxCpltCallback)
    HAL_SPI_TxRxHalfCpltCallback             0x08002cff   Thumb Code     2  stm32f4xx_hal_spi.o(i.HAL_SPI_TxRxHalfCpltCallback)
    HAL_SYSTICK_Config                       0x08002d01   Thumb Code    52  stm32f4xx_hal_cortex.o(i.HAL_SYSTICK_Config)
    HAL_TIMEx_BreakCallback                  0x08002d35   Thumb Code     2  stm32f4xx_hal_tim_ex.o(i.HAL_TIMEx_BreakCallback)
    HAL_TIMEx_CommutCallback                 0x08002d37   Thumb Code     2  stm32f4xx_hal_tim_ex.o(i.HAL_TIMEx_CommutCallback)
    HAL_TIMEx_CommutHalfCpltCallback         0x08002d39   Thumb Code     2  stm32f4xx_hal_tim_ex.o(i.HAL_TIMEx_CommutHalfCpltCallback)
    HAL_TIMEx_MasterConfigSynchronization    0x08002d3d   Thumb Code   150  stm32f4xx_hal_tim_ex.o(i.HAL_TIMEx_MasterConfigSynchronization)
    HAL_TIM_Base_Init                        0x08002df1   Thumb Code   116  stm32f4xx_hal_tim.o(i.HAL_TIM_Base_Init)
    HAL_TIM_Base_MspInit                     0x08002e69   Thumb Code   124  tim.o(i.HAL_TIM_Base_MspInit)
    HAL_TIM_Base_Start_IT                    0x08002eed   Thumb Code   138  stm32f4xx_hal_tim.o(i.HAL_TIM_Base_Start_IT)
    HAL_TIM_ConfigClockSource                0x08002f95   Thumb Code   268  stm32f4xx_hal_tim.o(i.HAL_TIM_ConfigClockSource)
    HAL_TIM_ErrorCallback                    0x080030a1   Thumb Code     2  stm32f4xx_hal_tim.o(i.HAL_TIM_ErrorCallback)
    HAL_TIM_IC_CaptureCallback               0x080030a3   Thumb Code     2  stm32f4xx_hal_tim.o(i.HAL_TIM_IC_CaptureCallback)
    HAL_TIM_IC_CaptureHalfCpltCallback       0x080030a5   Thumb Code     2  stm32f4xx_hal_tim.o(i.HAL_TIM_IC_CaptureHalfCpltCallback)
    HAL_TIM_IRQHandler                       0x080030a7   Thumb Code   396  stm32f4xx_hal_tim.o(i.HAL_TIM_IRQHandler)
    HAL_TIM_MspPostInit                      0x08003235   Thumb Code    84  tim.o(i.HAL_TIM_MspPostInit)
    HAL_TIM_OC_DelayElapsedCallback          0x08003295   Thumb Code     2  stm32f4xx_hal_tim.o(i.HAL_TIM_OC_DelayElapsedCallback)
    HAL_TIM_PWM_ConfigChannel                0x08003297   Thumb Code   260  stm32f4xx_hal_tim.o(i.HAL_TIM_PWM_ConfigChannel)
    HAL_TIM_PWM_Init                         0x0800339d   Thumb Code   116  stm32f4xx_hal_tim.o(i.HAL_TIM_PWM_Init)
    HAL_TIM_PWM_MspInit                      0x08003415   Thumb Code     2  stm32f4xx_hal_tim.o(i.HAL_TIM_PWM_MspInit)
    HAL_TIM_PWM_PulseFinishedCallback        0x08003417   Thumb Code     2  stm32f4xx_hal_tim.o(i.HAL_TIM_PWM_PulseFinishedCallback)
    HAL_TIM_PWM_PulseFinishedHalfCpltCallback 0x08003419   Thumb Code     2  stm32f4xx_hal_tim.o(i.HAL_TIM_PWM_PulseFinishedHalfCpltCallback)
    HAL_TIM_PeriodElapsedCallback            0x0800341b   Thumb Code     2  stm32f4xx_hal_tim.o(i.HAL_TIM_PeriodElapsedCallback)
    HAL_TIM_PeriodElapsedHalfCpltCallback    0x0800341d   Thumb Code     2  stm32f4xx_hal_tim.o(i.HAL_TIM_PeriodElapsedHalfCpltCallback)
    HAL_TIM_RegisterCallback                 0x0800341f   Thumb Code   292  stm32f4xx_hal_tim.o(i.HAL_TIM_RegisterCallback)
    HAL_TIM_TriggerCallback                  0x08003543   Thumb Code     2  stm32f4xx_hal_tim.o(i.HAL_TIM_TriggerCallback)
    HAL_TIM_TriggerHalfCpltCallback          0x08003545   Thumb Code     2  stm32f4xx_hal_tim.o(i.HAL_TIM_TriggerHalfCpltCallback)
    HAL_UARTEx_ReceiveToIdle_DMA             0x08003547   Thumb Code   112  stm32f4xx_hal_uart.o(i.HAL_UARTEx_ReceiveToIdle_DMA)
    HAL_UARTEx_RxEventCallback               0x080035b7   Thumb Code     2  stm32f4xx_hal_uart.o(i.HAL_UARTEx_RxEventCallback)
    HAL_UART_AbortCpltCallback               0x080035b9   Thumb Code     2  stm32f4xx_hal_uart.o(i.HAL_UART_AbortCpltCallback)
    HAL_UART_AbortReceiveCpltCallback        0x080035bb   Thumb Code     2  stm32f4xx_hal_uart.o(i.HAL_UART_AbortReceiveCpltCallback)
    HAL_UART_AbortTransmitCpltCallback       0x080035bd   Thumb Code     2  stm32f4xx_hal_uart.o(i.HAL_UART_AbortTransmitCpltCallback)
    HAL_UART_ErrorCallback                   0x080035c1   Thumb Code    46  ifr_usart.o(i.HAL_UART_ErrorCallback)
    HAL_UART_GetState                        0x080035f9   Thumb Code    20  stm32f4xx_hal_uart.o(i.HAL_UART_GetState)
    HAL_UART_IRQHandler                      0x0800360d   Thumb Code   772  stm32f4xx_hal_uart.o(i.HAL_UART_IRQHandler)
    HAL_UART_Init                            0x08003915   Thumb Code   132  stm32f4xx_hal_uart.o(i.HAL_UART_Init)
    HAL_UART_MspDeInit                       0x0800399d   Thumb Code    62  usart.o(i.HAL_UART_MspDeInit)
    HAL_UART_MspInit                         0x080039ed   Thumb Code   322  usart.o(i.HAL_UART_MspInit)
    HAL_UART_RegisterCallback                0x08003b4d   Thumb Code   156  stm32f4xx_hal_uart.o(i.HAL_UART_RegisterCallback)
    HAL_UART_RegisterRxEventCallback         0x08003be9   Thumb Code    76  stm32f4xx_hal_uart.o(i.HAL_UART_RegisterRxEventCallback)
    HAL_UART_RxCpltCallback                  0x08003c35   Thumb Code     2  stm32f4xx_hal_uart.o(i.HAL_UART_RxCpltCallback)
    HAL_UART_RxHalfCpltCallback              0x08003c37   Thumb Code     2  stm32f4xx_hal_uart.o(i.HAL_UART_RxHalfCpltCallback)
    HAL_UART_Transmit_DMA                    0x08003c39   Thumb Code   144  stm32f4xx_hal_uart.o(i.HAL_UART_Transmit_DMA)
    HAL_UART_TxCpltCallback                  0x08003cd5   Thumb Code     2  stm32f4xx_hal_uart.o(i.HAL_UART_TxCpltCallback)
    HAL_UART_TxHalfCpltCallback              0x08003cd7   Thumb Code     2  stm32f4xx_hal_uart.o(i.HAL_UART_TxHalfCpltCallback)
    HardFault_Handler                        0x08003cd9   Thumb Code     4  stm32f4xx_it.o(i.HardFault_Handler)
    MX_CAN1_Init                             0x08003cdd   Thumb Code    64  can.o(i.MX_CAN1_Init)
    MX_CAN2_Init                             0x08003d25   Thumb Code    64  can.o(i.MX_CAN2_Init)
    MX_DMA_Init                              0x08003d6d   Thumb Code   100  dma.o(i.MX_DMA_Init)
    MX_GPIO_Init                             0x08003dd5   Thumb Code   334  gpio.o(i.MX_GPIO_Init)
    MX_SPI1_Init                             0x08003f39   Thumb Code    62  spi.o(i.MX_SPI1_Init)
    MX_TIM10_Init                            0x08003f81   Thumb Code   100  tim.o(i.MX_TIM10_Init)
    MX_TIM2_Init                             0x08003fed   Thumb Code   102  tim.o(i.MX_TIM2_Init)
    MX_USART1_UART_Init                      0x08004059   Thumb Code    46  usart.o(i.MX_USART1_UART_Init)
    MemManage_Handler                        0x08004091   Thumb Code     4  stm32f4xx_it.o(i.MemManage_Handler)
    NMI_Handler                              0x08004095   Thumb Code     4  stm32f4xx_it.o(i.NMI_Handler)
    PendSV_Handler                           0x08004099   Thumb Code     2  stm32f4xx_it.o(i.PendSV_Handler)
    RCC_IRQHandler                           0x0800409b   Thumb Code     2  stm32f4xx_it.o(i.RCC_IRQHandler)
    SPI1_IRQHandler                          0x0800409d   Thumb Code    10  stm32f4xx_it.o(i.SPI1_IRQHandler)
    SVC_Handler                              0x080040c1   Thumb Code     2  stm32f4xx_it.o(i.SVC_Handler)
    SysTick_Handler                          0x080040c3   Thumb Code     8  stm32f4xx_it.o(i.SysTick_Handler)
    SystemInit                               0x080040cd   Thumb Code    14  system_stm32f4xx.o(i.SystemInit)
    TIM1_UP_TIM10_IRQHandler                 0x080040e1   Thumb Code    10  stm32f4xx_it.o(i.TIM1_UP_TIM10_IRQHandler)
    TIM2_IRQHandler                          0x080040f1   Thumb Code    10  stm32f4xx_it.o(i.TIM2_IRQHandler)
    TIM_Base_SetConfig                       0x08004101   Thumb Code   178  stm32f4xx_hal_tim.o(i.TIM_Base_SetConfig)
    TIM_ETR_SetConfig                        0x080041e1   Thumb Code    22  stm32f4xx_hal_tim.o(i.TIM_ETR_SetConfig)
    TIM_OC2_SetConfig                        0x08004279   Thumb Code   114  stm32f4xx_hal_tim.o(i.TIM_OC2_SetConfig)
    TIM_ResetCallback                        0x080043c1   Thumb Code    58  stm32f4xx_hal_tim.o(i.TIM_ResetCallback)
    UART_InitCallbacksToDefault              0x080046d1   Thumb Code    38  stm32f4xx_hal_uart.o(i.UART_InitCallbacksToDefault)
    UART_Start_Receive_DMA                   0x08004a45   Thumb Code   202  stm32f4xx_hal_uart.o(i.UART_Start_Receive_DMA)
    USART1_IRQHandler                        0x08004b7d   Thumb Code    10  stm32f4xx_it.o(i.USART1_IRQHandler)
    UsageFault_Handler                       0x08004b8d   Thumb Code     4  stm32f4xx_it.o(i.UsageFault_Handler)
    Chassis_Init()                           0x08004b91   Thumb Code    96  chassis_output.o(i._Z12Chassis_Initv)
    Byte_to_float(const unsigned char*)      0x08004c29   Thumb Code    32  ifr_robstride.o(i._Z13Byte_to_floatPKh)
    TIM2_Callback()                          0x08004c49   Thumb Code   224  chassis_output.o(i._Z13TIM2_Callbackv)
    uint16_to_float(unsigned short, float, float, int) 0x08004ed5   Thumb Code    48  ifr_robstride.o(i._Z15uint16_to_floattffi)
    SystemClock_Config()                     0x08004f05   Thumb Code   166  main.o(i._Z18SystemClock_Configv)
    Upper_Computer_Init(float*)              0x08004fb5   Thumb Code    28  vofa_justfloat_transmit.o(i._Z19Upper_Computer_InitPf)
    IFR_UART_Rx_Callback(__UART_HandleTypeDef*, unsigned short) 0x08004fd9   Thumb Code    36  ifr_usart.o(i._Z20IFR_UART_Rx_CallbackP20__UART_HandleTypeDeft)
    IFR_UART_Tx_Callback(__UART_HandleTypeDef*) 0x08005001   Thumb Code    32  ifr_usart.o(i._Z20IFR_UART_Tx_CallbackP20__UART_HandleTypeDef)
    Upper_Computer_Show_Wave()               0x08005025   Thumb Code   146  vofa_justfloat_transmit.o(i._Z24Upper_Computer_Show_Wavev)
    IFR_CAN_Recevice_Callback(__CAN_HandleTypeDef*) 0x080050c9   Thumb Code    38  ifr_can.o(i._Z25IFR_CAN_Recevice_CallbackP19__CAN_HandleTypeDef)
    IFR_CAN_Transmit_Callback(__CAN_HandleTypeDef*) 0x080050f5   Thumb Code    38  ifr_can.o(i._Z25IFR_CAN_Transmit_CallbackP19__CAN_HandleTypeDef)
    IFR_TIM_Overflow_Callback(__TIM_HandleTypeDef*) 0x08005121   Thumb Code    26  ifr_tim.o(i._Z25IFR_TIM_Overflow_CallbackP19__TIM_HandleTypeDef)
    Update(Single_Leg_Typedef*)              0x08005141   Thumb Code   350  chassis_output.o(i._Z6UpdateP18Single_Leg_Typedef)
    VOFA_Init(__UART_HandleTypeDef*)         0x080052dd   Thumb Code    28  vofa_justfloat_transmit.o(i._Z9VOFA_InitP20__UART_HandleTypeDef)
    RingBuffer::get_bytes(unsigned char*, unsigned char) 0x08005305   Thumb Code    78  ifr_usart.o(i._ZN10RingBuffer9get_bytesEPhh)
    RingBuffer::put_bytes(const unsigned char*, unsigned char) 0x08005353   Thumb Code    76  ifr_usart.o(i._ZN10RingBuffer9put_bytesEPKhh)
    CanMsgQueue::enqueue(const CanMsg&)      0x0800539f   Thumb Code   186  ifr_can.o(i._ZN11CanMsgQueue7enqueueERK6CanMsg)
    CanMsgQueue::CanMsgQueue()               0x08005459   Thumb Code    16  chassis_output.o(i._ZN11CanMsgQueueC1Ev)
    CanMsgQueue::CanMsgQueue__sub_object()   0x08005459   Thumb Code     0  chassis_output.o(i._ZN11CanMsgQueueC1Ev)
    IFR_RS_Motor::Motor_Init(unsigned char, RS_Motor_type, CanMsgQueue*) 0x08005469   Thumb Code   440  ifr_robstride.o(i._ZN12IFR_RS_Motor10Motor_InitEh13RS_Motor_typeP11CanMsgQueue)
    IFR_RS_Motor::parse_can_msg(const CanMsg&) 0x0800566d   Thumb Code   770  ifr_robstride.o(i._ZN12IFR_RS_Motor13parse_can_msgERK6CanMsg)
    IFR_RS_Motor::generate_can_msg(CanMsg&)  0x08005985   Thumb Code    46  ifr_robstride.o(i._ZN12IFR_RS_Motor16generate_can_msgER6CanMsg)
    IFR_RS_Motor::Enable()                   0x080059b3   Thumb Code    40  ifr_robstride.o(i._ZN12IFR_RS_Motor6EnableEv)
    IFR_RS_Motor::IFR_RS_Motor(unsigned char, RS_Motor_type, CanMsgQueue*) 0x080059dd   Thumb Code    42  ifr_robstride.o(i._ZN12IFR_RS_MotorC1Eh13RS_Motor_typeP11CanMsgQueue)
    IFR_RS_Motor::IFR_RS_Motor__sub_object(unsigned char, RS_Motor_type, CanMsgQueue*) 0x080059dd   Thumb Code     0  ifr_robstride.o(i._ZN12IFR_RS_MotorC1Eh13RS_Motor_typeP11CanMsgQueue)
    IFR_RS_Motor::~IFR_RS_Motor()            0x08005a0d   Thumb Code     4  ifr_robstride.o(i._ZN12IFR_RS_MotorD1Ev)
    IFR_RS_Motor::~IFR_RS_Motor__sub_object() 0x08005a0d   Thumb Code     0  ifr_robstride.o(i._ZN12IFR_RS_MotorD1Ev)
    RS_Motor_Prame::set(float, float, float, float, float, float, float, float, float, float) 0x08005a11   Thumb Code    42  ifr_robstride.o(i._ZN14RS_Motor_Prame3setEffffffffff)
    IFR_Basic_Motor::IFR_Basic_Motor__sub_object() 0x08005a3d   Thumb Code     6  ifr_dmmotor.o(i._ZN15IFR_Basic_MotorC2Ev)
    IFR_CAN_ClassDef::CAN_Recevice()         0x08005a49   Thumb Code   186  ifr_can.o(i._ZN16IFR_CAN_ClassDef12CAN_ReceviceEv)
    IFR_CAN_ClassDef::RegisterMotor(IFR_Basic_Motor*) 0x08005b03   Thumb Code    72  ifr_can.o(i._ZN16IFR_CAN_ClassDef13RegisterMotorEP15IFR_Basic_Motor)
    IFR_CAN_ClassDef::SendQueuedMsgs()       0x08005b4b   Thumb Code   204  ifr_can.o(i._ZN16IFR_CAN_ClassDef14SendQueuedMsgsEv)
    IFR_CAN_ClassDef::_ConfigCANFilter()     0x08005c19   Thumb Code    76  ifr_can.o(i._ZN16IFR_CAN_ClassDef16_ConfigCANFilterEv)
    IFR_CAN_ClassDef::CAN_Init(__CAN_HandleTypeDef*, CanMsgQueue*) 0x08005c69   Thumb Code   112  ifr_can.o(i._ZN16IFR_CAN_ClassDef8CAN_InitEP19__CAN_HandleTypeDefP11CanMsgQueue)
    IFR_CAN_ClassDef::IFR_CAN_ClassDef()     0x08005ce5   Thumb Code    34  chassis_output.o(i._ZN16IFR_CAN_ClassDefC1Ev)
    IFR_CAN_ClassDef::IFR_CAN_ClassDef__sub_object() 0x08005ce5   Thumb Code     0  chassis_output.o(i._ZN16IFR_CAN_ClassDefC1Ev)
    IFR_CAN_ClassDef::~IFR_CAN_ClassDef()    0x08005d07   Thumb Code     2  chassis_output.o(i._ZN16IFR_CAN_ClassDefD1Ev)
    IFR_CAN_ClassDef::~IFR_CAN_ClassDef__sub_object() 0x08005d07   Thumb Code     0  chassis_output.o(i._ZN16IFR_CAN_ClassDefD1Ev)
    IFR_TIM_ClassDef::TIM_ITStart(__TIM_HandleTypeDef*, void(*)()) 0x08005d09   Thumb Code    40  ifr_tim.o(i._ZN16IFR_TIM_ClassDef11TIM_ITStartEP19__TIM_HandleTypeDefPFvvE)
    IFR_TIM_ClassDef::TaskFunction_Call()    0x08005d39   Thumb Code    14  ifr_tim.o(i._ZN16IFR_TIM_ClassDef17TaskFunction_CallEv)
    IFR_USART_ClassDef::Rx_Process(unsigned short) 0x08005d47   Thumb Code    76  ifr_usart.o(i._ZN18IFR_USART_ClassDef10Rx_ProcessEt)
    IFR_USART_ClassDef::TransmitData(unsigned char*, unsigned char) 0x08005d93   Thumb Code    28  ifr_usart.o(i._ZN18IFR_USART_ClassDef12TransmitDataEPhh)
    IFR_USART_ClassDef::Start_DMA_Receive()  0x08005daf   Thumb Code    38  ifr_usart.o(i._ZN18IFR_USART_ClassDef17Start_DMA_ReceiveEv)
    IFR_USART_ClassDef::Transmit_Tx_Queue()  0x08005dd5   Thumb Code   180  ifr_usart.o(i._ZN18IFR_USART_ClassDef17Transmit_Tx_QueueEv)
    IFR_USART_ClassDef::Init(__UART_HandleTypeDef*, void(*)(unsigned char*, unsigned char)) 0x08005e8d   Thumb Code    58  ifr_usart.o(i._ZN18IFR_USART_ClassDef4InitEP20__UART_HandleTypeDefPFvPhhE)
    IFR_USART_ClassDef::Restart()            0x08005ed5   Thumb Code    66  ifr_usart.o(i._ZN18IFR_USART_ClassDef7RestartEv)
    Single_Leg_Typedef::L_Control()          0x08005f21   Thumb Code    42  chassis_controller.o(i._ZN18Single_Leg_Typedef9L_ControlEv)
    Single_Leg_Typedef::Single_Leg_Typedef(unsigned char) 0x08005f4d   Thumb Code    58  chassis_controller.o(i._ZN18Single_Leg_TypedefC1Eh)
    Single_Leg_Typedef::Single_Leg_Typedef__sub_object(unsigned char) 0x08005f4d   Thumb Code     0  chassis_controller.o(i._ZN18Single_Leg_TypedefC1Eh)
    Chassis_Motor_output::Chassis_Motor_output() 0x08005f99   Thumb Code     2  chassis_output.o(i._ZN20Chassis_Motor_outputC1Ev)
    Chassis_Motor_output::Chassis_Motor_output__sub_object() 0x08005f99   Thumb Code     0  chassis_output.o(i._ZN20Chassis_Motor_outputC1Ev)
    IFR_PID::Positional_PID(float, float)    0x08005f9d   Thumb Code   624  ifr_pid.o(i._ZN7IFR_PID14Positional_PIDEff)
    IFR_PID::PID_Init(float, float, float, float, float, float, float, float, float) 0x08006211   Thumb Code    38  ifr_pid.o(i._ZN7IFR_PID8PID_InitEfffffffff)
    LQR_CAL_::State_Update(Angle, Speed, Wheel_Info, Body_Info, VMC_result) 0x08006239   Thumb Code   144  lqr_cal.o(i._ZN8LQR_CAL_12State_UpdateE5Angle5Speed10Wheel_Info9Body_Info10VMC_result)
    LQR_CAL_::Kmat_Simplify(VMC_result)      0x080062d1   Thumb Code    72  lqr_cal.o(i._ZN8LQR_CAL_13Kmat_SimplifyE10VMC_result)
    LQR_CAL_::LQR_Total_Cal()                0x0800631d   Thumb Code   174  lqr_cal.o(i._ZN8LQR_CAL_13LQR_Total_CalEv)
    LQR_CAL_::d_phi0_Update(Speed*, Angle)   0x080063cd   Thumb Code   498  lqr_cal.o(i._ZN8LQR_CAL_13d_phi0_UpdateEP5Speed5Angle)
    LQR_CAL_::LQR_Output_Cal()               0x080065c5   Thumb Code    22  lqr_cal.o(i._ZN8LQR_CAL_14LQR_Output_CalEv)
    LQR_CAL_::LQR_CAL_(Single_Leg_Typedef*)  0x080065db   Thumb Code    28  lqr_cal.o(i._ZN8LQR_CAL_C1EP18Single_Leg_Typedef)
    LQR_CAL_::LQR_CAL___sub_object(Single_Leg_Typedef*) 0x080065db   Thumb Code     0  lqr_cal.o(i._ZN8LQR_CAL_C1EP18Single_Leg_Typedef)
    VMC_CAL_::Torque_Cal(Tip_output_require*, Output*) 0x080065f7   Thumb Code    76  vmc_cal.o(i._ZN8VMC_CAL_10Torque_CalEP18Tip_output_requireP6Output)
    VMC_CAL_::Jmat_Update(Angle*, VMC_result*) 0x08006645   Thumb Code   808  vmc_cal.o(i._ZN8VMC_CAL_11Jmat_UpdateEP5AngleP10VMC_result)
    VMC_CAL_::VMC_CAL_(Single_Leg_Typedef*)  0x0800697d   Thumb Code    28  vmc_cal.o(i._ZN8VMC_CAL_C1EP18Single_Leg_Typedef)
    VMC_CAL_::VMC_CAL___sub_object(Single_Leg_Typedef*) 0x0800697d   Thumb Code     0  vmc_cal.o(i._ZN8VMC_CAL_C1EP18Single_Leg_Typedef)
    CanMsgQueue::is_full() const             0x08006999   Thumb Code    18  ifr_can.o(i._ZNK11CanMsgQueue7is_fullEv)
    CanMsgQueue::is_empty() const            0x080069ab   Thumb Code    16  ifr_can.o(i._ZNK11CanMsgQueue8is_emptyEv)
    GenericQueue::is_empty() const           0x080069bb   Thumb Code    16  ifr_usart.o(i._ZNK12GenericQueue8is_emptyEv)
    std::sqrt(float)                         0x080069cb   Thumb Code    24  vmc_cal.o(i._ZSt4sqrtf)
    __ARM_fpclassifyf                        0x080069e3   Thumb Code    38  fpclassifyf.o(i.__ARM_fpclassifyf)
    __cxa_guard_acquire                      0x08006a41   Thumb Code    16  cxa_guard_acquire.o(i.__cxa_guard_acquire)
    __cxa_pure_virtual                       0x08006a51   Thumb Code     6  pure_virt.o(i.__cxa_pure_virtual)
    __hardfp_sinf                            0x08006a59   Thumb Code   344  sinf.o(i.__hardfp_sinf)
    __hardfp_sqrtf                           0x08006be9   Thumb Code    58  sqrtf.o(i.__hardfp_sqrtf)
    __mathlib_flt_infnan                     0x08006c23   Thumb Code     6  funder.o(i.__mathlib_flt_infnan)
    __mathlib_flt_invalid                    0x08006c29   Thumb Code    10  funder.o(i.__mathlib_flt_invalid)
    __mathlib_flt_underflow                  0x08006c39   Thumb Code    10  funder.o(i.__mathlib_flt_underflow)
    __mathlib_rredf2                         0x08006c49   Thumb Code   316  rredf.o(i.__mathlib_rredf2)
    arm_atan2_f32                            0x08006f05   Thumb Code   744  arm_atan2_f32.o(i.arm_atan2_f32)
    main                                     0x08007205   Thumb Code    48  main.o(i.main)
    _fp_init                                 0x08007235   Thumb Code    10  fpinit.o(x$fpl$fpinit)
    __fplib_config_fpu_vfp                   0x0800723d   Thumb Code     0  fpinit.o(x$fpl$fpinit)
    __fplib_config_pureend_doubles           0x0800723d   Thumb Code     0  fpinit.o(x$fpl$fpinit)
    AHBPrescTable                            0x0800723e   Data          16  system_stm32f4xx.o(.constdata)
    __I$use$fp                               0x0800723e   Number         0  usenofp.o(x$fpl$usenofp)
    APBPrescTable                            0x0800724e   Data           8  system_stm32f4xx.o(.constdata)
    vtable for IFR_RS_Motor                  0x080072d8   Data          24  ifr_robstride.o(.constdata__ZTV12IFR_RS_Motor)
    vtable for IFR_Basic_Motor               0x080072f0   Data          24  ifr_dmmotor.o(.constdata__ZTV15IFR_Basic_Motor)
    sinTable_f32                             0x08007308   Data        2052  arm_common_tables.o(.rodata.sinTable_f32)
    Region$$Table$$Base                      0x08007b0c   Number         0  anon$$obj.o(Region$$Table)
    Region$$Table$$Limit                     0x08007b2c   Number         0  anon$$obj.o(Region$$Table)
    SHT$$INIT_ARRAY$$Base                    0x08007b2c   Number         0  chassis_output.o(.init_array)
    SHT$$INIT_ARRAY$$Limit                   0x08007b40   Number         0  init_aeabi.o(.init_array)
    SystemCoreClock                          0x20000004   Data           4  system_stm32f4xx.o(.data)
    Chassis                                  0x20000008   Data           1  chassis_output.o(.data)
    Tim2                                     0x2000000c   Data           4  chassis_output.o(.data)
    a                                        0x20000038   Data           4  vofa_justfloat_transmit.o(.data)
    Data_Number                              0x2000003c   Data           1  vofa_justfloat_transmit.o(.data)
    uwTick                                   0x20000070   Data           4  stm32f4xx_hal.o(.data)
    uwTickPrio                               0x20000074   Data           4  stm32f4xx_hal.o(.data)
    uwTickFreq                               0x20000078   Data           1  stm32f4xx_hal.o(.data)
    hcan1                                    0x2000007c   Data         100  can.o(.bss)
    hcan2                                    0x200000e0   Data         100  can.o(.bss)
    hspi1                                    0x20000144   Data         128  spi.o(.bss)
    hdma_spi1_rx                             0x200001c4   Data          96  spi.o(.bss)
    hdma_spi1_tx                             0x20000224   Data          96  spi.o(.bss)
    htim2                                    0x20000284   Data         180  tim.o(.bss)
    htim10                                   0x20000338   Data         180  tim.o(.bss)
    huart1                                   0x200003ec   Data         120  usart.o(.bss)
    hdma_usart1_rx                           0x20000464   Data          96  usart.o(.bss)
    hdma_usart1_tx                           0x200004c4   Data          96  usart.o(.bss)
    CAN_Pointer                              0x20000524   Data          12  ifr_can.o(.bss)
    TIM_Pointer                              0x20000530   Data          60  ifr_tim.o(.bss)
    USART_Pointers                           0x2000056c   Data          44  ifr_usart.o(.bss)
    UART_Error_Count                         0x20000598   Data          40  ifr_usart.o(.bss)
    Can1_Msg                                 0x200005c0   Data         264  chassis_output.o(.bss)
    Can2_Msg                                 0x200006c8   Data         264  chassis_output.o(.bss)
    Can1                                     0x200007d0   Data         100  chassis_output.o(.bss)
    Can2                                     0x20000834   Data         100  chassis_output.o(.bss)
    L_motor_1                                0x20000898   Data         196  chassis_output.o(.bss)
    L_motor_4                                0x2000095c   Data         196  chassis_output.o(.bss)
    R_motor_1                                0x20000a20   Data         196  chassis_output.o(.bss)
    R_motor_4                                0x20000ae4   Data         196  chassis_output.o(.bss)
    usart1                                   0x20000ba8   Data         740  vofa_justfloat_transmit.o(.bss)
    UserData                                 0x20000e8c   Data          40  vofa_justfloat_transmit.o(.bss)
    data_to_send                             0x20000eb4   Data          44  vofa_justfloat_transmit.o(.bss)
    Left_Leg                                 0x20000ee0   Data         188  chassis_controller.o(.bss)
    Right_Leg                                0x20000f9c   Data         188  chassis_controller.o(.bss)
    Left_VMC                                 0x20001058   Data          60  vmc_cal.o(.bss)
    Right_VMC                                0x20001094   Data          60  vmc_cal.o(.bss)
    Left_LQR                                 0x200010d0   Data         300  lqr_cal.o(.bss)
    Right_LQR                                0x200011fc   Data         300  lqr_cal.o(.bss)
    __libspace_start                         0x20001328   Data          96  libspace.o(.bss)
    __temporary_stack_top$libspace           0x20001388   Data           0  libspace.o(.bss)



==============================================================================

Memory Map of the image

  Image Entry point : 0x08000189

  Load Region LR_IROM1 (Base: 0x08000000, Size: 0x00007bbc, Max: 0x00100000, ABSOLUTE)

    Execution Region ER_IROM1 (Exec base: 0x08000000, Load base: 0x08000000, Size: 0x00007b40, Max: 0x00100000, ABSOLUTE)

    Exec Addr    Load Addr    Size         Type   Attr      Idx    E Section Name        Object

    0x08000000   0x08000000   0x00000188   Data   RO            3    RESET               startup_stm32f407xx.o
    0x08000188   0x08000188   0x00000008   Code   RO         5929  * !!!main             c_w.l(__main.o)
    0x08000190   0x08000190   0x00000034   Code   RO         6429    !!!scatter          c_w.l(__scatter.o)
    0x080001c4   0x080001c4   0x0000001a   Code   RO         6431    !!handler_copy      c_w.l(__scatter_copy.o)
    0x080001de   0x080001de   0x00000002   PAD
    0x080001e0   0x080001e0   0x0000001c   Code   RO         6433    !!handler_zi        c_w.l(__scatter_zi.o)
    0x080001fc   0x080001fc   0x00000002   Code   RO         6378    .ARM.Collect$$libinit$$00000000  c_w.l(libinit.o)
    0x080001fe   0x080001fe   0x00000004   Code   RO         6160    .ARM.Collect$$libinit$$00000001  c_w.l(libinit2.o)
    0x08000202   0x08000202   0x00000000   Code   RO         6163    .ARM.Collect$$libinit$$00000004  c_w.l(libinit2.o)
    0x08000202   0x08000202   0x00000008   Code   RO         6164    .ARM.Collect$$libinit$$00000005  c_w.l(libinit2.o)
    0x0800020a   0x0800020a   0x00000000   Code   RO         6166    .ARM.Collect$$libinit$$0000000A  c_w.l(libinit2.o)
    0x0800020a   0x0800020a   0x00000000   Code   RO         6168    .ARM.Collect$$libinit$$0000000C  c_w.l(libinit2.o)
    0x0800020a   0x0800020a   0x00000000   Code   RO         6170    .ARM.Collect$$libinit$$0000000E  c_w.l(libinit2.o)
    0x0800020a   0x0800020a   0x00000000   Code   RO         6173    .ARM.Collect$$libinit$$00000011  c_w.l(libinit2.o)
    0x0800020a   0x0800020a   0x00000000   Code   RO         6175    .ARM.Collect$$libinit$$00000013  c_w.l(libinit2.o)
    0x0800020a   0x0800020a   0x00000000   Code   RO         6177    .ARM.Collect$$libinit$$00000015  c_w.l(libinit2.o)
    0x0800020a   0x0800020a   0x00000000   Code   RO         6179    .ARM.Collect$$libinit$$00000017  c_w.l(libinit2.o)
    0x0800020a   0x0800020a   0x00000000   Code   RO         6181    .ARM.Collect$$libinit$$00000019  c_w.l(libinit2.o)
    0x0800020a   0x0800020a   0x00000000   Code   RO         6183    .ARM.Collect$$libinit$$0000001B  c_w.l(libinit2.o)
    0x0800020a   0x0800020a   0x00000000   Code   RO         6185    .ARM.Collect$$libinit$$0000001D  c_w.l(libinit2.o)
    0x0800020a   0x0800020a   0x00000000   Code   RO         6187    .ARM.Collect$$libinit$$0000001F  c_w.l(libinit2.o)
    0x0800020a   0x0800020a   0x00000000   Code   RO         6189    .ARM.Collect$$libinit$$00000021  c_w.l(libinit2.o)
    0x0800020a   0x0800020a   0x00000000   Code   RO         6191    .ARM.Collect$$libinit$$00000023  c_w.l(libinit2.o)
    0x0800020a   0x0800020a   0x00000000   Code   RO         6193    .ARM.Collect$$libinit$$00000025  c_w.l(libinit2.o)
    0x0800020a   0x0800020a   0x00000000   Code   RO         6197    .ARM.Collect$$libinit$$0000002C  c_w.l(libinit2.o)
    0x0800020a   0x0800020a   0x00000000   Code   RO         6199    .ARM.Collect$$libinit$$0000002E  c_w.l(libinit2.o)
    0x0800020a   0x0800020a   0x00000000   Code   RO         6201    .ARM.Collect$$libinit$$00000030  c_w.l(libinit2.o)
    0x0800020a   0x0800020a   0x00000004   Code   RO         6202    .ARM.Collect$$libinit$$00000031  c_w.l(libinit2.o)
    0x0800020e   0x0800020e   0x00000000   Code   RO         6203    .ARM.Collect$$libinit$$00000032  c_w.l(libinit2.o)
    0x0800020e   0x0800020e   0x00000002   Code   RO         6204    .ARM.Collect$$libinit$$00000033  c_w.l(libinit2.o)
    0x08000210   0x08000210   0x00000002   Code   RO         6426    .ARM.Collect$$libshutdown$$00000000  c_w.l(libshutdown.o)
    0x08000212   0x08000212   0x00000006   Code   RO         6300    .ARM.Collect$$libshutdown$$00000001  c_w.l(libshutdown2.o)
    0x08000218   0x08000218   0x00000000   Code   RO         6301    .ARM.Collect$$libshutdown$$00000002  c_w.l(libshutdown2.o)
    0x08000218   0x08000218   0x00000000   Code   RO         6303    .ARM.Collect$$libshutdown$$00000004  c_w.l(libshutdown2.o)
    0x08000218   0x08000218   0x00000000   Code   RO         6306    .ARM.Collect$$libshutdown$$00000007  c_w.l(libshutdown2.o)
    0x08000218   0x08000218   0x00000000   Code   RO         6309    .ARM.Collect$$libshutdown$$0000000A  c_w.l(libshutdown2.o)
    0x08000218   0x08000218   0x00000000   Code   RO         6311    .ARM.Collect$$libshutdown$$0000000C  c_w.l(libshutdown2.o)
    0x08000218   0x08000218   0x00000000   Code   RO         6314    .ARM.Collect$$libshutdown$$0000000F  c_w.l(libshutdown2.o)
    0x08000218   0x08000218   0x00000002   Code   RO         6315    .ARM.Collect$$libshutdown$$00000010  c_w.l(libshutdown2.o)
    0x0800021a   0x0800021a   0x00000000   Code   RO         6079    .ARM.Collect$$rtentry$$00000000  c_w.l(__rtentry.o)
    0x0800021a   0x0800021a   0x00000000   Code   RO         6244    .ARM.Collect$$rtentry$$00000002  c_w.l(__rtentry2.o)
    0x0800021a   0x0800021a   0x00000006   Code   RO         6256    .ARM.Collect$$rtentry$$00000004  c_w.l(__rtentry4.o)
    0x08000220   0x08000220   0x00000000   Code   RO         6246    .ARM.Collect$$rtentry$$00000009  c_w.l(__rtentry2.o)
    0x08000220   0x08000220   0x00000004   Code   RO         6247    .ARM.Collect$$rtentry$$0000000A  c_w.l(__rtentry2.o)
    0x08000224   0x08000224   0x00000000   Code   RO         6249    .ARM.Collect$$rtentry$$0000000C  c_w.l(__rtentry2.o)
    0x08000224   0x08000224   0x00000008   Code   RO         6250    .ARM.Collect$$rtentry$$0000000D  c_w.l(__rtentry2.o)
    0x0800022c   0x0800022c   0x00000002   Code   RO         6387    .ARM.Collect$$rtexit$$00000000  c_w.l(rtexit.o)
    0x0800022e   0x0800022e   0x00000000   Code   RO         6402    .ARM.Collect$$rtexit$$00000002  c_w.l(rtexit2.o)
    0x0800022e   0x0800022e   0x00000004   Code   RO         6403    .ARM.Collect$$rtexit$$00000003  c_w.l(rtexit2.o)
    0x08000232   0x08000232   0x00000006   Code   RO         6404    .ARM.Collect$$rtexit$$00000004  c_w.l(rtexit2.o)
    0x08000238   0x08000238   0x00000000   Code   RO         6344    .emb_text           c_w.l(maybetermalloc1.o)
    0x08000238   0x08000238   0x00000040   Code   RO            4    .text               startup_stm32f407xx.o
    0x08000278   0x08000278   0x000000ee   Code   RO         5913    .text               c_w.l(lludivv7m.o)
    0x08000366   0x08000366   0x0000002e   Code   RO         5918    .text               c_w.l(aeabi_atexit.o)
    0x08000394   0x08000394   0x0000008a   Code   RO         5921    .text               c_w.l(rt_memcpy_v6.o)
    0x0800041e   0x0800041e   0x00000064   Code   RO         5923    .text               c_w.l(rt_memcpy_w.o)
    0x08000482   0x08000482   0x0000004e   Code   RO         5925    .text               c_w.l(rt_memclr_w.o)
    0x080004d0   0x080004d0   0x00000006   Code   RO         5927    .text               c_w.l(heapauxi.o)
    0x080004d6   0x080004d6   0x00000002   PAD
    0x080004d8   0x080004d8   0x00000024   Code   RO         5934    .text               c_w.l(init_aeabi.o)
    0x080004fc   0x080004fc   0x00000008   Code   RO         6087    .text               c_w.l(rt_ddtor_pointer_addr_intlibspace.o)
    0x08000504   0x08000504   0x0000005e   Code   RO         6093    .text               c_w.l(h1_alloc.o)
    0x08000562   0x08000562   0x0000004e   Code   RO         6095    .text               c_w.l(h1_free.o)
    0x080005b0   0x080005b0   0x00000016   Code   RO         6151    .text               c_w.l(_rserrno.o)
    0x080005c6   0x080005c6   0x00000042   Code   RO         6153    .text               c_w.l(cxa_finalize.o)
    0x08000608   0x08000608   0x0000000e   Code   RO         6156    .text               c_w.l(defsig_pvfn_outer.o)
    0x08000616   0x08000616   0x00000002   PAD
    0x08000618   0x08000618   0x00000008   Code   RO         6238    .text               c_w.l(libspace.o)
    0x08000620   0x08000620   0x00000008   Code   RO         6265    .text               c_w.l(rt_heap_descriptor_intlibspace.o)
    0x08000628   0x08000628   0x00000008   Code   RO         6270    .text               c_w.l(rt_errno_addr_intlibspace.o)
    0x08000630   0x08000630   0x00000004   Code   RO         6272    .text               c_w.l(hguard.o)
    0x08000634   0x08000634   0x0000008a   Code   RO         6274    .text               c_w.l(init_alloc.o)
    0x080006be   0x080006be   0x0000000e   Code   RO         6278    .text               c_w.l(h1_init.o)
    0x080006cc   0x080006cc   0x0000000a   Code   RO         6292    .text               c_w.l(defsig_exit.o)
    0x080006d6   0x080006d6   0x00000002   PAD
    0x080006d8   0x080006d8   0x00000030   Code   RO         6294    .text               c_w.l(defsig_pvfn_inner.o)
    0x08000708   0x08000708   0x0000000c   Code   RO         6333    .text               c_w.l(sys_exit.o)
    0x08000714   0x08000714   0x0000004a   Code   RO         6335    .text               c_w.l(sys_stackheap_outer.o)
    0x0800075e   0x0800075e   0x00000034   Code   RO         6346    .text               c_w.l(h1_extend.o)
    0x08000792   0x08000792   0x00000012   Code   RO         6350    .text               c_w.l(exit.o)
    0x080007a4   0x080007a4   0x00000032   Code   RO         6356    .text               c_w.l(defsig_general.o)
    0x080007d6   0x080007d6   0x0000000e   Code   RO         6362    .text               c_w.l(defsig_rtmem_outer.o)
    0x080007e4   0x080007e4   0x0000000e   Code   RO         6382    .text               c_w.l(sys_wrch.o)
    0x080007f2   0x080007f2   0x00000002   Code   RO         6384    .text               c_w.l(use_no_semi.o)
    0x080007f4   0x080007f4   0x00000000   Code   RO         6386    .text               c_w.l(indicate_semi.o)
    0x080007f4   0x080007f4   0x00000050   Code   RO         6397    .text               c_w.l(defsig_rtmem_inner.o)
    0x08000844   0x08000844   0x00000098   Code   RO         5757    .text.arm_cos_f32   arm_cortexM4lf_math.lib(arm_cos_f32.o)
    0x080008dc   0x080008dc   0x00000008   Code   RO         5775    .text.arm_mat_init_f32  arm_cortexM4lf_math.lib(arm_mat_init_f32.o)
    0x080008e4   0x080008e4   0x00000128   Code   RO         5783    .text.arm_mat_mult_f32  arm_cortexM4lf_math.lib(arm_mat_mult_f32.o)
    0x08000a0c   0x08000a0c   0x00000090   Code   RO         5766    .text.arm_sin_f32   arm_cortexM4lf_math.lib(arm_sin_f32.o)
    0x08000a9c   0x08000a9c   0x00000004   Code   RO          643    i.BusFault_Handler  stm32f4xx_it.o
    0x08000aa0   0x08000aa0   0x00000010   Code   RO          644    i.CAN1_RX0_IRQHandler  stm32f4xx_it.o
    0x08000ab0   0x08000ab0   0x00000010   Code   RO          645    i.CAN1_TX_IRQHandler  stm32f4xx_it.o
    0x08000ac0   0x08000ac0   0x00000010   Code   RO          646    i.CAN2_RX0_IRQHandler  stm32f4xx_it.o
    0x08000ad0   0x08000ad0   0x00000010   Code   RO          647    i.CAN2_TX_IRQHandler  stm32f4xx_it.o
    0x08000ae0   0x08000ae0   0x00000010   Code   RO          648    i.DMA2_Stream0_IRQHandler  stm32f4xx_it.o
    0x08000af0   0x08000af0   0x00000010   Code   RO          649    i.DMA2_Stream2_IRQHandler  stm32f4xx_it.o
    0x08000b00   0x08000b00   0x00000010   Code   RO          650    i.DMA2_Stream3_IRQHandler  stm32f4xx_it.o
    0x08000b10   0x08000b10   0x00000010   Code   RO          651    i.DMA2_Stream7_IRQHandler  stm32f4xx_it.o
    0x08000b20   0x08000b20   0x00000034   Code   RO         3264    i.DMA_CalcBaseAndBitshift  stm32f4xx_hal_dma.o
    0x08000b54   0x08000b54   0x000000aa   Code   RO         3265    i.DMA_CheckFifoParam  stm32f4xx_hal_dma.o
    0x08000bfe   0x08000bfe   0x0000002c   Code   RO         3266    i.DMA_SetConfig     stm32f4xx_hal_dma.o
    0x08000c2a   0x08000c2a   0x00000002   Code   RO          652    i.DebugMon_Handler  stm32f4xx_it.o
    0x08000c2c   0x08000c2c   0x00000006   Code   RO           13    i.Error_Handler     main.o
    0x08000c32   0x08000c32   0x0000002a   Code   RO         2515    i.HAL_CAN_ActivateNotification  stm32f4xx_hal_can.o
    0x08000c5c   0x08000c5c   0x0000014a   Code   RO         2516    i.HAL_CAN_AddTxMessage  stm32f4xx_hal_can.o
    0x08000da6   0x08000da6   0x00000002   PAD
    0x08000da8   0x08000da8   0x00000120   Code   RO         2517    i.HAL_CAN_ConfigFilter  stm32f4xx_hal_can.o
    0x08000ec8   0x08000ec8   0x0000002a   Code   RO         2519    i.HAL_CAN_DeactivateNotification  stm32f4xx_hal_can.o
    0x08000ef2   0x08000ef2   0x00000002   Code   RO         2520    i.HAL_CAN_ErrorCallback  stm32f4xx_hal_can.o
    0x08000ef4   0x08000ef4   0x00000194   Code   RO         2523    i.HAL_CAN_GetRxMessage  stm32f4xx_hal_can.o
    0x08001088   0x08001088   0x00000036   Code   RO         2525    i.HAL_CAN_GetTxMailboxesFreeLevel  stm32f4xx_hal_can.o
    0x080010be   0x080010be   0x0000024e   Code   RO         2527    i.HAL_CAN_IRQHandler  stm32f4xx_hal_can.o
    0x0800130c   0x0800130c   0x000001ec   Code   RO         2528    i.HAL_CAN_Init      stm32f4xx_hal_can.o
    0x080014f8   0x080014f8   0x00000180   Code   RO          430    i.HAL_CAN_MspInit   can.o
    0x08001678   0x08001678   0x000000b2   Code   RO         2533    i.HAL_CAN_RegisterCallback  stm32f4xx_hal_can.o
    0x0800172a   0x0800172a   0x00000002   Code   RO         2536    i.HAL_CAN_RxFifo0FullCallback  stm32f4xx_hal_can.o
    0x0800172c   0x0800172c   0x00000002   Code   RO         2537    i.HAL_CAN_RxFifo0MsgPendingCallback  stm32f4xx_hal_can.o
    0x0800172e   0x0800172e   0x00000002   Code   RO         2538    i.HAL_CAN_RxFifo1FullCallback  stm32f4xx_hal_can.o
    0x08001730   0x08001730   0x00000002   Code   RO         2539    i.HAL_CAN_RxFifo1MsgPendingCallback  stm32f4xx_hal_can.o
    0x08001732   0x08001732   0x00000002   Code   RO         2540    i.HAL_CAN_SleepCallback  stm32f4xx_hal_can.o
    0x08001734   0x08001734   0x0000005e   Code   RO         2541    i.HAL_CAN_Start     stm32f4xx_hal_can.o
    0x08001792   0x08001792   0x00000002   Code   RO         2543    i.HAL_CAN_TxMailbox0AbortCallback  stm32f4xx_hal_can.o
    0x08001794   0x08001794   0x00000002   Code   RO         2544    i.HAL_CAN_TxMailbox0CompleteCallback  stm32f4xx_hal_can.o
    0x08001796   0x08001796   0x00000002   Code   RO         2545    i.HAL_CAN_TxMailbox1AbortCallback  stm32f4xx_hal_can.o
    0x08001798   0x08001798   0x00000002   Code   RO         2546    i.HAL_CAN_TxMailbox1CompleteCallback  stm32f4xx_hal_can.o
    0x0800179a   0x0800179a   0x00000002   Code   RO         2547    i.HAL_CAN_TxMailbox2AbortCallback  stm32f4xx_hal_can.o
    0x0800179c   0x0800179c   0x00000002   Code   RO         2548    i.HAL_CAN_TxMailbox2CompleteCallback  stm32f4xx_hal_can.o
    0x0800179e   0x0800179e   0x00000002   Code   RO         2551    i.HAL_CAN_WakeUpFromRxMsgCallback  stm32f4xx_hal_can.o
    0x080017a0   0x080017a0   0x000000ac   Code   RO         3267    i.HAL_DMA_Abort     stm32f4xx_hal_dma.o
    0x0800184c   0x0800184c   0x00000028   Code   RO         3268    i.HAL_DMA_Abort_IT  stm32f4xx_hal_dma.o
    0x08001874   0x08001874   0x00000070   Code   RO         3269    i.HAL_DMA_DeInit    stm32f4xx_hal_dma.o
    0x080018e4   0x080018e4   0x00000240   Code   RO         3272    i.HAL_DMA_IRQHandler  stm32f4xx_hal_dma.o
    0x08001b24   0x08001b24   0x000000ec   Code   RO         3273    i.HAL_DMA_Init      stm32f4xx_hal_dma.o
    0x08001c10   0x08001c10   0x00000092   Code   RO         3277    i.HAL_DMA_Start_IT  stm32f4xx_hal_dma.o
    0x08001ca2   0x08001ca2   0x00000002   PAD
    0x08001ca4   0x08001ca4   0x00000168   Code   RO         3157    i.HAL_GPIO_DeInit   stm32f4xx_hal_gpio.o
    0x08001e0c   0x08001e0c   0x000001f4   Code   RO         3160    i.HAL_GPIO_Init     stm32f4xx_hal_gpio.o
    0x08002000   0x08002000   0x0000000c   Code   RO         3164    i.HAL_GPIO_WritePin  stm32f4xx_hal_gpio.o
    0x0800200c   0x0800200c   0x0000000c   Code   RO         3715    i.HAL_GetTick       stm32f4xx_hal.o
    0x08002018   0x08002018   0x00000018   Code   RO         3721    i.HAL_IncTick       stm32f4xx_hal.o
    0x08002030   0x08002030   0x0000003c   Code   RO         3722    i.HAL_Init          stm32f4xx_hal.o
    0x0800206c   0x0800206c   0x0000004c   Code   RO         3723    i.HAL_InitTick      stm32f4xx_hal.o
    0x080020b8   0x080020b8   0x00000058   Code   RO          797    i.HAL_MspInit       stm32f4xx_hal_msp.o
    0x08002110   0x08002110   0x0000002c   Code   RO         3551    i.HAL_NVIC_DisableIRQ  stm32f4xx_hal_cortex.o
    0x0800213c   0x0800213c   0x00000028   Code   RO         3552    i.HAL_NVIC_EnableIRQ  stm32f4xx_hal_cortex.o
    0x08002164   0x08002164   0x0000007c   Code   RO         3558    i.HAL_NVIC_SetPriority  stm32f4xx_hal_cortex.o
    0x080021e0   0x080021e0   0x00000028   Code   RO         3559    i.HAL_NVIC_SetPriorityGrouping  stm32f4xx_hal_cortex.o
    0x08002208   0x08002208   0x00000184   Code   RO         2761    i.HAL_RCC_ClockConfig  stm32f4xx_hal_rcc.o
    0x0800238c   0x0800238c   0x0000000c   Code   RO         2766    i.HAL_RCC_GetHCLKFreq  stm32f4xx_hal_rcc.o
    0x08002398   0x08002398   0x00000020   Code   RO         2768    i.HAL_RCC_GetPCLK1Freq  stm32f4xx_hal_rcc.o
    0x080023b8   0x080023b8   0x00000020   Code   RO         2769    i.HAL_RCC_GetPCLK2Freq  stm32f4xx_hal_rcc.o
    0x080023d8   0x080023d8   0x000000b0   Code   RO         2770    i.HAL_RCC_GetSysClockFreq  stm32f4xx_hal_rcc.o
    0x08002488   0x08002488   0x0000049c   Code   RO         2773    i.HAL_RCC_OscConfig  stm32f4xx_hal_rcc.o
    0x08002924   0x08002924   0x00000002   Code   RO         3961    i.HAL_SPI_AbortCpltCallback  stm32f4xx_hal_spi.o
    0x08002926   0x08002926   0x00000002   Code   RO         3967    i.HAL_SPI_ErrorCallback  stm32f4xx_hal_spi.o
    0x08002928   0x08002928   0x0000015c   Code   RO         3970    i.HAL_SPI_IRQHandler  stm32f4xx_hal_spi.o
    0x08002a84   0x08002a84   0x00000114   Code   RO         3971    i.HAL_SPI_Init      stm32f4xx_hal_spi.o
    0x08002b98   0x08002b98   0x0000015c   Code   RO          506    i.HAL_SPI_MspInit   spi.o
    0x08002cf4   0x08002cf4   0x00000002   Code   RO         3978    i.HAL_SPI_RxCpltCallback  stm32f4xx_hal_spi.o
    0x08002cf6   0x08002cf6   0x00000002   Code   RO         3979    i.HAL_SPI_RxHalfCpltCallback  stm32f4xx_hal_spi.o
    0x08002cf8   0x08002cf8   0x00000002   Code   RO         3986    i.HAL_SPI_TxCpltCallback  stm32f4xx_hal_spi.o
    0x08002cfa   0x08002cfa   0x00000002   Code   RO         3987    i.HAL_SPI_TxHalfCpltCallback  stm32f4xx_hal_spi.o
    0x08002cfc   0x08002cfc   0x00000002   Code   RO         3988    i.HAL_SPI_TxRxCpltCallback  stm32f4xx_hal_spi.o
    0x08002cfe   0x08002cfe   0x00000002   Code   RO         3989    i.HAL_SPI_TxRxHalfCpltCallback  stm32f4xx_hal_spi.o
    0x08002d00   0x08002d00   0x00000034   Code   RO         3563    i.HAL_SYSTICK_Config  stm32f4xx_hal_cortex.o
    0x08002d34   0x08002d34   0x00000002   Code   RO         5029    i.HAL_TIMEx_BreakCallback  stm32f4xx_hal_tim_ex.o
    0x08002d36   0x08002d36   0x00000002   Code   RO         5030    i.HAL_TIMEx_CommutCallback  stm32f4xx_hal_tim_ex.o
    0x08002d38   0x08002d38   0x00000002   Code   RO         5031    i.HAL_TIMEx_CommutHalfCpltCallback  stm32f4xx_hal_tim_ex.o
    0x08002d3a   0x08002d3a   0x00000002   PAD
    0x08002d3c   0x08002d3c   0x000000b4   Code   RO         5048    i.HAL_TIMEx_MasterConfigSynchronization  stm32f4xx_hal_tim_ex.o
    0x08002df0   0x08002df0   0x00000078   Code   RO         4296    i.HAL_TIM_Base_Init  stm32f4xx_hal_tim.o
    0x08002e68   0x08002e68   0x00000084   Code   RO          548    i.HAL_TIM_Base_MspInit  tim.o
    0x08002eec   0x08002eec   0x000000a8   Code   RO         4301    i.HAL_TIM_Base_Start_IT  stm32f4xx_hal_tim.o
    0x08002f94   0x08002f94   0x0000010c   Code   RO         4305    i.HAL_TIM_ConfigClockSource  stm32f4xx_hal_tim.o
    0x080030a0   0x080030a0   0x00000002   Code   RO         4326    i.HAL_TIM_ErrorCallback  stm32f4xx_hal_tim.o
    0x080030a2   0x080030a2   0x00000002   Code   RO         4330    i.HAL_TIM_IC_CaptureCallback  stm32f4xx_hal_tim.o
    0x080030a4   0x080030a4   0x00000002   Code   RO         4331    i.HAL_TIM_IC_CaptureHalfCpltCallback  stm32f4xx_hal_tim.o
    0x080030a6   0x080030a6   0x0000018c   Code   RO         4344    i.HAL_TIM_IRQHandler  stm32f4xx_hal_tim.o
    0x08003232   0x08003232   0x00000002   PAD
    0x08003234   0x08003234   0x00000060   Code   RO          549    i.HAL_TIM_MspPostInit  tim.o
    0x08003294   0x08003294   0x00000002   Code   RO         4347    i.HAL_TIM_OC_DelayElapsedCallback  stm32f4xx_hal_tim.o
    0x08003296   0x08003296   0x00000104   Code   RO         4368    i.HAL_TIM_PWM_ConfigChannel  stm32f4xx_hal_tim.o
    0x0800339a   0x0800339a   0x00000002   PAD
    0x0800339c   0x0800339c   0x00000078   Code   RO         4371    i.HAL_TIM_PWM_Init  stm32f4xx_hal_tim.o
    0x08003414   0x08003414   0x00000002   Code   RO         4373    i.HAL_TIM_PWM_MspInit  stm32f4xx_hal_tim.o
    0x08003416   0x08003416   0x00000002   Code   RO         4374    i.HAL_TIM_PWM_PulseFinishedCallback  stm32f4xx_hal_tim.o
    0x08003418   0x08003418   0x00000002   Code   RO         4375    i.HAL_TIM_PWM_PulseFinishedHalfCpltCallback  stm32f4xx_hal_tim.o
    0x0800341a   0x0800341a   0x00000002   Code   RO         4382    i.HAL_TIM_PeriodElapsedCallback  stm32f4xx_hal_tim.o
    0x0800341c   0x0800341c   0x00000002   Code   RO         4383    i.HAL_TIM_PeriodElapsedHalfCpltCallback  stm32f4xx_hal_tim.o
    0x0800341e   0x0800341e   0x00000124   Code   RO         4385    i.HAL_TIM_RegisterCallback  stm32f4xx_hal_tim.o
    0x08003542   0x08003542   0x00000002   Code   RO         4388    i.HAL_TIM_TriggerCallback  stm32f4xx_hal_tim.o
    0x08003544   0x08003544   0x00000002   Code   RO         4389    i.HAL_TIM_TriggerHalfCpltCallback  stm32f4xx_hal_tim.o
    0x08003546   0x08003546   0x00000070   Code   RO         5306    i.HAL_UARTEx_ReceiveToIdle_DMA  stm32f4xx_hal_uart.o
    0x080035b6   0x080035b6   0x00000002   Code   RO         5308    i.HAL_UARTEx_RxEventCallback  stm32f4xx_hal_uart.o
    0x080035b8   0x080035b8   0x00000002   Code   RO         5310    i.HAL_UART_AbortCpltCallback  stm32f4xx_hal_uart.o
    0x080035ba   0x080035ba   0x00000002   Code   RO         5312    i.HAL_UART_AbortReceiveCpltCallback  stm32f4xx_hal_uart.o
    0x080035bc   0x080035bc   0x00000002   Code   RO         5315    i.HAL_UART_AbortTransmitCpltCallback  stm32f4xx_hal_uart.o
    0x080035be   0x080035be   0x00000002   PAD
    0x080035c0   0x080035c0   0x00000038   Code   RO         1912    i.HAL_UART_ErrorCallback  ifr_usart.o
    0x080035f8   0x080035f8   0x00000014   Code   RO         5324    i.HAL_UART_GetState  stm32f4xx_hal_uart.o
    0x0800360c   0x0800360c   0x00000308   Code   RO         5325    i.HAL_UART_IRQHandler  stm32f4xx_hal_uart.o
    0x08003914   0x08003914   0x00000088   Code   RO         5326    i.HAL_UART_Init     stm32f4xx_hal_uart.o
    0x0800399c   0x0800399c   0x00000050   Code   RO          601    i.HAL_UART_MspDeInit  usart.o
    0x080039ec   0x080039ec   0x00000160   Code   RO          602    i.HAL_UART_MspInit  usart.o
    0x08003b4c   0x08003b4c   0x0000009c   Code   RO         5332    i.HAL_UART_RegisterCallback  stm32f4xx_hal_uart.o
    0x08003be8   0x08003be8   0x0000004c   Code   RO         5333    i.HAL_UART_RegisterRxEventCallback  stm32f4xx_hal_uart.o
    0x08003c34   0x08003c34   0x00000002   Code   RO         5334    i.HAL_UART_RxCpltCallback  stm32f4xx_hal_uart.o
    0x08003c36   0x08003c36   0x00000002   Code   RO         5335    i.HAL_UART_RxHalfCpltCallback  stm32f4xx_hal_uart.o
    0x08003c38   0x08003c38   0x0000009c   Code   RO         5337    i.HAL_UART_Transmit_DMA  stm32f4xx_hal_uart.o
    0x08003cd4   0x08003cd4   0x00000002   Code   RO         5339    i.HAL_UART_TxCpltCallback  stm32f4xx_hal_uart.o
    0x08003cd6   0x08003cd6   0x00000002   Code   RO         5340    i.HAL_UART_TxHalfCpltCallback  stm32f4xx_hal_uart.o
    0x08003cd8   0x08003cd8   0x00000004   Code   RO          653    i.HardFault_Handler  stm32f4xx_it.o
    0x08003cdc   0x08003cdc   0x00000048   Code   RO          431    i.MX_CAN1_Init      can.o
    0x08003d24   0x08003d24   0x00000048   Code   RO          432    i.MX_CAN2_Init      can.o
    0x08003d6c   0x08003d6c   0x00000068   Code   RO          478    i.MX_DMA_Init       dma.o
    0x08003dd4   0x08003dd4   0x00000164   Code   RO          299    i.MX_GPIO_Init      gpio.o
    0x08003f38   0x08003f38   0x00000048   Code   RO          507    i.MX_SPI1_Init      spi.o
    0x08003f80   0x08003f80   0x0000006c   Code   RO          550    i.MX_TIM10_Init     tim.o
    0x08003fec   0x08003fec   0x0000006c   Code   RO          551    i.MX_TIM2_Init      tim.o
    0x08004058   0x08004058   0x00000038   Code   RO          603    i.MX_USART1_UART_Init  usart.o
    0x08004090   0x08004090   0x00000004   Code   RO          654    i.MemManage_Handler  stm32f4xx_it.o
    0x08004094   0x08004094   0x00000004   Code   RO          655    i.NMI_Handler       stm32f4xx_it.o
    0x08004098   0x08004098   0x00000002   Code   RO          656    i.PendSV_Handler    stm32f4xx_it.o
    0x0800409a   0x0800409a   0x00000002   Code   RO          657    i.RCC_IRQHandler    stm32f4xx_it.o
    0x0800409c   0x0800409c   0x00000010   Code   RO          658    i.SPI1_IRQHandler   stm32f4xx_it.o
    0x080040ac   0x080040ac   0x00000014   Code   RO         4000    i.SPI_DMAAbortOnError  stm32f4xx_hal_spi.o
    0x080040c0   0x080040c0   0x00000002   Code   RO          659    i.SVC_Handler       stm32f4xx_it.o
    0x080040c2   0x080040c2   0x00000008   Code   RO          660    i.SysTick_Handler   stm32f4xx_it.o
    0x080040ca   0x080040ca   0x00000002   PAD
    0x080040cc   0x080040cc   0x00000014   Code   RO          822    i.SystemInit        system_stm32f4xx.o
    0x080040e0   0x080040e0   0x00000010   Code   RO          661    i.TIM1_UP_TIM10_IRQHandler  stm32f4xx_it.o
    0x080040f0   0x080040f0   0x00000010   Code   RO          662    i.TIM2_IRQHandler   stm32f4xx_it.o
    0x08004100   0x08004100   0x000000e0   Code   RO         4391    i.TIM_Base_SetConfig  stm32f4xx_hal_tim.o
    0x080041e0   0x080041e0   0x00000016   Code   RO         4402    i.TIM_ETR_SetConfig  stm32f4xx_hal_tim.o
    0x080041f6   0x080041f6   0x00000012   Code   RO         4403    i.TIM_ITRx_SetConfig  stm32f4xx_hal_tim.o
    0x08004208   0x08004208   0x00000070   Code   RO         4404    i.TIM_OC1_SetConfig  stm32f4xx_hal_tim.o
    0x08004278   0x08004278   0x0000007c   Code   RO         4405    i.TIM_OC2_SetConfig  stm32f4xx_hal_tim.o
    0x080042f4   0x080042f4   0x00000078   Code   RO         4406    i.TIM_OC3_SetConfig  stm32f4xx_hal_tim.o
    0x0800436c   0x0800436c   0x00000054   Code   RO         4407    i.TIM_OC4_SetConfig  stm32f4xx_hal_tim.o
    0x080043c0   0x080043c0   0x00000070   Code   RO         4408    i.TIM_ResetCallback  stm32f4xx_hal_tim.o
    0x08004430   0x08004430   0x00000026   Code   RO         4410    i.TIM_TI1_ConfigInputStage  stm32f4xx_hal_tim.o
    0x08004456   0x08004456   0x00000028   Code   RO         4412    i.TIM_TI2_ConfigInputStage  stm32f4xx_hal_tim.o
    0x0800447e   0x0800447e   0x00000012   Code   RO         5343    i.UART_DMAAbortOnError  stm32f4xx_hal_uart.o
    0x08004490   0x08004490   0x00000050   Code   RO         5344    i.UART_DMAError     stm32f4xx_hal_uart.o
    0x080044e0   0x080044e0   0x000000b4   Code   RO         5345    i.UART_DMAReceiveCplt  stm32f4xx_hal_uart.o
    0x08004594   0x08004594   0x00000024   Code   RO         5347    i.UART_DMARxHalfCplt  stm32f4xx_hal_uart.o
    0x080045b8   0x080045b8   0x00000058   Code   RO         5349    i.UART_DMATransmitCplt  stm32f4xx_hal_uart.o
    0x08004610   0x08004610   0x0000000e   Code   RO         5351    i.UART_DMATxHalfCplt  stm32f4xx_hal_uart.o
    0x0800461e   0x0800461e   0x0000006c   Code   RO         5353    i.UART_EndRxTransfer  stm32f4xx_hal_uart.o
    0x0800468a   0x0800468a   0x00000020   Code   RO         5354    i.UART_EndTransmit_IT  stm32f4xx_hal_uart.o
    0x080046aa   0x080046aa   0x00000026   Code   RO         5355    i.UART_EndTxTransfer  stm32f4xx_hal_uart.o
    0x080046d0   0x080046d0   0x0000004c   Code   RO         5356    i.UART_InitCallbacksToDefault  stm32f4xx_hal_uart.o
    0x0800471c   0x0800471c   0x000000fc   Code   RO         5357    i.UART_Receive_IT   stm32f4xx_hal_uart.o
    0x08004818   0x08004818   0x0000022c   Code   RO         5358    i.UART_SetConfig    stm32f4xx_hal_uart.o
    0x08004a44   0x08004a44   0x000000d8   Code   RO         5359    i.UART_Start_Receive_DMA  stm32f4xx_hal_uart.o
    0x08004b1c   0x08004b1c   0x00000060   Code   RO         5361    i.UART_Transmit_IT  stm32f4xx_hal_uart.o
    0x08004b7c   0x08004b7c   0x00000010   Code   RO          663    i.USART1_IRQHandler  stm32f4xx_it.o
    0x08004b8c   0x08004b8c   0x00000004   Code   RO          664    i.UsageFault_Handler  stm32f4xx_it.o
    0x08004b90   0x08004b90   0x00000098   Code   RO         2052    i._Z12Chassis_Initv  chassis_output.o
    0x08004c28   0x08004c28   0x00000020   Code   RO         1606    i._Z13Byte_to_floatPKh  ifr_robstride.o
    0x08004c48   0x08004c48   0x00000118   Code   RO         2053    i._Z13TIM2_Callbackv  chassis_output.o
    0x08004d60   0x08004d60   0x00000028   Code   RO          858    i._Z14IFR_Can_ID_GetP19__CAN_HandleTypeDef  ifr_can.o
    0x08004d88   0x08004d88   0x000000e4   Code   RO         1857    i._Z14IFR_TIM_ID_GETP19__TIM_HandleTypeDef  ifr_tim.o
    0x08004e6c   0x08004e6c   0x00000068   Code   RO         1913    i._Z15IFR_Uart_ID_GetP20__UART_HandleTypeDef  ifr_usart.o
    0x08004ed4   0x08004ed4   0x00000030   Code   RO         1608    i._Z15uint16_to_floattffi  ifr_robstride.o
    0x08004f04   0x08004f04   0x000000b0   Code   RO           14    i._Z18SystemClock_Configv  main.o
    0x08004fb4   0x08004fb4   0x00000024   Code   RO         2156    i._Z19Upper_Computer_InitPf  vofa_justfloat_transmit.o
    0x08004fd8   0x08004fd8   0x00000028   Code   RO         1914    i._Z20IFR_UART_Rx_CallbackP20__UART_HandleTypeDeft  ifr_usart.o
    0x08005000   0x08005000   0x00000024   Code   RO         1915    i._Z20IFR_UART_Tx_CallbackP20__UART_HandleTypeDef  ifr_usart.o
    0x08005024   0x08005024   0x000000a4   Code   RO         2158    i._Z24Upper_Computer_Show_Wavev  vofa_justfloat_transmit.o
    0x080050c8   0x080050c8   0x0000002c   Code   RO          859    i._Z25IFR_CAN_Recevice_CallbackP19__CAN_HandleTypeDef  ifr_can.o
    0x080050f4   0x080050f4   0x0000002c   Code   RO          860    i._Z25IFR_CAN_Transmit_CallbackP19__CAN_HandleTypeDef  ifr_can.o
    0x08005120   0x08005120   0x00000020   Code   RO         1858    i._Z25IFR_TIM_Overflow_CallbackP19__TIM_HandleTypeDef  ifr_tim.o
    0x08005140   0x08005140   0x0000019c   Code   RO         2054    i._Z6UpdateP18Single_Leg_Typedef  chassis_output.o
    0x080052dc   0x080052dc   0x00000028   Code   RO         2159    i._Z9VOFA_InitP20__UART_HandleTypeDef  vofa_justfloat_transmit.o
    0x08005304   0x08005304   0x0000004e   Code   RO         2002    i._ZN10RingBuffer9get_bytesEPhh  ifr_usart.o
    0x08005352   0x08005352   0x0000004c   Code   RO         2008    i._ZN10RingBuffer9put_bytesEPKhh  ifr_usart.o
    0x0800539e   0x0800539e   0x000000ba   Code   RO          936    i._ZN11CanMsgQueue7enqueueERK6CanMsg  ifr_can.o
    0x08005458   0x08005458   0x00000010   Code   RO         2105    i._ZN11CanMsgQueueC1Ev  chassis_output.o
    0x08005468   0x08005468   0x00000204   Code   RO         1609    i._ZN12IFR_RS_Motor10Motor_InitEh13RS_Motor_typeP11CanMsgQueue  ifr_robstride.o
    0x0800566c   0x0800566c   0x00000318   Code   RO         1613    i._ZN12IFR_RS_Motor13parse_can_msgERK6CanMsg  ifr_robstride.o
    0x08005984   0x08005984   0x0000002e   Code   RO         1614    i._ZN12IFR_RS_Motor16generate_can_msgER6CanMsg  ifr_robstride.o
    0x080059b2   0x080059b2   0x00000028   Code   RO         1619    i._ZN12IFR_RS_Motor6EnableEv  ifr_robstride.o
    0x080059da   0x080059da   0x00000002   PAD
    0x080059dc   0x080059dc   0x00000030   Code   RO         1622    i._ZN12IFR_RS_MotorC1Eh13RS_Motor_typeP11CanMsgQueue  ifr_robstride.o
    0x08005a0c   0x08005a0c   0x00000004   Code   RO         1777    i._ZN12IFR_RS_MotorD1Ev  ifr_robstride.o
    0x08005a10   0x08005a10   0x0000002a   Code   RO         1771    i._ZN14RS_Motor_Prame3setEffffffffff  ifr_robstride.o
    0x08005a3a   0x08005a3a   0x00000002   PAD
    0x08005a3c   0x08005a3c   0x0000000c   Code   RO         1143    i._ZN15IFR_Basic_MotorC2Ev  ifr_dmmotor.o
    0x08005a48   0x08005a48   0x000000ba   Code   RO          861    i._ZN16IFR_CAN_ClassDef12CAN_ReceviceEv  ifr_can.o
    0x08005b02   0x08005b02   0x00000048   Code   RO          863    i._ZN16IFR_CAN_ClassDef13RegisterMotorEP15IFR_Basic_Motor  ifr_can.o
    0x08005b4a   0x08005b4a   0x000000cc   Code   RO          864    i._ZN16IFR_CAN_ClassDef14SendQueuedMsgsEv  ifr_can.o
    0x08005c16   0x08005c16   0x00000002   PAD
    0x08005c18   0x08005c18   0x00000050   Code   RO          865    i._ZN16IFR_CAN_ClassDef16_ConfigCANFilterEv  ifr_can.o
    0x08005c68   0x08005c68   0x0000007c   Code   RO          867    i._ZN16IFR_CAN_ClassDef8CAN_InitEP19__CAN_HandleTypeDefP11CanMsgQueue  ifr_can.o
    0x08005ce4   0x08005ce4   0x00000022   Code   RO         2099    i._ZN16IFR_CAN_ClassDefC1Ev  chassis_output.o
    0x08005d06   0x08005d06   0x00000002   Code   RO         2111    i._ZN16IFR_CAN_ClassDefD1Ev  chassis_output.o
    0x08005d08   0x08005d08   0x00000030   Code   RO         1860    i._ZN16IFR_TIM_ClassDef11TIM_ITStartEP19__TIM_HandleTypeDefPFvvE  ifr_tim.o
    0x08005d38   0x08005d38   0x0000000e   Code   RO         1861    i._ZN16IFR_TIM_ClassDef17TaskFunction_CallEv  ifr_tim.o
    0x08005d46   0x08005d46   0x0000004c   Code   RO         1916    i._ZN18IFR_USART_ClassDef10Rx_ProcessEt  ifr_usart.o
    0x08005d92   0x08005d92   0x0000001c   Code   RO         1918    i._ZN18IFR_USART_ClassDef12TransmitDataEPhh  ifr_usart.o
    0x08005dae   0x08005dae   0x00000026   Code   RO         1920    i._ZN18IFR_USART_ClassDef17Start_DMA_ReceiveEv  ifr_usart.o
    0x08005dd4   0x08005dd4   0x000000b8   Code   RO         1921    i._ZN18IFR_USART_ClassDef17Transmit_Tx_QueueEv  ifr_usart.o
    0x08005e8c   0x08005e8c   0x00000048   Code   RO         1922    i._ZN18IFR_USART_ClassDef4InitEP20__UART_HandleTypeDefPFvPhhE  ifr_usart.o
    0x08005ed4   0x08005ed4   0x0000004c   Code   RO         1923    i._ZN18IFR_USART_ClassDef7RestartEv  ifr_usart.o
    0x08005f20   0x08005f20   0x0000002a   Code   RO         2223    i._ZN18Single_Leg_Typedef9L_ControlEv  chassis_controller.o
    0x08005f4a   0x08005f4a   0x00000002   PAD
    0x08005f4c   0x08005f4c   0x0000004c   Code   RO         2248    i._ZN18Single_Leg_TypedefC1Eh  chassis_controller.o
    0x08005f98   0x08005f98   0x00000002   Code   RO         2055    i._ZN20Chassis_Motor_outputC1Ev  chassis_output.o
    0x08005f9a   0x08005f9a   0x00000002   PAD
    0x08005f9c   0x08005f9c   0x00000274   Code   RO         1477    i._ZN7IFR_PID14Positional_PIDEff  ifr_pid.o
    0x08006210   0x08006210   0x00000026   Code   RO         1479    i._ZN7IFR_PID8PID_InitEfffffffff  ifr_pid.o
    0x08006236   0x08006236   0x00000002   PAD
    0x08006238   0x08006238   0x00000098   Code   RO         2447    i._ZN8LQR_CAL_12State_UpdateE5Angle5Speed10Wheel_Info9Body_Info10VMC_result  lqr_cal.o
    0x080062d0   0x080062d0   0x0000004c   Code   RO         2448    i._ZN8LQR_CAL_13Kmat_SimplifyE10VMC_result  lqr_cal.o
    0x0800631c   0x0800631c   0x000000ae   Code   RO         2449    i._ZN8LQR_CAL_13LQR_Total_CalEv  lqr_cal.o
    0x080063ca   0x080063ca   0x00000002   PAD
    0x080063cc   0x080063cc   0x000001f8   Code   RO         2450    i._ZN8LQR_CAL_13d_phi0_UpdateEP5Speed5Angle  lqr_cal.o
    0x080065c4   0x080065c4   0x00000016   Code   RO         2451    i._ZN8LQR_CAL_14LQR_Output_CalEv  lqr_cal.o
    0x080065da   0x080065da   0x0000001c   Code   RO         2497    i._ZN8LQR_CAL_C1EP18Single_Leg_Typedef  lqr_cal.o
    0x080065f6   0x080065f6   0x0000004c   Code   RO         2263    i._ZN8VMC_CAL_10Torque_CalEP18Tip_output_requireP6Output  vmc_cal.o
    0x08006642   0x08006642   0x00000002   PAD
    0x08006644   0x08006644   0x00000338   Code   RO         2264    i._ZN8VMC_CAL_11Jmat_UpdateEP5AngleP10VMC_result  vmc_cal.o
    0x0800697c   0x0800697c   0x0000001c   Code   RO         2266    i._ZN8VMC_CAL_C1EP18Single_Leg_Typedef  vmc_cal.o
    0x08006998   0x08006998   0x00000012   Code   RO          948    i._ZNK11CanMsgQueue7is_fullEv  ifr_can.o
    0x080069aa   0x080069aa   0x00000010   Code   RO          942    i._ZNK11CanMsgQueue8is_emptyEv  ifr_can.o
    0x080069ba   0x080069ba   0x00000010   Code   RO         2014    i._ZNK12GenericQueue8is_emptyEv  ifr_usart.o
    0x080069ca   0x080069ca   0x00000018   Code   RO         2306    i._ZSt4sqrtf        vmc_cal.o
    0x080069e2   0x080069e2   0x00000026   Code   RO         6219    i.__ARM_fpclassifyf  m_wm.l(fpclassifyf.o)
    0x08006a08   0x08006a08   0x00000010   Code   RO         3565    i.__NVIC_GetPriorityGrouping  stm32f4xx_hal_cortex.o
    0x08006a18   0x08006a18   0x00000028   Code   RO         3566    i.__NVIC_SetPriority  stm32f4xx_hal_cortex.o
    0x08006a40   0x08006a40   0x00000010   Code   RO         5943    i.__cxa_guard_acquire  cpprt_w.l(cxa_guard_acquire.o)
    0x08006a50   0x08006a50   0x00000006   Code   RO         5940    i.__cxa_pure_virtual  cpprt_w.l(pure_virt.o)
    0x08006a56   0x08006a56   0x00000002   PAD
    0x08006a58   0x08006a58   0x00000190   Code   RO         6055    i.__hardfp_sinf     m_wm.l(sinf.o)
    0x08006be8   0x08006be8   0x0000003a   Code   RO         6067    i.__hardfp_sqrtf    m_wm.l(sqrtf.o)
    0x08006c22   0x08006c22   0x00000006   Code   RO         6222    i.__mathlib_flt_infnan  m_wm.l(funder.o)
    0x08006c28   0x08006c28   0x00000010   Code   RO         6224    i.__mathlib_flt_invalid  m_wm.l(funder.o)
    0x08006c38   0x08006c38   0x00000010   Code   RO         6227    i.__mathlib_flt_underflow  m_wm.l(funder.o)
    0x08006c48   0x08006c48   0x00000154   Code   RO         6235    i.__mathlib_rredf2  m_wm.l(rredf.o)
    0x08006d9c   0x08006d9c   0x00000024   Code   RO         2452    i.__sti___11_LQR_Cal_cpp_Left_LQR  lqr_cal.o
    0x08006dc0   0x08006dc0   0x00000024   Code   RO         2267    i.__sti___11_VMC_Cal_cpp_Left_VMC  vmc_cal.o
    0x08006de4   0x08006de4   0x000000c0   Code   RO         2056    i.__sti___18_Chassis_output_cpp_Chassis  chassis_output.o
    0x08006ea4   0x08006ea4   0x0000001c   Code   RO         2224    i.__sti___22_Chassis_Controller_cpp_Left_Leg  chassis_controller.o
    0x08006ec0   0x08006ec0   0x00000044   Code   RO         2160    i.__sti___27_VOFA_Justfloat_Transmit_cpp_usart1  vofa_justfloat_transmit.o
    0x08006f04   0x08006f04   0x00000300   Code   RO         5699    i.arm_atan2_f32     arm_atan2_f32.o
    0x08007204   0x08007204   0x00000030   Code   RO           15    i.main              main.o
    0x08007234   0x08007234   0x0000000a   Code   RO         6329    x$fpl$fpinit        fz_wm.l(fpinit.o)
    0x0800723e   0x0800723e   0x00000000   Code   RO         6218    x$fpl$usenofp       fz_wm.l(usenofp.o)
    0x0800723e   0x0800723e   0x00000018   Data   RO          823    .constdata          system_stm32f4xx.o
    0x08007256   0x08007256   0x00000030   Data   RO         1652    .constdata          ifr_robstride.o
    0x08007286   0x08007286   0x00000008   Data   RO         3279    .constdata          stm32f4xx_hal_dma.o
    0x0800728e   0x0800728e   0x00000002   PAD
    0x08007290   0x08007290   0x00000028   Data   RO         5700    .constdata          arm_atan2_f32.o
    0x080072b8   0x080072b8   0x00000020   Data   RO         6236    .constdata          m_wm.l(rredf.o)
    0x080072d8   0x080072d8   0x00000018   Data   RO         1770    .constdata__ZTV12IFR_RS_Motor  ifr_robstride.o
    0x080072f0   0x080072f0   0x00000018   Data   RO         1150    .constdata__ZTV15IFR_Basic_Motor  ifr_dmmotor.o
    0x08007308   0x08007308   0x00000804   Data   RO         5904    .rodata.sinTable_f32  arm_cortexM4lf_math.lib(arm_common_tables.o)
    0x08007b0c   0x08007b0c   0x00000020   Data   RO         6427    Region$$Table       anon$$obj.o
    0x08007b2c   0x08007b2c   0x00000004   Data   RO         2064    .init_array         chassis_output.o
    0x08007b30   0x08007b2c   0x00000004   Data   RO         2168    .init_array         vofa_justfloat_transmit.o
    0x08007b34   0x08007b2c   0x00000004   Data   RO         2228    .init_array         chassis_controller.o
    0x08007b38   0x08007b2c   0x00000004   Data   RO         2274    .init_array         vmc_cal.o
    0x08007b3c   0x08007b2c   0x00000004   Data   RO         2461    .init_array         lqr_cal.o
    0x08007b40   0x08007b2c   0x00000000   Data   RO         5932    .init_array         c_w.l(init_aeabi.o)


    Execution Region RW_IRAM1 (Exec base: 0x20000000, Load base: 0x08007b40, Size: 0x00001988, Max: 0x0001c000, ABSOLUTE)

    Exec Addr    Load Addr    Size         Type   Attr      Idx    E Section Name        Object

    0x20000000   0x08007b40   0x00000004   Data   RW          434    .data               can.o
    0x20000004   0x08007b44   0x00000004   Data   RW          824    .data               system_stm32f4xx.o
    0x20000008   0x08007b48   0x00000030   Data   RW         2063    .data               chassis_output.o
    0x20000038   0x08007b78   0x00000005   Data   RW         2167    .data               vofa_justfloat_transmit.o
    0x2000003d   0x08007b7d   0x00000003   PAD
    0x20000040   0x08007b80   0x00000030   Data   RW         2460    .data               lqr_cal.o
    0x20000070   0x08007bb0   0x00000009   Data   RW         3729    .data               stm32f4xx_hal.o
    0x20000079   0x08007bb9   0x00000003   PAD
    0x2000007c        -       0x000000c8   Zero   RW          433    .bss                can.o
    0x20000144        -       0x00000140   Zero   RW          508    .bss                spi.o
    0x20000284        -       0x00000168   Zero   RW          552    .bss                tim.o
    0x200003ec        -       0x00000138   Zero   RW          604    .bss                usart.o
    0x20000524        -       0x0000000c   Zero   RW          878    .bss                ifr_can.o
    0x20000530        -       0x0000003c   Zero   RW         1867    .bss                ifr_tim.o
    0x2000056c        -       0x00000054   Zero   RW         1936    .bss                ifr_usart.o
    0x200005c0        -       0x000005e8   Zero   RW         2062    .bss                chassis_output.o
    0x20000ba8        -       0x00000338   Zero   RW         2166    .bss                vofa_justfloat_transmit.o
    0x20000ee0        -       0x00000178   Zero   RW         2227    .bss                chassis_controller.o
    0x20001058        -       0x00000078   Zero   RW         2273    .bss                vmc_cal.o
    0x200010d0        -       0x00000258   Zero   RW         2459    .bss                lqr_cal.o
    0x20001328        -       0x00000060   Zero   RW         6239    .bss                c_w.l(libspace.o)
    0x20001388        -       0x00000200   Zero   RW            2    HEAP                startup_stm32f407xx.o
    0x20001588        -       0x00000400   Zero   RW            1    STACK               startup_stm32f407xx.o


    Execution Region RW_IRAM2 (Exec base: 0x2001c000, Load base: 0x08007bbc, Size: 0x00000000, Max: 0x00004000, ABSOLUTE)

    **** No section assigned to this execution region ****


==============================================================================

Image component sizes


      Code (inc. data)   RO Data    RW Data    ZI Data      Debug   Object Name

       768         24         40          0          0       9579   arm_atan2_f32.o
       528         40          0          4        200       2522   can.o
       146         26          4          0        376       3257   chassis_controller.o
      1090        224          4         48       1512      15216   chassis_output.o
       104          4          0          0          0        806   dma.o
       356         22          0          0          0     715563   gpio.o
      1014         38          0          0         12      14754   ifr_can.o
        12          6         24          0          0       3132   ifr_dmmotor.o
       666          4          0          0          0       1836   ifr_pid.o
      1568        136         72          0          0      11762   ifr_robstride.o
       322         68          0          0         60       3570   ifr_tim.o
       880         72          0          0         84      13945   ifr_usart.o
       992         34          4         48        600       5541   lqr_cal.o
       230         10          0          0          0     707317   main.o
       420         38          0          0        320       1967   spi.o
        64         26        392          0       1536        864   startup_stm32f407xx.o
       172         32          0          9          0       8893   stm32f4xx_hal.o
      2540         78          0          0          0      17901   stm32f4xx_hal_can.o
       356         28          0          0          0      35237   stm32f4xx_hal_cortex.o
      1548         16          8          0          0       7987   stm32f4xx_hal_dma.o
       872         86          0          0          0       3074   stm32f4xx_hal_gpio.o
        88          4          0          0          0        882   stm32f4xx_hal_msp.o
      1820         84          0          0          0       5780   stm32f4xx_hal_rcc.o
       660         42          0          0          0       7746   stm32f4xx_hal_spi.o
      2540        216          0          0          0      20730   stm32f4xx_hal_tim.o
       186         30          0          0          0       3220   stm32f4xx_hal_tim_ex.o
      3238         96          0          0          0      22462   stm32f4xx_hal_uart.o
       228         72          0          0          0      10920   stm32f4xx_it.o
        20          6         24          4          0       1167   system_stm32f4xx.o
       444         34          0          0        360       3091   tim.o
       488         58          0          0        312       2565   usart.o
       988         32          4          0        120      10627   vmc_cal.o
       308         44          4          5        824       6515   vofa_justfloat_transmit.o

    ----------------------------------------------------------------------
     25686       1730        614        124       6316    1680428   Object Totals
         0          0         32          0          0          0   (incl. Generated)
        30          0          2          6          0          0   (incl. Padding)

    ----------------------------------------------------------------------

      Code (inc. data)   RO Data    RW Data    ZI Data      Debug   Library Member Name

         0          0       2052          0          0       6294   arm_common_tables.o
       152         12          0          0          0       1104   arm_cos_f32.o
         8          0          0          0          0        841   arm_mat_init_f32.o
       296          4          0          0          0       2300   arm_mat_mult_f32.o
       144         12          0          0          0       1092   arm_sin_f32.o
         8          0          0          0          0         68   __main.o
         0          0          0          0          0          0   __rtentry.o
        12          0          0          0          0          0   __rtentry2.o
         6          0          0          0          0          0   __rtentry4.o
        52          8          0          0          0          0   __scatter.o
        26          0          0          0          0          0   __scatter_copy.o
        28          0          0          0          0          0   __scatter_zi.o
        22          0          0          0          0        100   _rserrno.o
        46          0          0          0          0         84   aeabi_atexit.o
        66          0          0          0          0         84   cxa_finalize.o
        10          0          0          0          0         68   defsig_exit.o
        50          0          0          0          0         88   defsig_general.o
        48         34          0          0          0         76   defsig_pvfn_inner.o
        14          0          0          0          0         80   defsig_pvfn_outer.o
        80         58          0          0          0         76   defsig_rtmem_inner.o
        14          0          0          0          0         80   defsig_rtmem_outer.o
        18          0          0          0          0         80   exit.o
        94          0          0          0          0         80   h1_alloc.o
        52          0          0          0          0         68   h1_extend.o
        78          0          0          0          0         80   h1_free.o
        14          0          0          0          0         84   h1_init.o
         6          0          0          0          0        152   heapauxi.o
         4          0          0          0          0        136   hguard.o
         0          0          0          0          0          0   indicate_semi.o
        36         10          0          0          0         80   init_aeabi.o
       138          0          0          0          0        168   init_alloc.o
         2          0          0          0          0          0   libinit.o
        18          0          0          0          0          0   libinit2.o
         2          0          0          0          0          0   libshutdown.o
         8          0          0          0          0          0   libshutdown2.o
         8          4          0          0         96         68   libspace.o
       238          0          0          0          0        100   lludivv7m.o
         0          0          0          0          0          0   maybetermalloc1.o
         8          4          0          0          0         68   rt_ddtor_pointer_addr_intlibspace.o
         8          4          0          0          0         68   rt_errno_addr_intlibspace.o
         8          4          0          0          0         68   rt_heap_descriptor_intlibspace.o
        78          0          0          0          0         80   rt_memclr_w.o
       138          0          0          0          0         68   rt_memcpy_v6.o
       100          0          0          0          0         80   rt_memcpy_w.o
         2          0          0          0          0          0   rtexit.o
        10          0          0          0          0          0   rtexit2.o
        12          4          0          0          0         68   sys_exit.o
        74          0          0          0          0         80   sys_stackheap_outer.o
        14          0          0          0          0         76   sys_wrch.o
         2          0          0          0          0         68   use_no_semi.o
        16          0          0          0          0         68   cxa_guard_acquire.o
         6          0          0          0          0         68   pure_virt.o
        10          0          0          0          0        116   fpinit.o
         0          0          0          0          0          0   usenofp.o
        38          0          0          0          0        116   fpclassifyf.o
        38         12          0          0          0        348   funder.o
       340         24         32          0          0        160   rredf.o
       400         56          0          0          0        212   sinf.o
        58          0          0          0          0        136   sqrtf.o

    ----------------------------------------------------------------------
      3168        250       2084          0         96      15479   Library Totals
        10          0          0          0          0          0   (incl. Padding)

    ----------------------------------------------------------------------

      Code (inc. data)   RO Data    RW Data    ZI Data      Debug   Library Name

       600         28       2052          0          0      11631   arm_cortexM4lf_math.lib
      1652        130          0          0         96       2624   c_w.l
        22          0          0          0          0        136   cpprt_w.l
        10          0          0          0          0        116   fz_wm.l
       874         92         32          0          0        972   m_wm.l

    ----------------------------------------------------------------------
      3168        250       2084          0         96      15479   Library Totals

    ----------------------------------------------------------------------

==============================================================================


      Code (inc. data)   RO Data    RW Data    ZI Data      Debug   

     28854       1980       2698        124       6412    1671499   Grand Totals
     28854       1980       2698        124       6412    1671499   ELF Image Totals
     28854       1980       2698        124          0          0   ROM Totals

==============================================================================

    Total RO  Size (Code + RO Data)                31552 (  30.81kB)
    Total RW  Size (RW Data + ZI Data)              6536 (   6.38kB)
    Total ROM Size (Code + RO Data + RW Data)      31676 (  30.93kB)

==============================================================================

